07-29 10:58:30.744  2251 32627 I ActivityManager: appDiedLocked: app=ProcessRecord{6224d7e 18497:com.google.android.webview:webview_service/u0a203} thread=android.os.BinderProxy@e93d952 fromBinderDied=true isKilledByAm=true reason=null
07-29 10:58:30.745  2251 32627 D RestartModeController: markWaitRestartAppIsSuicided null processName=com.google.android.webview:webview_service
07-29 10:58:30.746  2251 32627 D ActivityTaskManager: handleAppDied: uid=10203,diedCount=1,lastDiedTime=1649300166,forceStopUids=false
07-29 10:58:30.747  2251  2469 D DisplayManagerService: Drop pending events for gone uid 10203
07-29 10:58:30.767  2251 32444 I ActivityManager: appDiedLocked: app=ProcessRecord{d892a 17051:com.android.vending:background/u0a137} thread=android.os.BinderProxy@896b423 fromBinderDied=true isKilledByAm=true reason=null
07-29 10:58:30.768  2251 32444 D RestartModeController: markWaitRestartAppIsSuicided null processName=com.android.vending:background
07-29 10:58:30.769  2251 32444 D ActivityTaskManager: handleAppDied: uid=10137,diedCount=2,lastDiedTime=1649275361,forceStopUids=false
07-29 10:58:30.802  2251  5622 I ActivityManager: appDiedLocked: app=ProcessRecord{6790bfa 17766:com.google.android.apps.messaging/u0a135} thread=android.os.BinderProxy@91f8d20 fromBinderDied=true isKilledByAm=true reason=null
07-29 10:58:30.806  2251  5622 D RestartModeController: markWaitRestartAppIsSuicided null processName=com.google.android.apps.messaging
07-29 10:58:30.806  2251  5622 D ActivityTaskManager: handleAppDied: uid=10135,diedCount=1,lastDiedTime=1649276040,forceStopUids=false
07-29 10:58:57.157  2251  5622 W AppOps  : Noting op not finished: uid 10295 pkg jp.co.incrementp.milemobile code 1 startTime of in progress event=1753753616983
07-29 10:59:45.403  2251  3204 W ActivityManager: Unable to start service Intent { pkg=in.sweatco.app cmp=in.sweatco.app/o.ActivityResultContractsGetMultipleContents (has extras) } U=0: not found
07-29 10:59:45.409  2251  3204 W ActivityManager: Unable to start service Intent { pkg=in.sweatco.app cmp=in.sweatco.app/o.ActivityResultContractsOpenDocumentTree (has extras) } U=0: not found
07-29 11:00:05.169  2251  5622 I ActivityTaskManager: START u0 {act=android.intent.action.MAIN cat=[android.intent.category.LAUNCHER] flg=0x10200000 cmp=jp.naver.line.android/.activity.SplashActivity bnds=[20,153][280,517]} from uid 10225
07-29 11:00:05.170  2251  5622 D CompatibilityChangeReporter: Compat change id reported: 194480991; UID 10354; state: ENABLED
07-29 11:00:05.171  2251  5622 D ActivityTaskManager: getPreferredLaunchDisplay userset_displayid true user set display id 0, current focus display 0
07-29 11:00:05.171  2251  5622 D ActivityTaskManager: getPreferredLaunchDisplay userset_displayid true user set display id 0, current focus display 0
07-29 11:00:05.182  2251  5622 D ActivityTaskManager: getPreferredLaunchDisplay userset_displayid true user set display id 0, current focus display 0
07-29 11:00:05.182  2251  5622 D ActivityTaskManager: getPreferredLaunchDisplay userset_displayid true user set display id 0, current focus display 0
07-29 11:00:05.185  2251  5622 D ActivityTaskManager: getPreferredLaunchDisplay userset_displayid true user set display id 0, current focus display 0
07-29 11:00:05.185  2251  5622 D ActivityTaskManager: getPreferredLaunchDisplay userset_displayid true user set display id 0, current focus display 0
07-29 11:00:05.186  2251  5622 D CompatibilityChangeReporter: Compat change id reported: 174042980; UID 10354; state: DISABLED
07-29 11:00:05.186  2251  5622 D CompatibilityChangeReporter: Compat change id reported: 184838306; UID 10354; state: DISABLED
07-29 11:00:05.186  2251  5622 D CompatibilityChangeReporter: Compat change id reported: 185004937; UID 10354; state: DISABLED
07-29 11:00:05.188  2251  5622 D CompatibilityChangeReporter: Compat change id reported: 205907456; UID 10354; state: ENABLED
07-29 11:00:05.193  2251  5622 D CompatibilityChangeReporter: Compat change id reported: 194833441; UID 10354; state: ENABLED
07-29 11:00:05.199  2251  2471 D CompatibilityChangeReporter: Compat change id reported: 135634846; UID 10354; state: DISABLED
07-29 11:00:05.199  2251  2471 D CompatibilityChangeReporter: Compat change id reported: 177438394; UID 10354; state: DISABLED
07-29 11:00:05.199  2251  2471 D CompatibilityChangeReporter: Compat change id reported: 135772972; UID 10354; state: DISABLED
07-29 11:00:05.200  2251  2471 D CompatibilityChangeReporter: Compat change id reported: 135754954; UID 10354; state: ENABLED
07-29 11:00:05.200  2251  2483 D CompatibilityChangeReporter: Compat change id reported: 143937733; UID 10354; state: ENABLED
07-29 11:00:05.214  2251  2483 I ActivityManager: Start proc 19490:jp.naver.line.android/u0a354 for next-top-activity {jp.naver.line.android/jp.naver.line.android.activity.SplashActivity}
07-29 11:00:05.223  3844  3907 D ViewRootImpl: update {(0,0)(fillxfill) layoutInDisplayCutoutMode=shortEdges ty=APPLICATION_STARTING fmt=TRANSLUCENT wanim=0x10302f1
07-29 11:00:05.223  3844  3907 D ViewRootImpl:   fl=NOT_FOCUSABLE NOT_TOUCHABLE LAYOUT_IN_SCREEN LAYOUT_INSET_DECOR ALT_FOCUSABLE_IM HARDWARE_ACCELERATED DRAWS_SYSTEM_BAR_BACKGROUNDS
07-29 11:00:05.223  3844  3907 D ViewRootImpl:   pfl=SHOW_FOR_ALL_USERS FIT_INSETS_CONTROLLED
07-29 11:00:05.223  3844  3907 D ViewRootImpl:   bhv=DEFAULT
07-29 11:00:05.223  3844  3907 D ViewRootImpl:   fitSides=} by setView
07-29 11:00:05.227  2251  5622 D CompatibilityChangeReporter: Compat change id reported: 168419799; UID 10354; state: DISABLED
07-29 11:00:05.232  2251  5621 D CoreBackPreview: Window{8f2a85f u0 Splash Screen jp.naver.line.android}: Setting back callback OnBackInvokedCallbackInfo{mCallback=android.window.IOnBackInvokedCallback$Stub$Proxy@2ca4b75, mPriority=0}
07-29 11:00:05.673  2251  4019 D CompatibilityChangeReporter: Compat change id reported: 161145287; UID 10354; state: DISABLED
07-29 11:00:06.003  2251  5621 W PackageConfigPersister: App-specific configuration not found for packageName: jp.naver.line.android and userId: 0
07-29 11:00:06.003  2251  5621 W PackageConfigPersister: App-specific configuration not found for packageName: jp.naver.line.android and userId: 0
07-29 11:00:06.024  2251  2251 D CompatibilityChangeReporter: Compat change id reported: 135634846; UID 10135; state: DISABLED
07-29 11:00:06.024  2251  2251 D CompatibilityChangeReporter: Compat change id reported: 177438394; UID 10135; state: DISABLED
07-29 11:00:06.024  2251  2251 D CompatibilityChangeReporter: Compat change id reported: 135772972; UID 10135; state: DISABLED
07-29 11:00:06.024  2251  2251 D CompatibilityChangeReporter: Compat change id reported: 135754954; UID 10135; state: ENABLED
07-29 11:00:06.025  2251  2483 D CompatibilityChangeReporter: Compat change id reported: 143937733; UID 10135; state: ENABLED
07-29 11:00:06.034  2251  2483 I ActivityManager: Start proc 19598:com.google.android.apps.messaging/u0a135 for service {com.google.android.apps.messaging/androidx.work.impl.background.systemjob.SystemJobService}
07-29 11:00:06.086  2251  5621 D CompatibilityChangeReporter: Compat change id reported: 194532703; UID 10354; state: ENABLED
07-29 11:00:06.103 19490 19490 D ViewRootImpl: update {(0,0)(fillxfill) sim={forwardNavigation} layoutInDisplayCutoutMode=shortEdges ty=BASE_APPLICATION wanim=0x10302fd
07-29 11:00:06.103 19490 19490 D ViewRootImpl:   fl=LAYOUT_IN_SCREEN LAYOUT_INSET_DECOR SPLIT_TOUCH HARDWARE_ACCELERATED DRAWS_SYSTEM_BAR_BACKGROUNDS
07-29 11:00:06.103 19490 19490 D ViewRootImpl:   pfl=NO_MOVE_ANIMATION FORCE_DRAW_STATUS_BAR_BACKGROUND FIT_INSETS_CONTROLLED
07-29 11:00:06.103 19490 19490 D ViewRootImpl:   bhv=DEFAULT
07-29 11:00:06.103 19490 19490 D ViewRootImpl:   fitSides=} by setView
07-29 11:00:06.112  2251  5622 D CoreBackPreview: Window{a24f1d2 u0 jp.naver.line.android/jp.naver.line.android.activity.SplashActivity}: Setting back callback OnBackInvokedCallbackInfo{mCallback=android.window.IOnBackInvokedCallback$Stub$Proxy@78d45ff, mPriority=0}
07-29 11:00:06.300  2251  4019 D CompatibilityChangeReporter: Compat change id reported: 319212206; UID 10354; state: ENABLED
07-29 11:00:06.319  2251  5621 I ActivityManager: appDiedLocked: app=ProcessRecord{e4b737e 16944:com.android.systemui:screenshot/u0a266} thread=android.os.BinderProxy@d19ca85 fromBinderDied=true isKilledByAm=false reason=null
07-29 11:00:06.319  2251  5621 I ActivityManager: Process com.android.systemui:screenshot (pid 16944) has died: svcb SVC 
07-29 11:00:06.320  2251  5621 W ActivityManager: Scheduling restart of crashed service com.android.systemui/com.motorola.systemui.screenshot.MotoTakeScreenshotService in 0ms for persistent
07-29 11:00:06.320  2251  5621 D RestartModeController: markWaitRestartAppIsSuicided null processName=com.android.systemui:screenshot
07-29 11:00:06.320  2251  5621 D ActivityTaskManager: handleAppDied: uid=10266,diedCount=2,lastDiedTime=1649285283,forceStopUids=false
07-29 11:00:06.326  2251  2482 D CompatibilityChangeReporter: Compat change id reported: 135634846; UID 10266; state: DISABLED
07-29 11:00:06.327  2251  2482 D CompatibilityChangeReporter: Compat change id reported: 177438394; UID 10266; state: DISABLED
07-29 11:00:06.327  2251  2482 D CompatibilityChangeReporter: Compat change id reported: 135772972; UID 10266; state: DISABLED
07-29 11:00:06.327  2251  2482 D CompatibilityChangeReporter: Compat change id reported: 135754954; UID 10266; state: ENABLED
07-29 11:00:06.327  2251  2483 D CompatibilityChangeReporter: Compat change id reported: 143937733; UID 10266; state: ENABLED
07-29 11:00:06.342  2251  2483 I ActivityManager: Start proc 19635:com.android.systemui:screenshot/u0a266 for service {com.android.systemui/com.motorola.systemui.screenshot.MotoTakeScreenshotService}
07-29 11:00:06.353  2251  5621 W PackageConfigPersister: App-specific configuration not found for packageName: jp.naver.line.android and userId: 0
07-29 11:00:06.383  2251  5621 D CompatibilityChangeReporter: Compat change id reported: 168419799; UID 10266; state: DISABLED
07-29 11:00:06.562  2251  1188 I ActivityTaskManager: START u0 {flg=0x4000000 cmp=jp.naver.line.android/.activity.main.MainActivity (has extras)} from uid 10354
07-29 11:00:06.562  2251  1188 D ActivityTaskManager: getPreferredLaunchDisplay userset_displayid false user set display id 0, current focus display 0
07-29 11:00:06.563  2251  1188 D ActivityTaskManager: getPreferredLaunchDisplay userset_displayid false user set display id 0, current focus display 0
07-29 11:00:06.563  2251  1188 D ActivityTaskManager: getPreferredLaunchDisplay userset_displayid false user set display id 0, current focus display 0
07-29 11:00:06.563  2251  1188 D ActivityTaskManager: getPreferredLaunchDisplay userset_displayid false user set display id 0, current focus display 0
07-29 11:00:06.575  2251  5619 D RestartModeController: determineRescueAppAfterAppFinishItself@1 null pkgName=jp.naver.line.android
07-29 11:00:06.579  2251  5619 I ActivityTaskManager: The Process jp.naver.line.android Already Exists in BG. So sending its PID: 19490
07-29 11:00:06.579  2251  5619 W ActivityTaskManager: Tried to set launchTime (0) < mLastActivityLaunchTime (1650251601)
07-29 11:00:06.603  2251  5621 W PackageConfigPersister: App-specific configuration not found for packageName: jp.naver.line.android and userId: 0
07-29 11:00:06.613  2251  3099 W PackageConfigPersister: App-specific configuration not found for packageName: jp.naver.line.android and userId: 0
07-29 11:00:06.613  2251  5619 W PackageConfigPersister: App-specific configuration not found for packageName: jp.naver.line.android and userId: 0
07-29 11:00:06.693  2251  5619 D CompatibilityChangeReporter: Compat change id reported: 161145287; UID 10135; state: DISABLED
07-29 11:00:06.842  2251  2482 W BroadcastQueue: Exported Denial: sending Intent { act=android.intent.action.BATTERY_CHANGED flg=0x60000010 (has extras) }, action: android.intent.action.BATTERY_CHANGED from null (uid=-1) due to receiver ProcessRecord{ba71f03 19490:jp.naver.line.android/u0a354} (uid 10354) not specifying RECEIVER_EXPORTED
07-29 11:00:07.053  2251  3099 I ActivityManager: appDiedLocked: app=ProcessRecord{13d7be 4769:com.google.android.adservices.api/u0a336} thread=android.os.BinderProxy@3eadf69 fromBinderDied=true isKilledByAm=false reason=null
07-29 11:00:07.053  2251  3099 I ActivityManager: Process com.google.android.adservices.api (pid 4769) has died: cch+55 CEM 
07-29 11:00:07.055  2251  3099 D RestartModeController: markWaitRestartAppIsSuicided null processName=com.google.android.adservices.api
07-29 11:00:07.057  2251  3099 D ActivityTaskManager: handleAppDied: uid=10336,diedCount=1,lastDiedTime=1639219255,forceStopUids=false
07-29 11:00:07.059  2251  2469 D DisplayManagerService: Drop pending events for gone uid 10336
07-29 11:00:07.270  2251  5618 D CompatibilityChangeReporter: Compat change id reported: 161145287; UID 10266; state: DISABLED
07-29 11:00:07.307  2251 31391 D TextToSpeechManagerPerUserService: Unbinding TTS engine: com.google.android.tts. Reason: client process death is reported
07-29 11:00:07.307  2251  3099 I ActivityManager: appDiedLocked: app=ProcessRecord{97324fd 17553:com.facebook.katana/u0a397} thread=android.os.BinderProxy@1ba8fb4 fromBinderDied=true isKilledByAm=false reason=null
07-29 11:00:07.307  2251  3099 I ActivityManager: Process com.facebook.katana (pid 17553) has died: cch+85 CEM 
07-29 11:00:07.308  2251  3099 D RestartModeController: markWaitRestartAppIsSuicided null processName=com.facebook.katana
07-29 11:00:07.309  2251  3099 D ActivityTaskManager: handleAppDied: uid=10397,diedCount=1,lastDiedTime=1649287715,forceStopUids=false
07-29 11:00:07.309  2251  2469 D DisplayManagerService: Drop pending events for gone uid 10397
07-29 11:00:07.326  2251  2251 W TextToSpeechManagerPerUserService: Disconnected from TTS engine
07-29 11:00:07.326  2251  2251 I TextToSpeechManagerPerUserService: Failed running callback method: android.os.DeadObjectException
07-29 11:00:07.377  2251  2481 W NotificationHistory: Attempted to remove conversation for locked/gone/disabled user 0
07-29 11:00:07.410  2251  5621 W PackageConfigPersister: App-specific configuration not found for packageName: jp.naver.line.android and userId: 0
07-29 11:00:07.425  2251  3101 D CompatibilityChangeReporter: Compat change id reported: 151105954; UID 1000; state: ENABLED
07-29 11:00:07.426  2251  3101 E AppOps  : attributionTag  not declared in manifest of in.sweatco.app
07-29 11:00:07.426  2251  3101 W AppOps  : Noting op not finished: uid 10296 pkg in.sweatco.app code 79 startTime of in progress event=1753708389259
07-29 11:00:07.427  2251  3101 E AppOps  : attributionTag  not declared in manifest of in.sweatco.app
07-29 11:00:07.427  2251  3101 W AppOps  : Noting op not finished: uid 10296 pkg in.sweatco.app code 79 startTime of in progress event=1753708389259
07-29 11:00:07.429  2251  3101 E AppOps  : attributionTag  not declared in manifest of in.sweatco.app
07-29 11:00:07.429  2251  3101 W AppOps  : Noting op not finished: uid 10296 pkg in.sweatco.app code 79 startTime of in progress event=1753708389259
07-29 11:00:07.429  2251 31391 W PackageConfigPersister: App-specific configuration not found for packageName: jp.naver.line.android and userId: 0
07-29 11:00:07.430  2251  3101 E AppOps  : attributionTag  not declared in manifest of in.sweatco.app
07-29 11:00:07.430  2251  3101 W AppOps  : Noting op not finished: uid 10296 pkg in.sweatco.app code 79 startTime of in progress event=1753708389259
07-29 11:00:07.431  2251  3101 E AppOps  : attributionTag  not declared in manifest of in.sweatco.app
07-29 11:00:07.431  2251  3101 W AppOps  : Noting op not finished: uid 10296 pkg in.sweatco.app code 79 startTime of in progress event=1753708389259
07-29 11:00:07.432  2251  3101 E AppOps  : attributionTag  not declared in manifest of in.sweatco.app
07-29 11:00:07.432  2251  3101 W AppOps  : Noting op not finished: uid 10296 pkg in.sweatco.app code 79 startTime of in progress event=1753708389259
07-29 11:00:07.447 19490 19490 D ViewRootImpl: update {(0,0)(fillxfill) sim={state=always_hidden adjust=pan forwardNavigation} layoutInDisplayCutoutMode=shortEdges ty=BASE_APPLICATION fmt=TRANSPARENT wanim=0x10302fd
07-29 11:00:07.447 19490 19490 D ViewRootImpl:   fl=LAYOUT_IN_SCREEN LAYOUT_INSET_DECOR SPLIT_TOUCH HARDWARE_ACCELERATED DRAWS_SYSTEM_BAR_BACKGROUNDS
07-29 11:00:07.447 19490 19490 D ViewRootImpl:   pfl=NO_MOVE_ANIMATION FORCE_DRAW_STATUS_BAR_BACKGROUND FIT_INSETS_CONTROLLED
07-29 11:00:07.447 19490 19490 D ViewRootImpl:   bhv=DEFAULT
07-29 11:00:07.447 19490 19490 D ViewRootImpl:   fitSides=} by setView
07-29 11:00:07.454  2251  5618 D CoreBackPreview: Window{bfb4de4 u0 jp.naver.line.android/jp.naver.line.android.activity.main.MainActivity}: Setting back callback OnBackInvokedCallbackInfo{mCallback=android.window.IOnBackInvokedCallback$Stub$Proxy@d123102, mPriority=0}
07-29 11:00:07.476  2251  1196 I ActivityManager: appDiedLocked: app=ProcessRecord{7446db1 18823:com.google.android.apps.youtube.music/u0a190} thread=android.os.BinderProxy@539aa13 fromBinderDied=true isKilledByAm=false reason=null
07-29 11:00:07.476  2251  1196 I ActivityManager: Process com.google.android.apps.youtube.music (pid 18823) has died: cch+45 CEM 
07-29 11:00:07.476  2251  1196 D RestartModeController: markWaitRestartAppIsSuicided null processName=com.google.android.apps.youtube.music
07-29 11:00:07.477  2251  1196 D ActivityTaskManager: handleAppDied: uid=10190,diedCount=1,lastDiedTime=1649255305,forceStopUids=false
07-29 11:00:07.479  2251  2469 D DisplayManagerService: Drop pending events for gone uid 10190
07-29 11:00:07.684  2251  5619 W PackageConfigPersister: App-specific configuration not found for packageName: jp.naver.line.android and userId: 0
07-29 11:00:08.095  2251  2472 I LaunchCheckinHandler: MotoDisplayed jp.naver.line.android/.activity.main.MainActivity,wp,ca,1516
07-29 11:00:08.159  2251  2471 I DisplayDeviceRepository: Display device changed: DisplayDeviceInfo{"": uniqueId="local:4630946747577212033", 1080 x 2400, modeId 2, defaultModeId 1, supportedModes [{id=1, width=1080, height=2400, fps=90.0, alternativeRefreshRates=[60.000004]}, {id=2, width=1080, height=2400, fps=60.000004, alternativeRefreshRates=[90.0]}], supportedReadyForModes [], colorMode 0, supportedColorModes [0, 7], hdrCapabilities HdrCapabilities{mSupportedHdrTypes=[], mMaxLuminance=500.0, mMaxAverageLuminance=500.0, mMinLuminance=0.0}, allmSupported false, gameContentTypeSupported false, density 400, 409.432 x 406.4 dpi, appVsyncOff 1000000, presDeadline 16666666, cutout DisplayCutout{insets=Rect(0, 105 - 0, 0) waterfall=Insets{left=0, top=0, right=0, bottom=0} boundingRect={Bounds=[Rect(0, 0 - 0, 0), Rect(505, 0 - 575, 105), Rect(0, 0 - 0, 0), Rect(0, 0 - 0, 0)]} cutoutPathParserInfo={CutoutPathParserInfo{displayWidth=1080 displayHeight=2400 physicalDisplayWidth=1080 physicalDisplayHeight=2400 density={2.5} cutoutSpec={M -35,0 L -35,105 L 35,105 L 35,0 Z} rotation={0} scale={1.0} physicalPixelDisplaySizeRatio={1.0}}}}, touch INTERNAL, rotation 0, type INTERNAL, address {port=129, model=0x40446d87f7171c}, deviceProductInfo DeviceProductInfo{name=, manufacturerPnpId=QCM, productId=1, modelYear=null, manufactureDate=ManufactureDate{week=27, year=2006}, connectionToSinkType=0}, state ON, frameRateOverride , brightnessMinimum 0.0, brightnessMaximum 1.0, brightnessDefault 0.39763778, roundedCorners RoundedCorners{[RoundedCorner{position=TopLeft, radius=95, center=Point(95, 95)}, RoundedCorner{position=TopRight, radius=95, center=Point(985, 95)}, RoundedCorner{position=BottomRight, radius=95, center=Point(985, 2305)}, RoundedCorner{position=BottomLeft, radius=95, center=Point(95, 2305)}]}, FLAG_ALLOWED_TO_BE_DEFAULT_DISPLAY, FLAG_ROTATES_WITH_CONTENT, FLAG_SECURE, FLAG_SUPPORTS_PROTECTED_BUFFERS, installOrientation 0}
07-29 11:00:08.163  2251  2251 I WallpaperManagerService: onDisplayChanged displayId = 0
07-29 11:00:08.189  2251  2471 I DisplayDeviceRepository: Display device changed: DisplayDeviceInfo{"": uniqueId="local:4630946747577212033", 1080 x 2400, modeId 1, defaultModeId 1, supportedModes [{id=1, width=1080, height=2400, fps=90.0, alternativeRefreshRates=[60.000004]}, {id=2, width=1080, height=2400, fps=60.000004, alternativeRefreshRates=[90.0]}], supportedReadyForModes [], colorMode 0, supportedColorModes [0, 7], hdrCapabilities HdrCapabilities{mSupportedHdrTypes=[], mMaxLuminance=500.0, mMaxAverageLuminance=500.0, mMinLuminance=0.0}, allmSupported false, gameContentTypeSupported false, density 400, 409.432 x 406.4 dpi, appVsyncOff 1000000, presDeadline 17111110, cutout DisplayCutout{insets=Rect(0, 105 - 0, 0) waterfall=Insets{left=0, top=0, right=0, bottom=0} boundingRect={Bounds=[Rect(0, 0 - 0, 0), Rect(505, 0 - 575, 105), Rect(0, 0 - 0, 0), Rect(0, 0 - 0, 0)]} cutoutPathParserInfo={CutoutPathParserInfo{displayWidth=1080 displayHeight=2400 physicalDisplayWidth=1080 physicalDisplayHeight=2400 density={2.5} cutoutSpec={M -35,0 L -35,105 L 35,105 L 35,0 Z} rotation={0} scale={1.0} physicalPixelDisplaySizeRatio={1.0}}}}, touch INTERNAL, rotation 0, type INTERNAL, address {port=129, model=0x40446d87f7171c}, deviceProductInfo DeviceProductInfo{name=, manufacturerPnpId=QCM, productId=1, modelYear=null, manufactureDate=ManufactureDate{week=27, year=2006}, connectionToSinkType=0}, state ON, frameRateOverride , brightnessMinimum 0.0, brightnessMaximum 1.0, brightnessDefault 0.39763778, roundedCorners RoundedCorners{[RoundedCorner{position=TopLeft, radius=95, center=Point(95, 95)}, RoundedCorner{position=TopRight, radius=95, center=Point(985, 95)}, RoundedCorner{position=BottomRight, radius=95, center=Point(985, 2305)}, RoundedCorner{position=BottomLeft, radius=95, center=Point(95, 2305)}]}, FLAG_ALLOWED_TO_BE_DEFAULT_DISPLAY, FLAG_ROTATES_WITH_CONTENT, FLAG_SECURE, FLAG_SUPPORTS_PROTECTED_BUFFERS, installOrientation 0}
07-29 11:00:08.192  2251  2251 I WallpaperManagerService: onDisplayChanged displayId = 0
07-29 11:00:08.253  2251  5618 D CompatibilityChangeReporter: Compat change id reported: 194532703; UID 10135; state: ENABLED
07-29 11:00:08.337  2251 32448 W JobScheduler: Job didn't exist in JobStore: 1eb8ad4 #u0a135/2212 com.google.android.apps.messaging/androidx.work.impl.background.systemjob.SystemJobService
07-29 11:00:08.369  2251  2483 D CompatibilityChangeReporter: Compat change id reported: 143937733; UID 10354; state: ENABLED
07-29 11:00:08.381  2251  2483 I ActivityManager: Start proc 19841:com.google.android.webview:sandboxed_process0:org.chromium.content.app.SandboxedProcessService0:0/u0i994 for  {jp.naver.line.android/org.chromium.content.app.SandboxedProcessService0:0}
07-29 11:00:08.478  2251  3905 D CoreBackPreview: Window{8f2a85f u0 Splash Screen jp.naver.line.android EXITING}: Setting back callback null
07-29 11:00:08.815  2251  4021 D CompatibilityChangeReporter: Compat change id reported: 135634846; UID 10203; state: DISABLED
07-29 11:00:08.815  2251  4021 D CompatibilityChangeReporter: Compat change id reported: 177438394; UID 10203; state: DISABLED
07-29 11:00:08.815  2251  4021 D CompatibilityChangeReporter: Compat change id reported: 135772972; UID 10203; state: DISABLED
07-29 11:00:08.815  2251  4021 D CompatibilityChangeReporter: Compat change id reported: 135754954; UID 10203; state: ENABLED
07-29 11:00:08.816  2251  2483 D CompatibilityChangeReporter: Compat change id reported: 143937733; UID 10203; state: ENABLED
07-29 11:00:08.826  2251  2483 I ActivityManager: Start proc 19872:com.google.android.webview:webview_service/u0a203 for service {com.google.android.webview/org.chromium.android_webview.services.ComponentsProviderService}
07-29 11:00:08.842  2251  3905 D CompatibilityChangeReporter: Compat change id reported: 161252188; UID 10336; state: DISABLED
07-29 11:00:08.843  2251  3905 D CompatibilityChangeReporter: Compat change id reported: 135634846; UID 10336; state: DISABLED
07-29 11:00:08.843  2251  3905 D CompatibilityChangeReporter: Compat change id reported: 177438394; UID 10336; state: DISABLED
07-29 11:00:08.843  2251  3905 D CompatibilityChangeReporter: Compat change id reported: 135772972; UID 10336; state: DISABLED
07-29 11:00:08.843  2251  3905 D CompatibilityChangeReporter: Compat change id reported: 135754954; UID 10336; state: ENABLED
07-29 11:00:08.843  2251  2483 D CompatibilityChangeReporter: Compat change id reported: 143937733; UID 10336; state: ENABLED
07-29 11:00:08.857  2251  2483 I ActivityManager: Start proc 19880:com.google.android.adservices.api/u0a336 for service {com.google.android.adservices.api/com.android.adservices.measurement.MeasurementService}
07-29 11:00:08.890  2251  4021 D CompatibilityChangeReporter: Compat change id reported: 168419799; UID 10203; state: DISABLED
07-29 11:00:08.894  2251  3905 W PackageConfigPersister: App-specific configuration not found for packageName: jp.naver.line.android and userId: 0
07-29 11:00:08.920  2251  3905 D CompatibilityChangeReporter: Compat change id reported: 214016041; UID 10354; state: ENABLED
07-29 11:00:08.954  2251  5621 D CoreBackPreview: Window{a24f1d2 u0 jp.naver.line.android/jp.naver.line.android.activity.SplashActivity}: Setting back callback null
07-29 11:00:09.174  2251  1196 D CompatibilityChangeReporter: Compat change id reported: 161252188; UID 10354; state: DISABLED
07-29 11:00:11.417  2251  5621 I ActivityTaskManager: START u0 {cmp=jp.naver.line.android/.activity.chathistory.ChatHistoryActivityLaunchActivity (has extras)} from uid 10354
07-29 11:00:11.419  2251  5621 D CompatibilityChangeReporter: Compat change id reported: 194480991; UID 10354; state: ENABLED
07-29 11:00:11.419  2251  5621 D ActivityTaskManager: getPreferredLaunchDisplay userset_displayid false user set display id 0, current focus display 0
07-29 11:00:11.420  2251  5621 D ActivityTaskManager: getPreferredLaunchDisplay userset_displayid false user set display id 0, current focus display 0
07-29 11:00:11.426  2251  5621 D ActivityTaskManager: getPreferredLaunchDisplay userset_displayid false user set display id 0, current focus display 0
07-29 11:00:11.426  2251  5621 D ActivityTaskManager: getPreferredLaunchDisplay userset_displayid false user set display id 0, current focus display 0
07-29 11:00:11.427  2251  5621 D CompatibilityChangeReporter: Compat change id reported: 174042980; UID 10354; state: DISABLED
07-29 11:00:11.428  2251  5621 D CompatibilityChangeReporter: Compat change id reported: 184838306; UID 10354; state: DISABLED
07-29 11:00:11.428  2251  5621 D CompatibilityChangeReporter: Compat change id reported: 185004937; UID 10354; state: DISABLED
07-29 11:00:11.434  2251  5621 D CompatibilityChangeReporter: Compat change id reported: 194833441; UID 10354; state: ENABLED
07-29 11:00:11.464  2251  3905 I ActivityTaskManager: The Process jp.naver.line.android Already Exists in BG. So sending its PID: 19490
07-29 11:00:11.464  2251  3905 W ActivityTaskManager: Tried to set launchTime (0) < mLastActivityLaunchTime (1650252910)
07-29 11:00:11.476  2251  4021 W PackageConfigPersister: App-specific configuration not found for packageName: jp.naver.line.android and userId: 0
07-29 11:00:11.483  2251  4021 I ActivityTaskManager: START u0 {flg=0x4000000 cmp=jp.naver.line.android/.activity.chathistory.ChatHistoryActivity (has extras)} from uid 10354
07-29 11:00:11.484  2251  4021 D ActivityTaskManager: getPreferredLaunchDisplay userset_displayid false user set display id 0, current focus display 0
07-29 11:00:11.484  2251  4021 D ActivityTaskManager: getPreferredLaunchDisplay userset_displayid false user set display id 0, current focus display 0
07-29 11:00:11.484  2251  4021 D ActivityTaskManager: getPreferredLaunchDisplay userset_displayid false user set display id 0, current focus display 0
07-29 11:00:11.484  2251  4021 D ActivityTaskManager: getPreferredLaunchDisplay userset_displayid false user set display id 0, current focus display 0
07-29 11:00:11.489  2251  3905 D RestartModeController: determineRescueAppAfterAppFinishItself@1 null pkgName=jp.naver.line.android
07-29 11:00:11.491  2251  4021 I ActivityTaskManager: The Process jp.naver.line.android Already Exists in BG. So sending its PID: 19490
07-29 11:00:11.492  2251  4021 W ActivityTaskManager: Tried to set launchTime (0) < mLastActivityLaunchTime (1650257795)
07-29 11:00:11.502  2251  3905 W PackageConfigPersister: App-specific configuration not found for packageName: jp.naver.line.android and userId: 0
07-29 11:00:11.507  2251  3905 W PackageConfigPersister: App-specific configuration not found for packageName: jp.naver.line.android and userId: 0
07-29 11:00:11.508  2251  4021 W PackageConfigPersister: App-specific configuration not found for packageName: jp.naver.line.android and userId: 0
07-29 11:00:11.647  2251  4021 W PackageConfigPersister: App-specific configuration not found for packageName: jp.naver.line.android and userId: 0
07-29 11:00:11.652  2251  2481 W NotificationHistory: Attempted to remove conversation for locked/gone/disabled user 0
07-29 11:00:11.692 19490 19490 D ViewRootImpl: update {(0,0)(fillxfill) sim={state=always_hidden adjust=nothing forwardNavigation} layoutInDisplayCutoutMode=shortEdges ty=BASE_APPLICATION fmt=TRANSPARENT wanim=0x10302fd
07-29 11:00:11.692 19490 19490 D ViewRootImpl:   fl=LAYOUT_IN_SCREEN LAYOUT_INSET_DECOR SPLIT_TOUCH HARDWARE_ACCELERATED DRAWS_SYSTEM_BAR_BACKGROUNDS
07-29 11:00:11.692 19490 19490 D ViewRootImpl:   pfl=NO_MOVE_ANIMATION FORCE_DRAW_STATUS_BAR_BACKGROUND FIT_INSETS_CONTROLLED
07-29 11:00:11.692 19490 19490 D ViewRootImpl:   bhv=DEFAULT
07-29 11:00:11.692 19490 19490 D ViewRootImpl:   fitSides=} by setView
07-29 11:00:11.696  2251  4021 D CoreBackPreview: Window{2cd56a6 u0 jp.naver.line.android/jp.naver.line.android.activity.chathistory.ChatHistoryActivity}: Setting back callback OnBackInvokedCallbackInfo{mCallback=android.window.IOnBackInvokedCallback$Stub$Proxy@fe83732, mPriority=0}
07-29 11:00:11.770  2251  2472 I LaunchCheckinHandler: MotoDisplayed jp.naver.line.android/.activity.chathistory.ChatHistoryActivity,wp,ca,279
07-29 11:00:11.776  2251 19520 D AutofillSession: clearPendingIntentLocked
07-29 11:00:11.842 19490 19490 D VRI[ChatHistoryActivity]: update {(0,0)(fillxfill) sim={state=always_hidden adjust=nothing forwardNavigation} layoutInDisplayCutoutMode=shortEdges ty=BASE_APPLICATION fmt=TRANSPARENT wanim=0x10302fd
07-29 11:00:11.842 19490 19490 D VRI[ChatHistoryActivity]:   fl=LAYOUT_IN_SCREEN LAYOUT_INSET_DECOR SPLIT_TOUCH HARDWARE_ACCELERATED DRAWS_SYSTEM_BAR_BACKGROUNDS
07-29 11:00:11.842 19490 19490 D VRI[ChatHistoryActivity]:   pfl=NO_MOVE_ANIMATION FORCE_DRAW_STATUS_BAR_BACKGROUND FIT_INSETS_CONTROLLED
07-29 11:00:11.842 19490 19490 D VRI[ChatHistoryActivity]:   bhv=DEFAULT
07-29 11:00:11.842 19490 19490 D VRI[ChatHistoryActivity]:   fitSides=} by setLayoutParams
07-29 11:00:11.887  2251 32448 W PresentationStatsEventLogger: Shouldn't be logging AutofillPresentationEventReported again for same event
07-29 11:00:11.888  2251  2251 W AutofillInlineSuggestionsRequestSession: Never received an InlineSuggestionsRequest from the IME for 1073741850@505914201
07-29 11:00:11.890 19490 19490 D VRI[ChatHistoryActivity]: update {(0,0)(fillxfill) sim={state=always_hidden adjust=nothing} layoutInDisplayCutoutMode=shortEdges ty=BASE_APPLICATION fmt=TRANSPARENT wanim=0x10302fd
07-29 11:00:11.890 19490 19490 D VRI[ChatHistoryActivity]:   fl=LAYOUT_IN_SCREEN LAYOUT_INSET_DECOR SPLIT_TOUCH HARDWARE_ACCELERATED DRAWS_SYSTEM_BAR_BACKGROUNDS
07-29 11:00:11.890 19490 19490 D VRI[ChatHistoryActivity]:   pfl=NO_MOVE_ANIMATION FORCE_DRAW_STATUS_BAR_BACKGROUND FIT_INSETS_CONTROLLED
07-29 11:00:11.890 19490 19490 D VRI[ChatHistoryActivity]:   bhv=DEFAULT
07-29 11:00:11.890 19490 19490 D VRI[ChatHistoryActivity]:   fitSides=} by setLayoutParams
07-29 11:00:11.937  2251 32448 W PackageConfigPersister: App-specific configuration not found for packageName: jp.naver.line.android and userId: 0
07-29 11:00:12.086  2251 32448 W PackageConfigPersister: App-specific configuration not found for packageName: jp.naver.line.android and userId: 0
07-29 11:00:12.136  2251 32448 W PackageConfigPersister: App-specific configuration not found for packageName: jp.naver.line.android and userId: 0
07-29 11:00:12.198  2251  1196 W AutofillSession: No current view id - session might have finished
07-29 11:00:12.313  2251  3905 W PackageConfigPersister: App-specific configuration not found for packageName: jp.naver.line.android and userId: 0
07-29 11:00:12.486  2251  3101 E AppOps  : attributionTag  not declared in manifest of in.sweatco.app
07-29 11:00:12.486  2251  3101 W AppOps  : Noting op not finished: uid 10296 pkg in.sweatco.app code 79 startTime of in progress event=1753708389259
07-29 11:00:13.111  2251  1196 I ActivityTaskManager: START u0 {flg=0x10000000 cmp=jp.naver.line.android/com.linecorp.liff.impl.LiffActivity (has extras)} from uid 10354
07-29 11:00:13.111  2251  1196 D ActivityTaskManager: getPreferredLaunchDisplay userset_displayid false user set display id 0, current focus display 0
07-29 11:00:13.111  2251  1196 D ActivityTaskManager: getPreferredLaunchDisplay userset_displayid false user set display id 0, current focus display 0
07-29 11:00:13.113  2251  1196 D ActivityTaskManager: getPreferredLaunchDisplay userset_displayid false user set display id 0, current focus display 0
07-29 11:00:13.113  2251  1196 D ActivityTaskManager: getPreferredLaunchDisplay userset_displayid false user set display id 0, current focus display 0
07-29 11:00:13.139  2251 32448 I ActivityTaskManager: The Process jp.naver.line.android Already Exists in BG. So sending its PID: 19490
07-29 11:00:13.139  2251 32448 W ActivityTaskManager: Tried to set launchTime (0) < mLastActivityLaunchTime (1650257823)
07-29 11:00:13.152  2251  3905 W PackageConfigPersister: App-specific configuration not found for packageName: jp.naver.line.android and userId: 0
07-29 11:00:13.205  2251  5618 D CompatibilityChangeReporter: Compat change id reported: 319212206; UID 10354; state: ENABLED
07-29 11:00:13.231  2251  5619 D CompatibilityChangeReporter: Compat change id reported: 135634846; UID 10182; state: DISABLED
07-29 11:00:13.231  2251  5619 D CompatibilityChangeReporter: Compat change id reported: 177438394; UID 10182; state: DISABLED
07-29 11:00:13.231  2251  5619 D CompatibilityChangeReporter: Compat change id reported: 135772972; UID 10182; state: DISABLED
07-29 11:00:13.231  2251  5619 D CompatibilityChangeReporter: Compat change id reported: 135754954; UID 10182; state: ENABLED
07-29 11:00:13.232  2251  2483 D CompatibilityChangeReporter: Compat change id reported: 143937733; UID 10182; state: ENABLED
07-29 11:00:13.236  2251  5619 W PackageConfigPersister: App-specific configuration not found for packageName: jp.naver.line.android and userId: 0
07-29 11:00:13.239 19490 19490 D ViewRootImpl: update {(0,0)(fillxfill) sim={adjust=resize forwardNavigation} ty=BASE_APPLICATION fmt=TRANSPARENT wanim=0x1030000
07-29 11:00:13.239 19490 19490 D ViewRootImpl:   fl=LAYOUT_IN_SCREEN LAYOUT_INSET_DECOR SPLIT_TOUCH HARDWARE_ACCELERATED DRAWS_SYSTEM_BAR_BACKGROUNDS
07-29 11:00:13.239 19490 19490 D ViewRootImpl:   pfl=NO_MOVE_ANIMATION FORCE_DRAW_STATUS_BAR_BACKGROUND FIT_INSETS_CONTROLLED
07-29 11:00:13.239 19490 19490 D ViewRootImpl:   bhv=DEFAULT
07-29 11:00:13.239 19490 19490 D ViewRootImpl:   fitSides=} by setView
07-29 11:00:13.241  2251  2483 I ActivityManager: Start proc 20077:com.google.android.gms.unstable/u0a182 for service {com.google.android.gms/com.google.android.gms.droidguard.DroidGuardService}
07-29 11:00:13.248  2251  4021 D CoreBackPreview: Window{ce3449 u0 jp.naver.line.android/com.linecorp.liff.impl.LiffActivity}: Setting back callback OnBackInvokedCallbackInfo{mCallback=android.window.IOnBackInvokedCallback$Stub$Proxy@c15726f, mPriority=0}
07-29 11:00:13.274  2251  2472 I LaunchCheckinHandler: MotoDisplayed jp.naver.line.android/com.linecorp.liff.impl.LiffActivity,wp,ca,136
07-29 11:00:13.493 19490 19490 D VRI[LiffActivity]: update {(0,0)(fillxfill) sim={adjust=resize} layoutInDisplayCutoutMode=shortEdges ty=BASE_APPLICATION fmt=TRANSPARENT wanim=0x1030000
07-29 11:00:13.493 19490 19490 D VRI[LiffActivity]:   fl=LAYOUT_IN_SCREEN LAYOUT_INSET_DECOR SPLIT_TOUCH HARDWARE_ACCELERATED DRAWS_SYSTEM_BAR_BACKGROUNDS
07-29 11:00:13.493 19490 19490 D VRI[LiffActivity]:   pfl=NO_MOVE_ANIMATION FORCE_DRAW_STATUS_BAR_BACKGROUND FIT_INSETS_CONTROLLED
07-29 11:00:13.493 19490 19490 D VRI[LiffActivity]:   bhv=DEFAULT
07-29 11:00:13.493 19490 19490 D VRI[LiffActivity]:   fitSides=} by setLayoutParams
07-29 11:00:13.495  2251  5619 D CompatibilityChangeReporter: Compat change id reported: 161252188; UID 10203; state: DISABLED
07-29 11:00:13.663 19490 19490 D VRI[LiffActivity]: update {(0,0)(fillxfill) sim={adjust=resize} layoutInDisplayCutoutMode=shortEdges ty=BASE_APPLICATION fmt=TRANSPARENT wanim=0x1030000
07-29 11:00:13.663 19490 19490 D VRI[LiffActivity]:   fl=LAYOUT_IN_SCREEN LAYOUT_INSET_DECOR SPLIT_TOUCH HARDWARE_ACCELERATED DRAWS_SYSTEM_BAR_BACKGROUNDS
07-29 11:00:13.663 19490 19490 D VRI[LiffActivity]:   pfl=NO_MOVE_ANIMATION FORCE_DRAW_STATUS_BAR_BACKGROUND FIT_INSETS_CONTROLLED
07-29 11:00:13.663 19490 19490 D VRI[LiffActivity]:   bhv=DEFAULT
07-29 11:00:13.663 19490 19490 D VRI[LiffActivity]:   fitSides=} by setLayoutParams
07-29 11:00:14.095  5290  5303 W Binder  : reply too large data on java level: InterfaceDescriptor = null, code = 1
07-29 11:00:14.418  2251  4021 D CompatibilityChangeReporter: Compat change id reported: 319212206; UID 10182; state: ENABLED
07-29 11:00:14.418  2251  4021 D CompatibilityChangeReporter: Compat change id reported: 319212206; UID 10182; state: DISABLED
07-29 11:00:14.754  2251  4021 D CompatibilityChangeReporter: Compat change id reported: 319212206; UID 10135; state: ENABLED
07-29 11:00:17.150  5290  5595 W Binder  : reply too large data on java level: InterfaceDescriptor = null, code = 1
07-29 11:00:17.750  2251  2482 D CompatibilityChangeReporter: Compat change id reported: 168419799; UID 10294; state: DISABLED
07-29 11:00:20.029  2251  4021 D BiometricService: Sensor ID(0), oemStrength: 15, updatedStrength: 15, modality 2, state: 0, cookie: 0, sensorId 0, hasEnrollments: false cannot participate in Keystore operations
07-29 11:00:20.029  2251  4021 D BiometricService: Sensor ID(1008), oemStrength: 4095, updatedStrength: 4095, modality 8, state: 0, cookie: 0, sensorId 1008, hasEnrollments: false cannot participate in Keystore operations
07-29 11:00:20.135  2251  5621 D CompatibilityChangeReporter: Compat change id reported: 161252188; UID 10332; state: DISABLED
07-29 11:00:20.138  2251  5621 D CompatibilityChangeReporter: Compat change id reported: 135634846; UID 10332; state: DISABLED
07-29 11:00:20.139  2251  5621 D CompatibilityChangeReporter: Compat change id reported: 177438394; UID 10332; state: DISABLED
07-29 11:00:20.139  2251  5621 D CompatibilityChangeReporter: Compat change id reported: 135772972; UID 10332; state: DISABLED
07-29 11:00:20.139  2251  5621 D CompatibilityChangeReporter: Compat change id reported: 135754954; UID 10332; state: ENABLED
07-29 11:00:20.140  2251  2483 D CompatibilityChangeReporter: Compat change id reported: 143937733; UID 10332; state: ENABLED
07-29 11:00:20.152  2251  2483 I ActivityManager: Start proc 20197:com.android.remoteprovisioner/u0a332 for service {com.android.remoteprovisioner/com.android.remoteprovisioner.service.GenerateRkpKeyService}
07-29 11:00:20.246  2251  5621 D CompatibilityChangeReporter: Compat change id reported: 168419799; UID 10332; state: DISABLED
07-29 11:00:21.740  2251  5621 D CompatibilityChangeReporter: Compat change id reported: 168419799; UID 10135; state: DISABLED
07-29 11:00:22.804  2251  3101 E AppOps  : attributionTag  not declared in manifest of in.sweatco.app
07-29 11:00:22.804  2251  3101 W AppOps  : Noting op not finished: uid 10296 pkg in.sweatco.app code 79 startTime of in progress event=1753708389259
07-29 11:00:22.805  2251  3101 E AppOps  : attributionTag  not declared in manifest of in.sweatco.app
07-29 11:00:22.805  2251  3101 W AppOps  : Noting op not finished: uid 10296 pkg in.sweatco.app code 79 startTime of in progress event=1753708389259
07-29 11:00:22.806  2251  3101 E AppOps  : attributionTag  not declared in manifest of in.sweatco.app
07-29 11:00:22.806  2251  3101 W AppOps  : Noting op not finished: uid 10296 pkg in.sweatco.app code 79 startTime of in progress event=1753708389259
07-29 11:00:23.178  2251  5621 I ActivityTaskManager: START u0 {act=android.intent.action.CHOOSER cmp=android/com.android.internal.app.ChooserActivity (has extras)} from uid 10354
07-29 11:00:23.179  2251  5621 D CompatibilityChangeReporter: Compat change id reported: 194480991; UID 1000; state: ENABLED
07-29 11:00:23.181  2251  5621 D ActivityTaskManager: getPreferredLaunchDisplay userset_displayid false user set display id 0, current focus display 0
07-29 11:00:23.181  2251  5621 D ActivityTaskManager: getPreferredLaunchDisplay userset_displayid false user set display id 0, current focus display 0
07-29 11:00:23.181  2251  5621 D ActivityTaskManager: getPreferredLaunchDisplay userset_displayid false user set display id 0, current focus display 0
07-29 11:00:23.181  2251  5621 D ActivityTaskManager: getPreferredLaunchDisplay userset_displayid false user set display id 0, current focus display 0
07-29 11:00:23.184  2251  5621 D CompatibilityChangeReporter: Compat change id reported: 174042980; UID 1000; state: DISABLED
07-29 11:00:23.187  2251  5621 D CompatibilityChangeReporter: Compat change id reported: 205907456; UID 1000; state: ENABLED
07-29 11:00:23.192  2251  2471 D CompatibilityChangeReporter: Compat change id reported: 135634846; UID 1000; state: DISABLED
07-29 11:00:23.192  2251  2471 D CompatibilityChangeReporter: Compat change id reported: 177438394; UID 1000; state: DISABLED
07-29 11:00:23.192  2251  2471 D CompatibilityChangeReporter: Compat change id reported: 135772972; UID 1000; state: DISABLED
07-29 11:00:23.192  2251  2471 D CompatibilityChangeReporter: Compat change id reported: 135754954; UID 1000; state: ENABLED
07-29 11:00:23.199 19490 19490 D VRI[LiffActivity]: update {(0,0)(fillxfill) sim={adjust=resize} layoutInDisplayCutoutMode=shortEdges ty=BASE_APPLICATION fmt=TRANSPARENT wanim=0x1030000
07-29 11:00:23.199 19490 19490 D VRI[LiffActivity]:   fl=LAYOUT_IN_SCREEN LAYOUT_INSET_DECOR SPLIT_TOUCH HARDWARE_ACCELERATED DRAWS_SYSTEM_BAR_BACKGROUNDS
07-29 11:00:23.199 19490 19490 D VRI[LiffActivity]:   pfl=NO_MOVE_ANIMATION FORCE_DRAW_STATUS_BAR_BACKGROUND FIT_INSETS_CONTROLLED
07-29 11:00:23.199 19490 19490 D VRI[LiffActivity]:   bhv=DEFAULT
07-29 11:00:23.199 19490 19490 D VRI[LiffActivity]:   fitSides=} by setLayoutParams
07-29 11:00:23.208  2251  2483 I ActivityManager: Start proc 20246:android:ui/1000 for next-top-activity {android/com.android.internal.app.ChooserActivity}
07-29 11:00:23.244  2251  5619 D CompatibilityChangeReporter: Compat change id reported: 181136395; UID 1000; state: DISABLED
07-29 11:00:23.244  2251  5619 D CompatibilityChangeReporter: Compat change id reported: 174042936; UID 1000; state: DISABLED
07-29 11:00:23.413  2251  5621 D CompatibilityChangeReporter: Compat change id reported: 161145287; UID 1000; state: DISABLED
07-29 11:00:23.429 20246 20246 D ViewRootImpl: update {(0,0)(fillxfill) sim={forwardNavigation} ty=BASE_APPLICATION fmt=TRANSPARENT wanim=0x10302f2
07-29 11:00:23.429 20246 20246 D ViewRootImpl:   fl=DIM_BEHIND LAYOUT_IN_SCREEN LAYOUT_INSET_DECOR ALT_FOCUSABLE_IM SPLIT_TOUCH HARDWARE_ACCELERATED DRAWS_SYSTEM_BAR_BACKGROUNDS
07-29 11:00:23.429 20246 20246 D ViewRootImpl:   pfl=NO_MOVE_ANIMATION FORCE_DRAW_STATUS_BAR_BACKGROUND HIDE_NON_SYSTEM_OVERLAY_WINDOWS FIT_INSETS_CONTROLLED
07-29 11:00:23.429 20246 20246 D ViewRootImpl:   bhv=DEFAULT
07-29 11:00:23.429 20246 20246 D ViewRootImpl:   fitSides=} by setView
07-29 11:00:23.437  2251  3905 D CoreBackPreview: Window{9dffa81 u0 android/com.android.internal.app.ChooserActivity}: Setting back callback OnBackInvokedCallbackInfo{mCallback=android.window.IOnBackInvokedCallback$Stub$Proxy@50d6f67, mPriority=0}
07-29 11:00:23.440 20246 20246 D VRI[ChooserActivity]: update {(0,0)(fillxfill) sim={forwardNavigation} ty=BASE_APPLICATION fmt=TRANSPARENT wanim=0x10302f2
07-29 11:00:23.440 20246 20246 D VRI[ChooserActivity]:   fl=DIM_BEHIND LAYOUT_IN_SCREEN LAYOUT_INSET_DECOR ALT_FOCUSABLE_IM SPLIT_TOUCH HARDWARE_ACCELERATED DRAWS_SYSTEM_BAR_BACKGROUNDS
07-29 11:00:23.440 20246 20246 D VRI[ChooserActivity]:   pfl=NO_MOVE_ANIMATION FORCE_DRAW_STATUS_BAR_BACKGROUND HIDE_NON_SYSTEM_OVERLAY_WINDOWS FIT_INSETS_CONTROLLED
07-29 11:00:23.440 20246 20246 D VRI[ChooserActivity]:   bhv=DEFAULT
07-29 11:00:23.440 20246 20246 D VRI[ChooserActivity]:   fitSides=} by setLayoutParams
07-29 11:00:23.690  2251  2472 I LaunchCheckinHandler: MotoDisplayed android/com.android.internal.app.ChooserActivity,wp,ca,488
07-29 11:00:24.122  2251  4021 D CompatibilityChangeReporter: Compat change id reported: 161145287; UID 10354; state: DISABLED
07-29 11:00:26.622  2251  5619 I ActivityTaskManager: START u0 {act=android.media.action.IMAGE_CAPTURE flg=0x3000003 cmp=com.motorola.camera3/com.motorola.camera.Camera clip={text/uri-list hasLabel(0) {U(content)}} (has extras)} from uid 10354
07-29 11:00:26.625  2251  5619 D CompatibilityChangeReporter: Compat change id reported: 194480991; UID 10138; state: ENABLED
07-29 11:00:26.626  2251  5619 D ActivityTaskManager: getPreferredLaunchDisplay userset_displayid false user set display id 0, current focus display 0
07-29 11:00:26.626  2251  5619 D ActivityTaskManager: getPreferredLaunchDisplay userset_displayid false user set display id 0, current focus display 0
07-29 11:00:26.626  2251  5619 D ActivityTaskManager: getPreferredLaunchDisplay userset_displayid false user set display id 0, current focus display 0
07-29 11:00:26.626  2251  5619 D ActivityTaskManager: getPreferredLaunchDisplay userset_displayid false user set display id 0, current focus display 0
07-29 11:00:26.629  2251  5619 D CompatibilityChangeReporter: Compat change id reported: 174042980; UID 10138; state: DISABLED
07-29 11:00:26.630  2251  5619 D CompatibilityChangeReporter: Compat change id reported: 184838306; UID 10138; state: DISABLED
07-29 11:00:26.630  2251  5619 D CompatibilityChangeReporter: Compat change id reported: 185004937; UID 10138; state: DISABLED
07-29 11:00:26.630  2251  5619 D CompatibilityChangeReporter: Compat change id reported: 181136395; UID 10138; state: DISABLED
07-29 11:00:26.630  2251  5619 D CompatibilityChangeReporter: Compat change id reported: 174042936; UID 10138; state: DISABLED
07-29 11:00:26.632  2251  5619 D CompatibilityChangeReporter: Compat change id reported: 205907456; UID 10138; state: ENABLED
07-29 11:00:26.640  2251  5619 D RestartModeController: determineRescueAppAfterAppFinishItself@1 null pkgName=android
07-29 11:00:26.648  2251  2471 D CompatibilityChangeReporter: Compat change id reported: 135634846; UID 10138; state: DISABLED
07-29 11:00:26.648  2251  2471 D CompatibilityChangeReporter: Compat change id reported: 177438394; UID 10138; state: DISABLED
07-29 11:00:26.648  2251  2471 D CompatibilityChangeReporter: Compat change id reported: 135772972; UID 10138; state: DISABLED
07-29 11:00:26.648  2251  2471 D CompatibilityChangeReporter: Compat change id reported: 135754954; UID 10138; state: ENABLED
07-29 11:00:26.649  2251  2483 D CompatibilityChangeReporter: Compat change id reported: 143937733; UID 10138; state: ENABLED
07-29 11:00:26.670  2251  2483 I ActivityManager: Start proc 20346:com.motorola.camera3/u0a138 for next-top-activity {com.motorola.camera3/com.motorola.camera.Camera}
07-29 11:00:26.672  3844  3907 D ViewRootImpl: update {(0,0)(fillxfill) ty=APPLICATION_STARTING fmt=TRANSLUCENT wanim=0x10302fd
07-29 11:00:26.672  3844  3907 D ViewRootImpl:   fl=NOT_FOCUSABLE NOT_TOUCHABLE LAYOUT_IN_SCREEN LAYOUT_INSET_DECOR ALT_FOCUSABLE_IM HARDWARE_ACCELERATED DRAWS_SYSTEM_BAR_BACKGROUNDS
07-29 11:00:26.672  3844  3907 D ViewRootImpl:   pfl=SHOW_FOR_ALL_USERS FIT_INSETS_CONTROLLED
07-29 11:00:26.672  3844  3907 D ViewRootImpl:   bhv=DEFAULT
07-29 11:00:26.672  3844  3907 D ViewRootImpl:   fitSides=} by setView
07-29 11:00:26.695  2251  3905 D CompatibilityChangeReporter: Compat change id reported: 168419799; UID 10138; state: DISABLED
07-29 11:00:26.810  3844  3844 D VRI[StatusBar]: update {(0,0)(fillx105) gr=TOP CENTER_VERTICAL layoutInDisplayCutoutMode=always ty=STATUS_BAR fmt=TRANSLUCENT
07-29 11:00:26.810  3844  3844 D VRI[StatusBar]:   fl=NOT_FOCUSABLE SPLIT_TOUCH HARDWARE_ACCELERATED DRAWS_SYSTEM_BAR_BACKGROUNDS
07-29 11:00:26.810  3844  3844 D VRI[StatusBar]:   pfl=FORCE_STATUS_BAR_VISIBLE COLOR_SPACE_AGNOSTIC FIT_INSETS_CONTROLLED
07-29 11:00:26.810  3844  3844 D VRI[StatusBar]:   bhv=DEFAULT
07-29 11:00:26.810  3844  3844 D VRI[StatusBar]:   paramsForRotation={(0,0)(fillx105) gr=TOP CENTER_VERTICAL layoutInDisplayCutoutMode=always ty=STATUS_BAR fmt=TRANSLUCENT
07-29 11:00:26.810  3844  3844 D VRI[StatusBar]:   fl=NOT_FOCUSABLE SPLIT_TOUCH DRAWS_SYSTEM_BAR_BACKGROUNDS
07-29 11:00:26.810  3844  3844 D VRI[StatusBar]:   pfl=COLOR_SPACE_AGNOSTIC FIT_INSETS_CONTROLLED
07-29 11:00:26.810  3844  3844 D VRI[StatusBar]:   bhv=DEFAULT} {(0,0)(fillx60) gr=TOP CENTER_VERTICAL layoutInDisplayCutoutMode=always ty=STATUS_BAR fmt=TRANSLUCENT
07-29 11:00:26.810  3844  3844 D VRI[StatusBar]:   fl=NOT_FOCUSABLE SPLIT_TOUCH DRAWS_SYSTEM_BAR_BACKGROUNDS
07-29 11:00:26.810  3844  3844 D VRI[StatusBar]:   pfl=COLOR_SPACE_AGNOSTIC FIT_INSETS_CONTROLLED
07-29 11:00:26.810  3844  3844 D VRI[StatusBar]:   bhv=DEFAULT} {(0,0)(fillx60) gr=TOP CENTER_VERTICAL layoutInDisplayCutoutMode=always ty=STATUS_BAR fmt=TRANSLUCENT
