07-29 11:01:05.224  2251  2577 I DisplayPowerController[0]: 2025-07-29 02:01:05 - BrightnessEvent: disp=0, physDisp=local:4630946747577212033, brt=0.4228133, initBrt=0.4228133, brtNits=192.04794, preNits=163.19435, rcmdNits=192.04794, brt(%)=42%, preBrt(%)=36%, brtInt=108, rcmdBrt=0.4228133, preBrt=0.35749364, lux=206.26756, fastAmbientLux=232.2105, slowAmbientLux=190.69946, preLux=157.0999, hbmMax=0.9999, hbmMode=off, rbcStrength=50, powerFactor=1.0, thrmMax=1.0, flags=, reason=automatic, autoBrightness=true
07-29 11:01:05.230  2251  2251 I BrightnessSynchronizer: New Update: {[30662] 0.4228133(f), mUpdatedTypes=0, mConfirmedTypes=0, mTimeUpdated=0, mState=2}
07-29 11:01:05.234  2251  2471 D DisplayManagerService: Ignore redundant display event 0/4 to 10138/20346
07-29 11:01:05.569  2251  3688 D CompatibilityChangeReporter: Compat change id reported: 74210811; UID 1000; state: DISABLED
07-29 11:01:08.082  2251  2329 D CompatibilityChangeReporter: Compat change id reported: 135634846; UID 10182; state: DISABLED
07-29 11:01:08.083  2251  2329 D CompatibilityChangeReporter: Compat change id reported: 177438394; UID 10182; state: DISABLED
07-29 11:01:08.083  2251  2329 D CompatibilityChangeReporter: Compat change id reported: 135772972; UID 10182; state: DISABLED
07-29 11:01:08.084  2251  2329 D CompatibilityChangeReporter: Compat change id reported: 135754954; UID 10182; state: ENABLED
07-29 11:01:08.085  2251  2483 D CompatibilityChangeReporter: Compat change id reported: 143937733; UID 10182; state: ENABLED
07-29 11:01:08.108  2251  2483 I ActivityManager: Start proc 22409:com.google.android.gms.unstable/u0a182 for service {com.google.android.gms/com.google.android.gms.droidguard.DroidGuardService}
07-29 11:01:09.069  2251  2324 E AppOps  : Bad call made by uid 10137. Package "com.google.android.gms" does not belong to uid 10137.
07-29 11:01:09.134  2251  3905 D BiometricService: canAuthenticate: User=0, Caller=0, Authenticators=15
07-29 11:01:09.135  2251  3905 D BiometricService/PreAuthInfo: Package: com.google.android.gms Sensor ID: 0 Modality: 2 Status: 7
07-29 11:01:09.136  2251  3905 D BiometricService/PreAuthInfo: Package: com.google.android.gms Sensor ID: 1008 Modality: 8 Status: 4
07-29 11:01:09.136  2251  3905 D BiometricService/PreAuthInfo: getCanAuthenticateInternal Modality: 2 AuthenticatorStatus: 7
07-29 11:01:09.136  2251  3905 D AuthService: canAuthenticate, userId: 0, callingUserId: 0, authenticators: 15, result: 11
07-29 11:01:10.184  2251  2471 I DisplayDeviceRepository: Display device changed: DisplayDeviceInfo{"": uniqueId="local:4630946747577212033", 1080 x 2400, modeId 2, defaultModeId 1, supportedModes [{id=1, width=1080, height=2400, fps=90.0, alternativeRefreshRates=[60.000004]}, {id=2, width=1080, height=2400, fps=60.000004, alternativeRefreshRates=[90.0]}], supportedReadyForModes [], colorMode 0, supportedColorModes [0, 7], hdrCapabilities HdrCapabilities{mSupportedHdrTypes=[], mMaxLuminance=500.0, mMaxAverageLuminance=500.0, mMinLuminance=0.0}, allmSupported false, gameContentTypeSupported false, density 400, 409.432 x 406.4 dpi, appVsyncOff 1000000, presDeadline 16666666, cutout DisplayCutout{insets=Rect(0, 105 - 0, 0) waterfall=Insets{left=0, top=0, right=0, bottom=0} boundingRect={Bounds=[Rect(0, 0 - 0, 0), Rect(505, 0 - 575, 105), Rect(0, 0 - 0, 0), Rect(0, 0 - 0, 0)]} cutoutPathParserInfo={CutoutPathParserInfo{displayWidth=1080 displayHeight=2400 physicalDisplayWidth=1080 physicalDisplayHeight=2400 density={2.5} cutoutSpec={M -35,0 L -35,105 L 35,105 L 35,0 Z} rotation={0} scale={1.0} physicalPixelDisplaySizeRatio={1.0}}}}, touch INTERNAL, rotation 0, type INTERNAL, address {port=129, model=0x40446d87f7171c}, deviceProductInfo DeviceProductInfo{name=, manufacturerPnpId=QCM, productId=1, modelYear=null, manufactureDate=ManufactureDate{week=27, year=2006}, connectionToSinkType=0}, state ON, frameRateOverride , brightnessMinimum 0.0, brightnessMaximum 1.0, brightnessDefault 0.39763778, roundedCorners RoundedCorners{[RoundedCorner{position=TopLeft, radius=95, center=Point(95, 95)}, RoundedCorner{position=TopRight, radius=95, center=Point(985, 95)}, RoundedCorner{position=BottomRight, radius=95, center=Point(985, 2305)}, RoundedCorner{position=BottomLeft, radius=95, center=Point(95, 2305)}]}, FLAG_ALLOWED_TO_BE_DEFAULT_DISPLAY, FLAG_ROTATES_WITH_CONTENT, FLAG_SECURE, FLAG_SUPPORTS_PROTECTED_BUFFERS, installOrientation 0}
07-29 11:01:10.191  2251  2251 I WallpaperManagerService: onDisplayChanged displayId = 0
07-29 11:01:10.240  2251  2471 I DisplayDeviceRepository: Display device changed: DisplayDeviceInfo{"": uniqueId="local:4630946747577212033", 1080 x 2400, modeId 1, defaultModeId 1, supportedModes [{id=1, width=1080, height=2400, fps=90.0, alternativeRefreshRates=[60.000004]}, {id=2, width=1080, height=2400, fps=60.000004, alternativeRefreshRates=[90.0]}], supportedReadyForModes [], colorMode 0, supportedColorModes [0, 7], hdrCapabilities HdrCapabilities{mSupportedHdrTypes=[], mMaxLuminance=500.0, mMaxAverageLuminance=500.0, mMinLuminance=0.0}, allmSupported false, gameContentTypeSupported false, density 400, 409.432 x 406.4 dpi, appVsyncOff 1000000, presDeadline 17111110, cutout DisplayCutout{insets=Rect(0, 105 - 0, 0) waterfall=Insets{left=0, top=0, right=0, bottom=0} boundingRect={Bounds=[Rect(0, 0 - 0, 0), Rect(505, 0 - 575, 105), Rect(0, 0 - 0, 0), Rect(0, 0 - 0, 0)]} cutoutPathParserInfo={CutoutPathParserInfo{displayWidth=1080 displayHeight=2400 physicalDisplayWidth=1080 physicalDisplayHeight=2400 density={2.5} cutoutSpec={M -35,0 L -35,105 L 35,105 L 35,0 Z} rotation={0} scale={1.0} physicalPixelDisplaySizeRatio={1.0}}}}, touch INTERNAL, rotation 0, type INTERNAL, address {port=129, model=0x40446d87f7171c}, deviceProductInfo DeviceProductInfo{name=, manufacturerPnpId=QCM, productId=1, modelYear=null, manufactureDate=ManufactureDate{week=27, year=2006}, connectionToSinkType=0}, state ON, frameRateOverride , brightnessMinimum 0.0, brightnessMaximum 1.0, brightnessDefault 0.39763778, roundedCorners RoundedCorners{[RoundedCorner{position=TopLeft, radius=95, center=Point(95, 95)}, RoundedCorner{position=TopRight, radius=95, center=Point(985, 95)}, RoundedCorner{position=BottomRight, radius=95, center=Point(985, 2305)}, RoundedCorner{position=BottomLeft, radius=95, center=Point(95, 2305)}]}, FLAG_ALLOWED_TO_BE_DEFAULT_DISPLAY, FLAG_ROTATES_WITH_CONTENT, FLAG_SECURE, FLAG_SUPPORTS_PROTECTED_BUFFERS, installOrientation 0}
07-29 11:01:10.245  2251  2251 I WallpaperManagerService: onDisplayChanged displayId = 0
07-29 11:01:10.249  2251  2471 D DisplayManagerService: Ignore redundant display event 0/2 to 10138/20346
07-29 11:01:10.328  3844  3844 D VRI[NotificationShade]: update {(0,0)(fillxfill) gr=TOP CENTER_VERTICAL sim={adjust=resize} layoutInDisplayCutoutMode=always ty=2040 fmt=TRANSLUCENT
07-29 11:01:10.328  3844  3844 D VRI[NotificationShade]:   fl=NOT_FOCUSABLE TOUCHABLE_WHEN_WAKING WATCH_OUTSIDE_TOUCH SPLIT_TOUCH HARDWARE_ACCELERATED DRAWS_SYSTEM_BAR_BACKGROUNDS
07-29 11:01:10.328  3844  3844 D VRI[NotificationShade]:   pfl=BEHAVIOR_CONTROLLED FIT_INSETS_CONTROLLED
07-29 11:01:10.328  3844  3844 D VRI[NotificationShade]:   bhv=SHOW_TRANSIENT_BARS_BY_SWIPE} by setLayoutParams
07-29 11:01:10.345  3844  3844 D VRI[NotificationShade]: update {(0,0)(fillxfill) gr=TOP CENTER_VERTICAL sim={adjust=resize} layoutInDisplayCutoutMode=always ty=2040 fmt=TRANSLUCENT
07-29 11:01:10.345  3844  3844 D VRI[NotificationShade]:   fl=NOT_FOCUSABLE TOUCHABLE_WHEN_WAKING WATCH_OUTSIDE_TOUCH SPLIT_TOUCH HARDWARE_ACCELERATED DRAWS_SYSTEM_BAR_BACKGROUNDS
07-29 11:01:10.345  3844  3844 D VRI[NotificationShade]:   pfl=COLOR_SPACE_AGNOSTIC BEHAVIOR_CONTROLLED FIT_INSETS_CONTROLLED
07-29 11:01:10.345  3844  3844 D VRI[NotificationShade]:   bhv=SHOW_TRANSIENT_BARS_BY_SWIPE} by setLayoutParams
07-29 11:01:10.359  3844  3844 D VRI[StatusBar]: update {(0,0)(fillx105) gr=TOP CENTER_VERTICAL layoutInDisplayCutoutMode=always ty=STATUS_BAR fmt=TRANSLUCENT
07-29 11:01:10.359  3844  3844 D VRI[StatusBar]:   fl=NOT_FOCUSABLE SPLIT_TOUCH HARDWARE_ACCELERATED DRAWS_SYSTEM_BAR_BACKGROUNDS
07-29 11:01:10.359  3844  3844 D VRI[StatusBar]:   pfl=COLOR_SPACE_AGNOSTIC FIT_INSETS_CONTROLLED
07-29 11:01:10.359  3844  3844 D VRI[StatusBar]:   bhv=DEFAULT
07-29 11:01:10.359  3844  3844 D VRI[StatusBar]:   paramsForRotation={(0,0)(fillx105) gr=TOP CENTER_VERTICAL layoutInDisplayCutoutMode=always ty=STATUS_BAR fmt=TRANSLUCENT
07-29 11:01:10.359  3844  3844 D VRI[StatusBar]:   fl=NOT_FOCUSABLE SPLIT_TOUCH DRAWS_SYSTEM_BAR_BACKGROUNDS
07-29 11:01:10.359  3844  3844 D VRI[StatusBar]:   pfl=COLOR_SPACE_AGNOSTIC FIT_INSETS_CONTROLLED
07-29 11:01:10.359  3844  3844 D VRI[StatusBar]:   bhv=DEFAULT} {(0,0)(fillx60) gr=TOP CENTER_VERTICAL layoutInDisplayCutoutMode=always ty=STATUS_BAR fmt=TRANSLUCENT
07-29 11:01:10.359  3844  3844 D VRI[StatusBar]:   fl=NOT_FOCUSABLE SPLIT_TOUCH DRAWS_SYSTEM_BAR_BACKGROUNDS
07-29 11:01:10.359  3844  3844 D VRI[StatusBar]:   pfl=COLOR_SPACE_AGNOSTIC FIT_INSETS_CONTROLLED
07-29 11:01:10.359  3844  3844 D VRI[StatusBar]:   bhv=DEFAULT} {(0,0)(fillx60) gr=TOP CENTER_VERTICAL layoutInDisplayCutoutMode=always ty=STATUS_BAR fmt=TRANSLUCENT
07-29 11:01:10.359  3844  3844 D VRI[StatusBar]:   fl=NOT_FOCUSABLE SPLIT_TOUCH DRAWS_SYSTEM_BAR_BACKGROUNDS
07-29 11:01:10.359  3844  3844 D VRI[StatusBar]:   pfl=COLOR_SPACE_AGNOSTIC FIT_INSETS_CONTROLLED
07-29 11:01:10.359  3844  3844 D VRI[StatusBar]:   bhv=DEFAULT} {(0,0)(fillx60) gr=TOP CENTER_VERTICAL layoutInDisplayCutoutMode=always ty=STATUS_BAR fmt=TRANSLUCENT
07-29 11:01:10.359  3844  3844 D VRI[StatusBar]:   fl=NOT_FOCUSABLE SPLIT_TOUCH DRAWS_SYSTEM_BAR_BACKGROUNDS
07-29 11:01:10.359  3844  3844 D VRI[StatusBar]:   pfl=COLOR_SPACE_AGNOSTIC FIT_INSETS_CONTROLLED
07-29 11:01:10.359  3844  3844 D VRI[StatusBar]:   bhv=DEFAULT}} by setLayoutParams
07-29 11:01:11.841  2251  4021 D CompatibilityChangeReporter: Compat change id reported: 172251878; UID 10182; state: ENABLED
07-29 11:01:11.867  2251 32450 D CompatibilityChangeReporter: Compat change id reported: 161252188; UID 10182; state: DISABLED
07-29 11:01:12.436  2251  2482 D CompatibilityChangeReporter: Compat change id reported: 135634846; UID 10135; state: DISABLED
07-29 11:01:12.437  2251  2482 D CompatibilityChangeReporter: Compat change id reported: 177438394; UID 10135; state: DISABLED
07-29 11:01:12.437  2251  2482 D CompatibilityChangeReporter: Compat change id reported: 135772972; UID 10135; state: DISABLED
07-29 11:01:12.438  2251  2482 D CompatibilityChangeReporter: Compat change id reported: 135754954; UID 10135; state: ENABLED
07-29 11:01:12.438  2251  2483 D CompatibilityChangeReporter: Compat change id reported: 143937733; UID 10135; state: ENABLED
07-29 11:01:12.458  2251  2483 I ActivityManager: Start proc 22501:com.google.android.apps.messaging/u0a135 for broadcast {com.google.android.apps.messaging/com.google.android.apps.messaging.shared.experiments.receiver.BuglePhenotypeBroadcastReceiver}
07-29 11:01:13.056  2251 31223 I SystemUpdateManagerService: No existing info file /data/system/system-update-info.xml
07-29 11:01:13.068  2251  3905 I SystemUpdateManagerService: No existing info file /data/system/system-update-info.xml
07-29 11:01:13.294  2251  5619 D CompatibilityChangeReporter: Compat change id reported: 161145287; UID 10135; state: DISABLED
07-29 11:01:13.340  2251  5618 D CompatibilityChangeReporter: Compat change id reported: 168419799; UID 10183; state: DISABLED
07-29 11:01:13.524  2251 32450 D CompatibilityChangeReporter: Compat change id reported: 135634846; UID 10183; state: DISABLED
07-29 11:01:13.524  2251 32450 D CompatibilityChangeReporter: Compat change id reported: 177438394; UID 10183; state: DISABLED
07-29 11:01:13.524  2251 32450 D CompatibilityChangeReporter: Compat change id reported: 135772972; UID 10183; state: DISABLED
07-29 11:01:13.524  2251 32450 D CompatibilityChangeReporter: Compat change id reported: 135754954; UID 10183; state: ENABLED
07-29 11:01:13.526  2251  2483 D CompatibilityChangeReporter: Compat change id reported: 143937733; UID 10183; state: ENABLED
07-29 11:01:13.555  2251  2483 I ActivityManager: Start proc 22596:com.google.android.googlequicksearchbox:googleapp/u0a183 for broadcast {com.google.android.googlequicksearchbox/com.google.android.libraries.search.integrations.tiktok.phenotype.GoogleAppProcessPhenotypeConfigurationUpdatedReceiver_Receiver}
07-29 11:01:13.838  2251  5618 D CompatibilityChangeReporter: Compat change id reported: 161145287; UID 10183; state: DISABLED
07-29 11:01:14.019  2251  3905 I ActivityManager: appDiedLocked: app=ProcessRecord{7e83f1b 20439:com.motorola.camera3.content.ai/u0a194} thread=android.os.BinderProxy@1a2ae7 fromBinderDied=true isKilledByAm=false reason=null
07-29 11:01:14.019  2251  3905 I ActivityManager: Process com.motorola.camera3.content.ai (pid 20439) has died: cch+95 CEM 
07-29 11:01:14.019  2251  3905 I ActivityManager: Killing 20346:com.motorola.camera3/u0a138 (adj 955, setSvc -10000): depends on provider com.motorola.camera3.content.ai/.ModelContentProvider in dying proc com.motorola.camera3.content.ai (adj -10000)
07-29 11:01:14.020  2251  3905 D RestartModeController: markWaitRestartAppIsSuicided null processName=com.motorola.camera3.content.ai
07-29 11:01:14.020  2251  3905 D ActivityTaskManager: handleAppDied: uid=10194,diedCount=1,lastDiedTime=1649289198,forceStopUids=false
07-29 11:01:14.021  2251  2469 D DisplayManagerService: Drop pending events for gone uid 10194
07-29 11:01:14.177  2251  2324 I ActivityManager: appDiedLocked: app=ProcessRecord{b90f52f 20346:com.motorola.camera3/u0a138} thread=android.os.BinderProxy@7e37f56 fromBinderDied=true isKilledByAm=true reason=null
07-29 11:01:14.178  2251  2324 W ActivityManager: Scheduling restart of crashed service com.motorola.camera3/androidx.work.multiprocess.RemoteWorkManagerService in 10000ms for connection
07-29 11:01:14.180  2251  2324 D RestartModeController: markWaitRestartAppIsSuicided null processName=com.motorola.camera3
07-29 11:01:14.181  2251  2324 D ActivityTaskManager: handleAppDied: uid=10138,diedCount=1,lastDiedTime=1650286195,forceStopUids=false
07-29 11:01:14.188  2251  2471 W ActivityManager: setHasOverlayUi called on unknown pid: 20346
07-29 11:01:14.420  2251  2324 D CompatibilityChangeReporter: Compat change id reported: 135634846; UID 10093; state: DISABLED
07-29 11:01:14.420  2251  2324 D CompatibilityChangeReporter: Compat change id reported: 177438394; UID 10093; state: DISABLED
07-29 11:01:14.420  2251  2324 D CompatibilityChangeReporter: Compat change id reported: 135772972; UID 10093; state: DISABLED
07-29 11:01:14.421  2251  2324 D CompatibilityChangeReporter: Compat change id reported: 135754954; UID 10093; state: ENABLED
07-29 11:01:14.421  2251  2483 D CompatibilityChangeReporter: Compat change id reported: 143937733; UID 10093; state: ENABLED
07-29 11:01:14.437  2251  2483 I ActivityManager: Start proc 22659:android.process.acore/u0a93 for content provider {com.android.providers.contacts/com.android.providers.contacts.CallLogProvider}
07-29 11:01:14.499  2251  2324 D CompatibilityChangeReporter: Compat change id reported: 168419799; UID 10093; state: DISABLED
07-29 11:01:14.571  2251  2324 D CompatibilityChangeReporter: Compat change id reported: 161145287; UID 10093; state: DISABLED
07-29 11:01:14.726  2251 32448 D CompatibilityChangeReporter: Compat change id reported: 201794303; UID 10093; state: ENABLED
07-29 11:01:14.732  2251 32448 D RestartModeController: determineRescueAppAfterAppFinishItself@1 null pkgName=com.android.settings
07-29 11:01:14.833  2251  4021 W PackageConfigPersister: App-specific configuration not found for packageName: jp.naver.line.android and userId: 0
07-29 11:01:14.959 20885 20885 D VRI[LiffActivity]: update {(0,0)(fillxfill) sim={adjust=resize} layoutInDisplayCutoutMode=shortEdges ty=BASE_APPLICATION fmt=TRANSPARENT wanim=0x1030000
07-29 11:01:14.959 20885 20885 D VRI[LiffActivity]:   fl=LAYOUT_IN_SCREEN LAYOUT_INSET_DECOR SPLIT_TOUCH HARDWARE_ACCELERATED DRAWS_SYSTEM_BAR_BACKGROUNDS
07-29 11:01:14.959 20885 20885 D VRI[LiffActivity]:   pfl=NO_MOVE_ANIMATION FORCE_DRAW_STATUS_BAR_BACKGROUND FIT_INSETS_CONTROLLED
07-29 11:01:14.959 20885 20885 D VRI[LiffActivity]:   bhv=DEFAULT
07-29 11:01:14.959 20885 20885 D VRI[LiffActivity]:   fitSides=} by setLayoutParams
07-29 11:01:14.963 20885 20885 D VRI[LiffActivity]: update {(0,0)(fillxfill) sim={adjust=resize forwardNavigation} layoutInDisplayCutoutMode=shortEdges ty=BASE_APPLICATION fmt=TRANSPARENT wanim=0x1030000
07-29 11:01:14.963 20885 20885 D VRI[LiffActivity]:   fl=LAYOUT_IN_SCREEN LAYOUT_INSET_DECOR SPLIT_TOUCH HARDWARE_ACCELERATED DRAWS_SYSTEM_BAR_BACKGROUNDS
07-29 11:01:14.963 20885 20885 D VRI[LiffActivity]:   pfl=NO_MOVE_ANIMATION FORCE_DRAW_STATUS_BAR_BACKGROUND USE_BLAST APPEARANCE_CONTROLLED FIT_INSETS_CONTROLLED
07-29 11:01:14.963 20885 20885 D VRI[LiffActivity]:   vsysui=LAYOUT_STABLE LIGHT_STATUS_BAR LIGHT_NAVIGATION_BAR
07-29 11:01:14.963 20885 20885 D VRI[LiffActivity]:   apr=LIGHT_STATUS_BARS LIGHT_NAVIGATION_BARS
07-29 11:01:14.963 20885 20885 D VRI[LiffActivity]:   bhv=DEFAULT
07-29 11:01:14.963 20885 20885 D VRI[LiffActivity]:   fitSides=} by setLayoutParams
07-29 11:01:15.030  2251  3073 D CoreBackPreview: Window{9da76ef u0 com.android.settings/com.motorola.settings.connecteddevice.usb.UsbBottomChooseActivity}: Setting back callback null
07-29 11:01:15.038  2251  4021 I ActivityManager: appDiedLocked: app=ProcessRecord{4538dcc 21381:com.google.android.webview:webview_service/u0a203} thread=android.os.BinderProxy@60c99a2 fromBinderDied=true isKilledByAm=false reason=null
07-29 11:01:15.038  2251  4021 I ActivityManager: Process com.google.android.webview:webview_service (pid 21381) has died: cch+55 CEM 
07-29 11:01:15.044  2251  4021 D RestartModeController: markWaitRestartAppIsSuicided null processName=com.google.android.webview:webview_service
07-29 11:01:15.045  2251  4021 D ActivityTaskManager: handleAppDied: uid=10203,diedCount=1,lastDiedTime=1650273506,forceStopUids=false
07-29 11:01:15.066  2251  2469 D DisplayManagerService: Drop pending events for gone uid 10203
07-29 11:01:15.072  2251  2472 W ActivityTaskManager: Failed to killAndRestart. No task found for id: 901
07-29 11:01:15.086  2251  2481 W ActivityManager: Rescheduling restart of crashed service com.motorola.camera3/androidx.work.multiprocess.RemoteWorkManagerService in 92ms for mem-pressure-event
07-29 11:01:15.089  2251  4021 I ActivityManager: appDiedLocked: app=ProcessRecord{ad44211 20654:com.motorola.camera3:JobMgrService/u0a138} thread=android.os.BinderProxy@9ce991c fromBinderDied=true isKilledByAm=false reason=null
07-29 11:01:15.089  2251  4021 I ActivityManager: Process com.motorola.camera3:JobMgrService (pid 20654) has died: cch+55 CEM 
07-29 11:01:15.090  2251  4021 D RestartModeController: markWaitRestartAppIsSuicided null processName=com.motorola.camera3:JobMgrService
07-29 11:01:15.090  2251  4021 D ActivityTaskManager: handleAppDied: uid=10138,diedCount=1,lastDiedTime=1650320511,forceStopUids=false
07-29 11:01:15.092  2251  2469 D DisplayManagerService: Drop pending events for gone uid 10138
07-29 11:01:15.736  2251 32450 D CompatibilityChangeReporter: Compat change id reported: 194532703; UID 10135; state: ENABLED
07-29 11:01:19.147  2251 32450 E AppOps  : Bad call made by uid 10182. Package "com.google.android.gms" does not belong to uid 10135.
07-29 11:01:22.916  2251  4021 D CompatibilityChangeReporter: Compat change id reported: 319212206; UID 10182; state: ENABLED
07-29 11:01:22.916  2251  4021 D CompatibilityChangeReporter: Compat change id reported: 319212206; UID 10182; state: DISABLED
07-29 11:01:29.401  2251  2324 E AppOps  : Bad call made by uid 10182. Package "com.google.android.gms" does not belong to uid 10135.
07-29 11:01:33.052  2251 14564 D AdbDebuggingManager: Received public key: QAAAADPgBIUF5T5KDH54hBPZaZfvYdMz3/dD34nKrqjKd+IRpZX8HEbopOW+Qluy3PQve5AhwMumM/UbsAy+CytUK8vuYUT32gsGD7p2WwfaLNnPsOpbMrOxU6GbxjxjQXDYj6p5ihDk57XWkhnF5WCZqSJrh+O1MYzZtdT0RJUGi2TZ2X4JjOqUxWL7J1w1YNAgz9E5XZdzj4f7mj1usD/manBQz8eIppDTL2r5Izqe+UTEsy/VfdAahUy7etqUurlYkpT6SR8h4scEvJeGkHK3LLysGI+rcXVuLJOIciRjK9c+uc1+Bee3htSYxV+sXILfXY6beua5aSRNsA6prppMICmREeS86GoI6nyCXo5fipdXvRkOsTPv15Dx2iULj82yCxxC73XHIJ5GHaOZc96fR8Qn5utut9H7lvRHiq//794P/NjhYf1qO83imQEZotm8e2e4YyiXnmNB2jyLoD1VEOBkR/rkFMGuH+tHZbhwXAlPqkBUeUD8Lk2VW2mlftrXK626Au69gtX5OHwGNBAgwvbvbdJLD8vjZYobv2eDKGPHy1SJNvdHdHJ1UZJHGTPUyITnGa4Mi99tCV08JQfI0QXZVN/nKqS7ejRTk/M6U/CoMiHYFj9n/COaqG4fcqsPnED6psmiA57+DeNrjfgpSA7kHi4+8XTyPO1+XEHHIK/Sz2vVfQEAAQA= user1@DESKTOP-GRNOLJK
07-29 11:01:33.054  2251  2468 D AdbDebuggingManager: Logging key QAAAADPgBIUF5T5KDH54hBPZaZfvYdMz3/dD34nKrqjKd+IRpZX8HEbopOW+Qluy3PQve5AhwMumM/UbsAy+CytUK8vuYUT32gsGD7p2WwfaLNnPsOpbMrOxU6GbxjxjQXDYj6p5ihDk57XWkhnF5WCZqSJrh+O1MYzZtdT0RJUGi2TZ2X4JjOqUxWL7J1w1YNAgz9E5XZdzj4f7mj1usD/manBQz8eIppDTL2r5Izqe+UTEsy/VfdAahUy7etqUurlYkpT6SR8h4scEvJeGkHK3LLysGI+rcXVuLJOIciRjK9c+uc1+Bee3htSYxV+sXILfXY6beua5aSRNsA6prppMICmREeS86GoI6nyCXo5fipdXvRkOsTPv15Dx2iULj82yCxxC73XHIJ5GHaOZc96fR8Qn5utut9H7lvRHiq//794P/NjhYf1qO83imQEZotm8e2e4YyiXnmNB2jyLoD1VEOBkR/rkFMGuH+tHZbhwXAlPqkBUeUD8Lk2VW2mlftrXK626Au69gtX5OHwGNBAgwvbvbdJLD8vjZYobv2eDKGPHy1SJNvdHdHJ1UZJHGTPUyITnGa4Mi99tCV08JQfI0QXZVN/nKqS7ejRTk/M6U/CoMiHYFj9n/COaqG4fcqsPnED6psmiA57+DeNrjfgpSA7kHi4+8XTyPO1+XEHHIK/Sz2vVfQEAAQA= user1@DESKTOP-GRNOLJK, state = 1, alwaysAllow = false, lastConnectionTime = 0, authWindow = 604800000
07-29 11:01:33.057  2251  2468 I ActivityTaskManager: START u0 {flg=0x10000000 cmp=com.android.systemui/.usb.UsbDebuggingActivity (has extras)} from uid 1000
07-29 11:01:33.122  2251  2468 D CompatibilityChangeReporter: Compat change id reported: 194480991; UID 10266; state: ENABLED
07-29 11:01:33.123  2251  2468 D ActivityTaskManager: getPreferredLaunchDisplay userset_displayid false user set display id -1, current focus display 0
07-29 11:01:33.123  2251  2468 D ActivityTaskManager: getPreferredLaunchDisplay userset_displayid false user set display id -1, current focus display 0
07-29 11:01:33.127  2251  2468 D ActivityTaskManager: getPreferredLaunchDisplay userset_displayid false user set display id -1, current focus display 0
07-29 11:01:33.127  2251  2468 D ActivityTaskManager: getPreferredLaunchDisplay userset_displayid false user set display id -1, current focus display 0
07-29 11:01:33.130  2251  2468 D ActivityTaskManager: getPreferredLaunchDisplay userset_displayid false user set display id 0, current focus display 0
07-29 11:01:33.130  2251  2468 D ActivityTaskManager: getPreferredLaunchDisplay userset_displayid false user set display id 0, current focus display 0
07-29 11:01:33.131  2251  2468 D CompatibilityChangeReporter: Compat change id reported: 174042980; UID 10266; state: DISABLED
07-29 11:01:33.131  2251  2468 D CompatibilityChangeReporter: Compat change id reported: 184838306; UID 10266; state: DISABLED
07-29 11:01:33.131  2251  2468 D CompatibilityChangeReporter: Compat change id reported: 185004937; UID 10266; state: DISABLED
07-29 11:01:33.131  2251  2468 D CompatibilityChangeReporter: Compat change id reported: 181136395; UID 10266; state: DISABLED
07-29 11:01:33.131  2251  2468 D CompatibilityChangeReporter: Compat change id reported: 174042936; UID 10266; state: DISABLED
07-29 11:01:33.132  2251  2468 D CompatibilityChangeReporter: Compat change id reported: 197654537; UID 10266; state: ENABLED
07-29 11:01:33.134  2251  2468 D CompatibilityChangeReporter: Compat change id reported: 205907456; UID 10266; state: ENABLED
07-29 11:01:33.142 20885 20885 D VRI[LiffActivity]: update {(0,0)(fillxfill) sim={adjust=resize} layoutInDisplayCutoutMode=shortEdges ty=BASE_APPLICATION fmt=TRANSPARENT wanim=0x1030000
07-29 11:01:33.142 20885 20885 D VRI[LiffActivity]:   fl=LAYOUT_IN_SCREEN LAYOUT_INSET_DECOR SPLIT_TOUCH HARDWARE_ACCELERATED DRAWS_SYSTEM_BAR_BACKGROUNDS
07-29 11:01:33.142 20885 20885 D VRI[LiffActivity]:   pfl=NO_MOVE_ANIMATION FORCE_DRAW_STATUS_BAR_BACKGROUND FIT_INSETS_CONTROLLED
07-29 11:01:33.142 20885 20885 D VRI[LiffActivity]:   bhv=DEFAULT
07-29 11:01:33.142 20885 20885 D VRI[LiffActivity]:   fitSides=} by setLayoutParams
07-29 11:01:33.150  2251  4021 I ActivityTaskManager: The Process com.android.systemui Already Exists in BG. So sending its PID: 3844
07-29 11:01:33.150  2251  4021 D ActivityTaskManager: Sync with process assetsSeq 2 on activity ActivityRecord{32a5c32 u0 com.android.systemui/.usb.UsbDebuggingActivity} t902}
07-29 11:01:33.150  2251  4021 W ActivityTaskManager: Tried to set launchTime (0) < mLastActivityLaunchTime (1465540740)
07-29 11:01:33.170  2251  4021 D CompatibilityChangeReporter: Compat change id reported: 161145287; UID 10266; state: DISABLED
07-29 11:01:33.197  3844  3844 D ViewRootImpl: update {(0,0)(wrapxwrap) sim={adjust=pan forwardNavigation} ty=BASE_APPLICATION fmt=TRANSLUCENT wanim=0x10302fe
07-29 11:01:33.197  3844  3844 D ViewRootImpl:   fl=DIM_BEHIND ALT_FOCUSABLE_IM SPLIT_TOUCH HARDWARE_ACCELERATED
07-29 11:01:33.197  3844  3844 D ViewRootImpl:   pfl=HIDE_NON_SYSTEM_OVERLAY_WINDOWS
07-29 11:01:33.197  3844  3844 D ViewRootImpl:   bhv=DEFAULT
07-29 11:01:33.197  3844  3844 D ViewRootImpl:   fitTypes=STATUS_BARS NAVIGATION_BARS CAPTION_BAR} by setView
07-29 11:01:33.201  2251  2324 D CoreBackPreview: Window{abc49fb u0 com.android.systemui/com.android.systemui.usb.UsbDebuggingActivity}: Setting back callback OnBackInvokedCallbackInfo{mCallback=android.window.IOnBackInvokedCallback$Stub$Proxy@66d6c71, mPriority=0}
07-29 11:01:33.243  2251  2472 I LaunchCheckinHandler: MotoDisplayed com.android.systemui/.usb.UsbDebuggingActivity,wp,ca,94
07-29 11:01:33.255  2251  2471 I ActivityManager: Killing 20866:com.google.ar.lens/u0a284 (adj 965, setSvc -10000): empty #13
07-29 11:01:33.298  2251  4021 I ActivityManager: appDiedLocked: app=ProcessRecord{eb222e8 20866:com.google.ar.lens/u0a284} thread=android.os.BinderProxy@72fa7eb fromBinderDied=true isKilledByAm=true reason=null
07-29 11:01:33.299  2251  4021 D RestartModeController: markWaitRestartAppIsSuicided null processName=com.google.ar.lens
07-29 11:01:33.299  2251  4021 D ActivityTaskManager: handleAppDied: uid=10284,diedCount=1,lastDiedTime=1649285642,forceStopUids=false
07-29 11:01:33.300  2251  2469 D DisplayManagerService: Drop pending events for gone uid 10284
07-29 11:01:33.314   886 22466 I keystore2: keystore2::watchdog: Watchdog thread idle -> terminating. Have a great day.
07-29 11:01:34.382  2251  2482 W BroadcastQueue: Exported Denial: sending Intent { act=android.net.conn.CONNECTIVITY_CHANGE flg=0x4200010 (has extras) }, action: android.net.conn.CONNECTIVITY_CHANGE from null (uid=-1) due to receiver ProcessRecord{5bf1dd9 22501:com.google.android.apps.messaging/u0a135} (uid 10135) not specifying RECEIVER_EXPORTED
07-29 11:01:34.797  3844  3844 V DeadZone: consuming errant click: (8.991674,25.03955)
07-29 11:01:34.797  3844  3844 V DeadZone: consuming errant click: (8.991674,25.03955)
07-29 11:01:37.045  2251  2468 D AdbDebuggingManager: Logging key QAAAADPgBIUF5T5KDH54hBPZaZfvYdMz3/dD34nKrqjKd+IRpZX8HEbopOW+Qluy3PQve5AhwMumM/UbsAy+CytUK8vuYUT32gsGD7p2WwfaLNnPsOpbMrOxU6GbxjxjQXDYj6p5ihDk57XWkhnF5WCZqSJrh+O1MYzZtdT0RJUGi2TZ2X4JjOqUxWL7J1w1YNAgz9E5XZdzj4f7mj1usD/manBQz8eIppDTL2r5Izqe+UTEsy/VfdAahUy7etqUurlYkpT6SR8h4scEvJeGkHK3LLysGI+rcXVuLJOIciRjK9c+uc1+Bee3htSYxV+sXILfXY6beua5aSRNsA6prppMICmREeS86GoI6nyCXo5fipdXvRkOsTPv15Dx2iULj82yCxxC73XHIJ5GHaOZc96fR8Qn5utut9H7lvRHiq//794P/NjhYf1qO83imQEZotm8e2e4YyiXnmNB2jyLoD1VEOBkR/rkFMGuH+tHZbhwXAlPqkBUeUD8Lk2VW2mlftrXK626Au69gtX5OHwGNBAgwvbvbdJLD8vjZYobv2eDKGPHy1SJNvdHdHJ1UZJHGTPUyITnGa4Mi99tCV08JQfI0QXZVN/nKqS7ejRTk/M6U/CoMiHYFj9n/COaqG4fcqsPnED6psmiA57+DeNrjfgpSA7kHi4+8XTyPO1+XEHHIK/Sz2vVfQEAAQA= user1@DESKTOP-GRNOLJK, state = 2, alwaysAllow = true, lastConnectionTime = 1753754497045, authWindow = 604800000
07-29 11:01:37.046  2251 32448 D RestartModeController: determineRescueAppAfterAppFinishItself@1 null pkgName=com.android.systemui
07-29 11:01:37.106  2251 32448 W PackageConfigPersister: App-specific configuration not found for packageName: jp.naver.line.android and userId: 0
07-29 11:01:37.110 20885 20885 D VRI[LiffActivity]: update {(0,0)(fillxfill) sim={adjust=resize} layoutInDisplayCutoutMode=shortEdges ty=BASE_APPLICATION fmt=TRANSPARENT wanim=0x1030000
07-29 11:01:37.110 20885 20885 D VRI[LiffActivity]:   fl=LAYOUT_IN_SCREEN LAYOUT_INSET_DECOR SPLIT_TOUCH HARDWARE_ACCELERATED DRAWS_SYSTEM_BAR_BACKGROUNDS
07-29 11:01:37.110 20885 20885 D VRI[LiffActivity]:   pfl=NO_MOVE_ANIMATION FORCE_DRAW_STATUS_BAR_BACKGROUND FIT_INSETS_CONTROLLED
07-29 11:01:37.110 20885 20885 D VRI[LiffActivity]:   bhv=DEFAULT
07-29 11:01:37.110 20885 20885 D VRI[LiffActivity]:   fitSides=} by setLayoutParams
07-29 11:01:37.112 20885 20885 D VRI[LiffActivity]: update {(0,0)(fillxfill) sim={adjust=resize forwardNavigation} layoutInDisplayCutoutMode=shortEdges ty=BASE_APPLICATION fmt=TRANSPARENT wanim=0x1030000
07-29 11:01:37.112 20885 20885 D VRI[LiffActivity]:   fl=LAYOUT_IN_SCREEN LAYOUT_INSET_DECOR SPLIT_TOUCH HARDWARE_ACCELERATED DRAWS_SYSTEM_BAR_BACKGROUNDS
07-29 11:01:37.112 20885 20885 D VRI[LiffActivity]:   pfl=NO_MOVE_ANIMATION FORCE_DRAW_STATUS_BAR_BACKGROUND USE_BLAST APPEARANCE_CONTROLLED FIT_INSETS_CONTROLLED
07-29 11:01:37.112 20885 20885 D VRI[LiffActivity]:   vsysui=LAYOUT_STABLE LIGHT_STATUS_BAR LIGHT_NAVIGATION_BAR
07-29 11:01:37.112 20885 20885 D VRI[LiffActivity]:   apr=LIGHT_STATUS_BARS LIGHT_NAVIGATION_BARS
07-29 11:01:37.112 20885 20885 D VRI[LiffActivity]:   bhv=DEFAULT
07-29 11:01:37.112 20885 20885 D VRI[LiffActivity]:   fitSides=} by setLayoutParams
07-29 11:01:37.193  2251 32450 D CoreBackPreview: Window{abc49fb u0 com.android.systemui/com.android.systemui.usb.UsbDebuggingActivity}: Setting back callback null
07-29 11:01:37.389  2251  2472 W ActivityTaskManager: Failed to killAndRestart. No task found for id: 902
07-29 11:01:41.255  2251  3073 W ContextImpl: Calling a method in the system process without a qualified user: android.app.ContextImpl.sendBroadcastMultiplePermissions:1233 com.android.server.TelephonyRegistry.broadcastServiceStateChanged:3085 com.android.server.TelephonyRegistry.notifyServiceStateForPhoneId:1616 com.android.internal.telephony.ITelephonyRegistry$Stub.onTransact:492 android.os.Binder.execTransactInternal:1294 
07-29 11:01:41.256  2251  3073 W ContextImpl: Calling a method in the system process without a qualified user: android.app.ContextImpl.sendBroadcastMultiplePermissions:1283 android.content.Context.sendBroadcastMultiplePermissions:2282 com.android.server.TelephonyRegistry.broadcastServiceStateChanged:3089 com.android.server.TelephonyRegistry.notifyServiceStateForPhoneId:1616 com.android.internal.telephony.ITelephonyRegistry$Stub.onTransact:492 
07-29 11:01:41.257  2251  2482 W BroadcastQueue: Permission Denial: receiving Intent { act=android.intent.action.SERVICE_STATE flg=0x1000010 (has extras) } to ProcessRecord{f93dee0 3844:com.android.systemui/u0a266} (pid=3844, uid=10266) requires android.permission.READ_PHONE_STATE due to sender android (uid 1001)
07-29 11:01:41.257  2251  2482 W BroadcastQueue: Permission Denial: receiving Intent { act=android.intent.action.SERVICE_STATE flg=0x1000010 (has extras) } to com.google.android.cellbroadcastreceiver/com.android.cellbroadcastreceiver.CellBroadcastReceiver requires android.permission.READ_PHONE_STATE due to sender android (uid 1001)
07-29 11:01:41.260  2251  3073 W ContextImpl: Calling a method in the system process without a qualified user: android.app.ContextImpl.sendBroadcastMultiplePermissions:1283 android.content.Context.sendBroadcastMultiplePermissions:2282 com.android.server.TelephonyRegistry.broadcastServiceStateChanged:3096 com.android.server.TelephonyRegistry.notifyServiceStateForPhoneId:1616 com.android.internal.telephony.ITelephonyRegistry$Stub.onTransact:492 
07-29 11:01:41.266  2251  2482 W BroadcastQueue: Permission Denial: receiving Intent { act=android.intent.action.SERVICE_STATE flg=0x1000010 (has extras) } to com.google.android.cellbroadcastreceiver/com.android.cellbroadcastreceiver.CellBroadcastReceiver requires android.permission.ACCESS_FINE_LOCATION due to sender android (uid 1001)
07-29 11:01:41.273  2251  3073 W ContextImpl: Calling a method in the system process without a qualified user: android.app.ContextImpl.sendBroadcastMultiplePermissions:1283 android.content.Context.sendBroadcastMultiplePermissions:2282 com.android.server.TelephonyRegistry.broadcastServiceStateChanged:3100 com.android.server.TelephonyRegistry.notifyServiceStateForPhoneId:1616 com.android.internal.telephony.ITelephonyRegistry$Stub.onTransact:492 
07-29 11:01:41.275  2251  2482 W BroadcastQueue: Permission Denial: receiving Intent { act=android.intent.action.SERVICE_STATE flg=0x1000010 (has extras) } to ProcessRecord{f93dee0 3844:com.android.systemui/u0a266} (pid=3844, uid=10266) requires android.permission.READ_PHONE_STATE due to sender android (uid 1001)
07-29 11:01:41.276  2251  2482 W BroadcastQueue: Appop Denial: receiving Intent { act=android.intent.action.SERVICE_STATE flg=0x1000010 (has extras) } to ProcessRecord{f93dee0 3844:com.android.systemui/u0a266} (pid=3844, uid=10266) excludes appop android:fine_location due to sender android (uid 1001)
07-29 11:01:41.276  2251  2482 W BroadcastQueue: Permission Denial: receiving Intent { act=android.intent.action.SERVICE_STATE flg=0x1000010 (has extras) } to com.google.android.cellbroadcastreceiver/com.android.cellbroadcastreceiver.CellBroadcastReceiver requires android.permission.READ_PHONE_STATE due to sender android (uid 1001)
07-29 11:01:41.944 21797 22854 E KernelCpuUidFreqTimeReader: Failed to read /proc/uid_time_in_state: java.nio.file.AccessDeniedException: /proc/uid_time_in_state
07-29 11:01:44.973  5290  6437 W Binder  : reply too large data on java level: InterfaceDescriptor = null, code = 1
07-29 11:01:46.052  2251  3072 I ActivityTaskManager: START u0 {act=android.intent.action.CHOOSER cmp=android/com.android.internal.app.ChooserActivity (has extras)} from uid 10354
07-29 11:01:46.054  2251  3072 D CompatibilityChangeReporter: Compat change id reported: 194480991; UID 1000; state: ENABLED
07-29 11:01:46.056  2251  3072 D ActivityTaskManager: getPreferredLaunchDisplay userset_displayid false user set display id 0, current focus display 0
07-29 11:01:46.056  2251  3072 D ActivityTaskManager: getPreferredLaunchDisplay userset_displayid false user set display id 0, current focus display 0
07-29 11:01:46.057  2251  3072 D ActivityTaskManager: getPreferredLaunchDisplay userset_displayid false user set display id 0, current focus display 0
07-29 11:01:46.057  2251  3072 D ActivityTaskManager: getPreferredLaunchDisplay userset_displayid false user set display id 0, current focus display 0
07-29 11:01:46.060  2251  3072 D CompatibilityChangeReporter: Compat change id reported: 174042980; UID 1000; state: DISABLED
07-29 11:01:46.062  2251  3072 D CompatibilityChangeReporter: Compat change id reported: 205907456; UID 1000; state: ENABLED
07-29 11:01:46.072  2251  2471 D CompatibilityChangeReporter: Compat change id reported: 135634846; UID 1000; state: DISABLED
07-29 11:01:46.073  2251  2471 D CompatibilityChangeReporter: Compat change id reported: 177438394; UID 1000; state: DISABLED
07-29 11:01:46.073  2251  2471 D CompatibilityChangeReporter: Compat change id reported: 135772972; UID 1000; state: DISABLED
07-29 11:01:46.073  2251  2471 D CompatibilityChangeReporter: Compat change id reported: 135754954; UID 1000; state: ENABLED
07-29 11:01:46.075 20885 20885 D VRI[LiffActivity]: update {(0,0)(fillxfill) sim={adjust=resize} layoutInDisplayCutoutMode=shortEdges ty=BASE_APPLICATION fmt=TRANSPARENT wanim=0x1030000
07-29 11:01:46.075 20885 20885 D VRI[LiffActivity]:   fl=LAYOUT_IN_SCREEN LAYOUT_INSET_DECOR SPLIT_TOUCH HARDWARE_ACCELERATED DRAWS_SYSTEM_BAR_BACKGROUNDS
07-29 11:01:46.075 20885 20885 D VRI[LiffActivity]:   pfl=NO_MOVE_ANIMATION FORCE_DRAW_STATUS_BAR_BACKGROUND FIT_INSETS_CONTROLLED
07-29 11:01:46.075 20885 20885 D VRI[LiffActivity]:   bhv=DEFAULT
07-29 11:01:46.075 20885 20885 D VRI[LiffActivity]:   fitSides=} by setLayoutParams
07-29 11:01:46.091  2251  2483 I ActivityManager: Start proc 22858:android:ui/1000 for next-top-activity {android/com.android.internal.app.ChooserActivity}
07-29 11:01:46.132  2251 32448 D CompatibilityChangeReporter: Compat change id reported: 168419799; UID 1000; state: DISABLED
07-29 11:01:46.137  2251 32448 D CompatibilityChangeReporter: Compat change id reported: 181136395; UID 1000; state: DISABLED
07-29 11:01:46.137  2251 32448 D CompatibilityChangeReporter: Compat change id reported: 174042936; UID 1000; state: DISABLED
07-29 11:01:46.245  2251 32448 D CompatibilityChangeReporter: Compat change id reported: 161145287; UID 1000; state: DISABLED
07-29 11:01:46.259 22858 22858 D ViewRootImpl: update {(0,0)(fillxfill) sim={forwardNavigation} ty=BASE_APPLICATION fmt=TRANSPARENT wanim=0x10302f2
07-29 11:01:46.259 22858 22858 D ViewRootImpl:   fl=DIM_BEHIND LAYOUT_IN_SCREEN LAYOUT_INSET_DECOR ALT_FOCUSABLE_IM SPLIT_TOUCH HARDWARE_ACCELERATED DRAWS_SYSTEM_BAR_BACKGROUNDS
07-29 11:01:46.259 22858 22858 D ViewRootImpl:   pfl=NO_MOVE_ANIMATION FORCE_DRAW_STATUS_BAR_BACKGROUND HIDE_NON_SYSTEM_OVERLAY_WINDOWS FIT_INSETS_CONTROLLED
07-29 11:01:46.259 22858 22858 D ViewRootImpl:   bhv=DEFAULT
07-29 11:01:46.259 22858 22858 D ViewRootImpl:   fitSides=} by setView
07-29 11:01:46.267  2251  2324 D CoreBackPreview: Window{ff109e8 u0 android/com.android.internal.app.ChooserActivity}: Setting back callback OnBackInvokedCallbackInfo{mCallback=android.window.IOnBackInvokedCallback$Stub$Proxy@27eb6a6, mPriority=0}
07-29 11:01:46.269 22858 22858 D VRI[ChooserActivity]: update {(0,0)(fillxfill) sim={forwardNavigation} ty=BASE_APPLICATION fmt=TRANSPARENT wanim=0x10302f2
07-29 11:01:46.269 22858 22858 D VRI[ChooserActivity]:   fl=DIM_BEHIND LAYOUT_IN_SCREEN LAYOUT_INSET_DECOR ALT_FOCUSABLE_IM SPLIT_TOUCH HARDWARE_ACCELERATED DRAWS_SYSTEM_BAR_BACKGROUNDS
07-29 11:01:46.269 22858 22858 D VRI[ChooserActivity]:   pfl=NO_MOVE_ANIMATION FORCE_DRAW_STATUS_BAR_BACKGROUND HIDE_NON_SYSTEM_OVERLAY_WINDOWS FIT_INSETS_CONTROLLED
07-29 11:01:46.269 22858 22858 D VRI[ChooserActivity]:   bhv=DEFAULT
07-29 11:01:46.269 22858 22858 D VRI[ChooserActivity]:   fitSides=} by setLayoutParams
07-29 11:01:46.420  2251  2472 I LaunchCheckinHandler: MotoDisplayed android/com.android.internal.app.ChooserActivity,wp,ca,343
07-29 11:01:46.437  2251  2471 I ActivityManager: Killing 21951:com.motorola.enterprise.adapter.service/u0a330 (adj 965, setSvc -10000): empty #13
07-29 11:01:46.499  2251  3072 I ActivityManager: appDiedLocked: app=ProcessRecord{31309cb 21951:com.motorola.enterprise.adapter.service/u0a330} thread=android.os.BinderProxy@de579d7 fromBinderDied=true isKilledByAm=true reason=null
07-29 11:01:46.500  2251  3072 D RestartModeController: markWaitRestartAppIsSuicided null processName=com.motorola.enterprise.adapter.service
07-29 11:01:46.501  2251  3072 D ActivityTaskManager: handleAppDied: uid=10330,diedCount=1,lastDiedTime=1650282865,forceStopUids=false
07-29 11:01:46.503  2251  2469 D DisplayManagerService: Drop pending events for gone uid 10330
07-29 11:01:48.012  5290  6437 W Binder  : reply too large data on java level: InterfaceDescriptor = null, code = 1
07-29 11:01:57.191  5290  5301 W Binder  : reply too large data on java level: InterfaceDescriptor = null, code = 1
07-29 11:01:57.198  2251  2471 I DisplayDeviceRepository: Display device changed: DisplayDeviceInfo{"": uniqueId="local:4630946747577212033", 1080 x 2400, modeId 2, defaultModeId 1, supportedModes [{id=1, width=1080, height=2400, fps=90.0, alternativeRefreshRates=[60.000004]}, {id=2, width=1080, height=2400, fps=60.000004, alternativeRefreshRates=[90.0]}], supportedReadyForModes [], colorMode 0, supportedColorModes [0, 7], hdrCapabilities HdrCapabilities{mSupportedHdrTypes=[], mMaxLuminance=500.0, mMaxAverageLuminance=500.0, mMinLuminance=0.0}, allmSupported false, gameContentTypeSupported false, density 400, 409.432 x 406.4 dpi, appVsyncOff 1000000, presDeadline 16666666, cutout DisplayCutout{insets=Rect(0, 105 - 0, 0) waterfall=Insets{left=0, top=0, right=0, bottom=0} boundingRect={Bounds=[Rect(0, 0 - 0, 0), Rect(505, 0 - 575, 105), Rect(0, 0 - 0, 0), Rect(0, 0 - 0, 0)]} cutoutPathParserInfo={CutoutPathParserInfo{displayWidth=1080 displayHeight=2400 physicalDisplayWidth=1080 physicalDisplayHeight=2400 density={2.5} cutoutSpec={M -35,0 L -35,105 L 35,105 L 35,0 Z} rotation={0} scale={1.0} physicalPixelDisplaySizeRatio={1.0}}}}, touch INTERNAL, rotation 0, type INTERNAL, address {port=129, model=0x40446d87f7171c}, deviceProductInfo DeviceProductInfo{name=, manufacturerPnpId=QCM, productId=1, modelYear=null, manufactureDate=ManufactureDate{week=27, year=2006}, connectionToSinkType=0}, state ON, frameRateOverride , brightnessMinimum 0.0, brightnessMaximum 1.0, brightnessDefault 0.39763778, roundedCorners RoundedCorners{[RoundedCorner{position=TopLeft, radius=95, center=Point(95, 95)}, RoundedCorner{position=TopRight, radius=95, center=Point(985, 95)}, RoundedCorner{position=BottomRight, radius=95, center=Point(985, 2305)}, RoundedCorner{position=BottomLeft, radius=95, center=Point(95, 2305)}]}, FLAG_ALLOWED_TO_BE_DEFAULT_DISPLAY, FLAG_ROTATES_WITH_CONTENT, FLAG_SECURE, FLAG_SUPPORTS_PROTECTED_BUFFERS, installOrientation 0}
07-29 11:01:57.215  2251  2251 I WallpaperManagerService: onDisplayChanged displayId = 0
07-29 11:02:00.235  5290  5301 W Binder  : reply too large data on java level: InterfaceDescriptor = null, code = 1
07-29 11:02:00.273  2251  2471 I DisplayDeviceRepository: Display device changed: DisplayDeviceInfo{"": uniqueId="local:4630946747577212033", 1080 x 2400, modeId 1, defaultModeId 1, supportedModes [{id=1, width=1080, height=2400, fps=90.0, alternativeRefreshRates=[60.000004]}, {id=2, width=1080, height=2400, fps=60.000004, alternativeRefreshRates=[90.0]}], supportedReadyForModes [], colorMode 0, supportedColorModes [0, 7], hdrCapabilities HdrCapabilities{mSupportedHdrTypes=[], mMaxLuminance=500.0, mMaxAverageLuminance=500.0, mMinLuminance=0.0}, allmSupported false, gameContentTypeSupported false, density 400, 409.432 x 406.4 dpi, appVsyncOff 1000000, presDeadline 17111110, cutout DisplayCutout{insets=Rect(0, 105 - 0, 0) waterfall=Insets{left=0, top=0, right=0, bottom=0} boundingRect={Bounds=[Rect(0, 0 - 0, 0), Rect(505, 0 - 575, 105), Rect(0, 0 - 0, 0), Rect(0, 0 - 0, 0)]} cutoutPathParserInfo={CutoutPathParserInfo{displayWidth=1080 displayHeight=2400 physicalDisplayWidth=1080 physicalDisplayHeight=2400 density={2.5} cutoutSpec={M -35,0 L -35,105 L 35,105 L 35,0 Z} rotation={0} scale={1.0} physicalPixelDisplaySizeRatio={1.0}}}}, touch INTERNAL, rotation 0, type INTERNAL, address {port=129, model=0x40446d87f7171c}, deviceProductInfo DeviceProductInfo{name=, manufacturerPnpId=QCM, productId=1, modelYear=null, manufactureDate=ManufactureDate{week=27, year=2006}, connectionToSinkType=0}, state ON, frameRateOverride , brightnessMinimum 0.0, brightnessMaximum 1.0, brightnessDefault 0.39763778, roundedCorners RoundedCorners{[RoundedCorner{position=TopLeft, radius=95, center=Point(95, 95)}, RoundedCorner{position=TopRight, radius=95, center=Point(985, 95)}, RoundedCorner{position=BottomRight, radius=95, center=Point(985, 2305)}, RoundedCorner{position=BottomLeft, radius=95, center=Point(95, 2305)}]}, FLAG_ALLOWED_TO_BE_DEFAULT_DISPLAY, FLAG_ROTATES_WITH_CONTENT, FLAG_SECURE, FLAG_SUPPORTS_PROTECTED_BUFFERS, installOrientation 0}
07-29 11:02:00.278  2251  2251 I WallpaperManagerService: onDisplayChanged displayId = 0
07-29 11:02:03.119  3844  4890 D PowerUI : can't show warning due to - plugged: true status unknown: false
07-29 11:02:03.124  2251  2251 V UiModeManager: updateLocked: null action, mDockState=0, category=null
07-29 11:02:03.124  2251  2251 D UiModeManager: updateConfigurationLocked: mDockState=0; mCarMode=false; mNightMode=2; mNightModeCustomType=-1; uiMode=97
07-29 11:02:06.311  5290  5301 W Binder  : reply too large data on java level: InterfaceDescriptor = null, code = 1
07-29 11:02:12.398  5290  5302 W Binder  : reply too large data on java level: InterfaceDescriptor = null, code = 1
07-29 11:02:18.466  5290  5302 W Binder  : reply too large data on java level: InterfaceDescriptor = null, code = 1
07-29 11:02:21.519  5290  5302 W Binder  : reply too large data on java level: InterfaceDescriptor = null, code = 1
07-29 11:02:34.492  2251  2481 I ActivityManager: Killing 21966:com.facebook.system/u0a150 (adj 955, setSvc -10000): empty #13
07-29 11:02:34.548  2251  2324 I ActivityManager: appDiedLocked: app=ProcessRecord{d98b49f 21966:com.facebook.system/u0a150} thread=android.os.BinderProxy@2690c27 fromBinderDied=true isKilledByAm=true reason=null
07-29 11:02:34.549  2251  2324 D RestartModeController: markWaitRestartAppIsSuicided null processName=com.facebook.system
07-29 11:02:34.550  2251  2324 D ActivityTaskManager: handleAppDied: uid=10150,diedCount=1,lastDiedTime=1650285032,forceStopUids=false
07-29 11:02:34.553  2251  2469 D DisplayManagerService: Drop pending events for gone uid 10150
07-29 11:02:57.230  2251  2482 I ActivityManager: Killing 21894:com.facebook.appmanager/u0a218 (adj 965, setSvc -10000): empty #13
07-29 11:02:57.315  2251  4021 I ActivityManager: appDiedLocked: app=ProcessRecord{518a882 21894:com.facebook.appmanager/u0a218} thread=android.os.BinderProxy@347242e fromBinderDied=true isKilledByAm=true reason=null
07-29 11:02:57.317  2251  4021 D RestartModeController: markWaitRestartAppIsSuicided null processName=com.facebook.appmanager
07-29 11:02:57.318  2251  4021 D ActivityTaskManager: handleAppDied: uid=10218,diedCount=1,lastDiedTime=1650284753,forceStopUids=false
07-29 11:02:57.321  2251  2469 D DisplayManagerService: Drop pending events for gone uid 10218
07-29 11:02:57.350  2251 32450 W AppOps  : Noting op not finished: uid 10295 pkg jp.co.incrementp.milemobile code 1 startTime of in progress event=1753753616983
07-29 11:03:03.106  2251  2251 V UiModeManager: updateLocked: null action, mDockState=0, category=null
07-29 11:03:03.107  2251  2251 D UiModeManager: updateConfigurationLocked: mDockState=0; mCarMode=false; mNightMode=2; mNightModeCustomType=-1; uiMode=97
07-29 11:03:03.117  3844  4491 D PowerUI : can't show warning due to - plugged: true status unknown: false
07-29 11:03:16.126  5290  5301 W Binder  : reply too large data on java level: InterfaceDescriptor = null, code = 1
07-29 11:03:19.154  5290  5301 W Binder  : reply too large data on java level: InterfaceDescriptor = null, code = 1
07-29 11:03:21.719  2251 31391 D CompatibilityChangeReporter: Compat change id reported: 168419799; UID 10182; state: DISABLED
07-29 11:03:22.178  5290  5301 W Binder  : reply too large data on java level: InterfaceDescriptor = null, code = 1
07-29 11:03:28.277  5290  9665 W Binder  : reply too large data on java level: InterfaceDescriptor = null, code = 1
07-29 11:03:46.472  5290  9665 W Binder  : reply too large data on java level: InterfaceDescriptor = null, code = 1
07-29 11:03:53.785  2251 32450 V UserSystemPackageInstaller: dumpPackageWhitelistProblems(): using mode 5
07-29 11:03:55.580  5290  9665 W Binder  : reply too large data on java level: InterfaceDescriptor = null, code = 1
07-29 11:04:00.604  2251  2251 D CompatibilityChangeReporter: Compat change id reported: 168419799; UID 10336; state: DISABLED
07-29 11:04:00.665  2251  2251 D CompatibilityChangeReporter: Compat change id reported: 135634846; UID 10294; state: DISABLED
07-29 11:04:00.665  2251  2251 D CompatibilityChangeReporter: Compat change id reported: 177438394; UID 10294; state: DISABLED
07-29 11:04:00.665  2251  2251 D CompatibilityChangeReporter: Compat change id reported: 135772972; UID 10294; state: DISABLED
07-29 11:04:00.665  2251  2251 D CompatibilityChangeReporter: Compat change id reported: 135754954; UID 10294; state: ENABLED
07-29 11:04:00.666  2251  2483 D CompatibilityChangeReporter: Compat change id reported: 143937733; UID 10294; state: ENABLED
07-29 11:04:00.668  2251  2251 D CompatibilityChangeReporter: Compat change id reported: 135634846; UID 10380; state: DISABLED
07-29 11:04:00.668  2251  2251 D CompatibilityChangeReporter: Compat change id reported: 177438394; UID 10380; state: DISABLED
07-29 11:04:00.668  2251  2251 D CompatibilityChangeReporter: Compat change id reported: 135772972; UID 10380; state: DISABLED
07-29 11:04:00.668  2251  2251 D CompatibilityChangeReporter: Compat change id reported: 135754954; UID 10380; state: ENABLED
07-29 11:04:00.683  2251  2483 I ActivityManager: Start proc 23012:com.google.android.apps.fitness/u0a294 for service {com.google.android.apps.fitness/androidx.work.impl.background.systemjob.SystemJobService}
07-29 11:04:00.684  2251  2483 D CompatibilityChangeReporter: Compat change id reported: 143937733; UID 10380; state: ENABLED
07-29 11:04:00.698  2251  2483 I ActivityManager: Start proc 23013:com.whatsapp/u0a380 for service {com.whatsapp/androidx.work.impl.background.systemjob.SystemJobService}
07-29 11:04:01.134  2251  2324 D CompatibilityChangeReporter: Compat change id reported: 161145287; UID 10294; state: DISABLED
07-29 11:04:01.378  2251  3073 D CompatibilityChangeReporter: Compat change id reported: 161145287; UID 10380; state: DISABLED
07-29 11:04:01.447  2251  2324 D CompatibilityChangeReporter: Compat change id reported: 194532703; UID 10380; state: ENABLED
07-29 11:04:01.480  2251  2324 W JobScheduler: Job didn't exist in JobStore: fa9144f #u0a380/38527 com.whatsapp/androidx.work.impl.background.systemjob.SystemJobService
07-29 11:04:01.796  2251 32444 D JobScheduler: Enqueueing job: (job:3/com.whatsapp/.AlarmService) work: JobWorkItem{id=0 intent=Intent { act=com.whatsapp.action.SETUP cmp=com.whatsapp/.AlarmService }}
