07-29 11:04:01.911  2251  4021 D CompatibilityChangeReporter: Compat change id reported: 171306433; UID 10380; state: ENABLED
07-29 11:04:01.912  2251  4021 D CompatibilityChangeReporter: Compat change id reported: 226439802; UID 10380; state: DISABLED
07-29 11:04:01.914  2251 31391 D CompatibilityChangeReporter: Compat change id reported: 218533173; UID 10380; state: ENABLED
07-29 11:04:01.944  2251  4021 D JobScheduler: Enqueueing job: (job:1/com.whatsapp/.crash.upload.ExceptionsUploadService) work: JobWorkItem{id=0 intent=Intent { cmp=com.whatsapp/.crash.upload.ExceptionsUploadService (has extras) }}
07-29 11:04:02.214  2251 31391 W ActivityManager: Background start not allowed: service Intent { act=com.whatsapp.messaging.MessageService.START cmp=com.whatsapp/.messaging.MessageService } to com.whatsapp/.messaging.MessageService from pid=23013 uid=10380 pkg=com.whatsapp startFg?=false
07-29 11:04:02.433  2251  4021 D JobScheduler: Enqueueing job: (job:4/com.whatsapp/.infra.push.RegistrationIntentService) work: JobWorkItem{id=0 intent=Intent { act=com.whatsapp.action.VERIFY cmp=com.whatsapp/.infra.push.RegistrationIntentService (has extras) }}
07-29 11:04:02.448  1772  1772 I wificond: Regulatory domain changed to country: JP on wiphy_index: 0
07-29 11:04:02.449  1772  1772 I wificond: UpdateBandInfo
07-29 11:04:02.466  1772  1772 I wificond: 2.4Ghz frequencies: 2412 2417 2422 2427 2432 2437 2442 2447 2452 2457 2462 2467 2472
07-29 11:04:02.466  1772  1772 I wificond: 5Ghz non-DFS frequencies:
07-29 11:04:02.466  1772  1772 I wificond: 5Ghz DFS frequencies: 5180 5200 5220 5240 5260 5280 5300 5320 5500 5520 5540 5560 5580 5600 5620 5640 5660 5680 5700 5720
07-29 11:04:02.466  1772  1772 I wificond: 6Ghz frequencies:
07-29 11:04:02.466  1772  1772 I wificond: 60Ghz frequencies:
07-29 11:04:02.762  2251  4019 V UserSystemPackageInstaller: dumpPackageWhitelistProblems(): using mode 5
07-29 11:04:03.109  2251  2251 V UiModeManager: updateLocked: null action, mDockState=0, category=null
07-29 11:04:03.112  2251  2251 D UiModeManager: updateConfigurationLocked: mDockState=0; mCarMode=false; mNightMode=2; mNightModeCustomType=-1; uiMode=97
07-29 11:04:03.116  3844  4369 D PowerUI : can't show warning due to - plugged: true status unknown: false
07-29 11:04:03.357  2251  4019 I ActivityManager: Killing 21613:com.google.process.gapps/u0a182 (adj 955, setSvc -10000): empty #13
07-29 11:04:03.359  2251  4019 D CompatibilityChangeReporter: Compat change id reported: 194532703; UID 10294; state: ENABLED
07-29 11:04:03.403  2251 31391 I ActivityManager: appDiedLocked: app=ProcessRecord{8697809 21613:com.google.process.gapps/u0a182} thread=android.os.BinderProxy@db9082c fromBinderDied=true isKilledByAm=true reason=null
07-29 11:04:03.404  2251 31391 D RestartModeController: markWaitRestartAppIsSuicided null processName=com.google.process.gapps
07-29 11:04:03.405  2251 31391 D ActivityTaskManager: handleAppDied: uid=10182,diedCount=1,lastDiedTime=1650273542,forceStopUids=false
07-29 11:04:05.974  2251  1197 D RestartModeController: determineRescueAppAfterAppFinishItself@1 null pkgName=android
07-29 11:04:06.077  2251  2324 W PackageConfigPersister: App-specific configuration not found for packageName: jp.naver.line.android and userId: 0
07-29 11:04:06.082 20885 20885 D VRI[LiffActivity]: update {(0,0)(fillxfill) sim={adjust=resize} layoutInDisplayCutoutMode=shortEdges ty=BASE_APPLICATION fmt=TRANSPARENT wanim=0x1030000
07-29 11:04:06.082 20885 20885 D VRI[LiffActivity]:   fl=LAYOUT_IN_SCREEN LAYOUT_INSET_DECOR SPLIT_TOUCH HARDWARE_ACCELERATED DRAWS_SYSTEM_BAR_BACKGROUNDS
07-29 11:04:06.082 20885 20885 D VRI[LiffActivity]:   pfl=NO_MOVE_ANIMATION FORCE_DRAW_STATUS_BAR_BACKGROUND FIT_INSETS_CONTROLLED
07-29 11:04:06.082 20885 20885 D VRI[LiffActivity]:   bhv=DEFAULT
07-29 11:04:06.082 20885 20885 D VRI[LiffActivity]:   fitSides=} by setLayoutParams
07-29 11:04:06.085 20885 20885 D VRI[LiffActivity]: update {(0,0)(fillxfill) sim={adjust=resize forwardNavigation} layoutInDisplayCutoutMode=shortEdges ty=BASE_APPLICATION fmt=TRANSPARENT wanim=0x1030000
07-29 11:04:06.085 20885 20885 D VRI[LiffActivity]:   fl=LAYOUT_IN_SCREEN LAYOUT_INSET_DECOR SPLIT_TOUCH HARDWARE_ACCELERATED DRAWS_SYSTEM_BAR_BACKGROUNDS
07-29 11:04:06.085 20885 20885 D VRI[LiffActivity]:   pfl=NO_MOVE_ANIMATION FORCE_DRAW_STATUS_BAR_BACKGROUND USE_BLAST APPEARANCE_CONTROLLED FIT_INSETS_CONTROLLED
07-29 11:04:06.085 20885 20885 D VRI[LiffActivity]:   vsysui=LAYOUT_STABLE LIGHT_STATUS_BAR LIGHT_NAVIGATION_BAR
07-29 11:04:06.085 20885 20885 D VRI[LiffActivity]:   apr=LIGHT_STATUS_BARS LIGHT_NAVIGATION_BARS
07-29 11:04:06.085 20885 20885 D VRI[LiffActivity]:   bhv=DEFAULT
07-29 11:04:06.085 20885 20885 D VRI[LiffActivity]:   fitSides=} by setLayoutParams
07-29 11:04:06.115  2251  2471 I ActivityManager: Killing 22089:com.google.android.apps.turbo/u0a124 (adj 935, setSvc -10000): empty #13
07-29 11:04:06.123 22858 22858 D VRI[ChooserActivity]: update {(0,0)(fillxfill) ty=BASE_APPLICATION fmt=TRANSPARENT wanim=0x10302f2
07-29 11:04:06.123 22858 22858 D VRI[ChooserActivity]:   fl=DIM_BEHIND LAYOUT_IN_SCREEN LAYOUT_INSET_DECOR ALT_FOCUSABLE_IM SPLIT_TOUCH HARDWARE_ACCELERATED DRAWS_SYSTEM_BAR_BACKGROUNDS
07-29 11:04:06.123 22858 22858 D VRI[ChooserActivity]:   pfl=NO_MOVE_ANIMATION FORCE_DRAW_STATUS_BAR_BACKGROUND FIT_INSETS_CONTROLLED
07-29 11:04:06.123 22858 22858 D VRI[ChooserActivity]:   bhv=DEFAULT
07-29 11:04:06.123 22858 22858 D VRI[ChooserActivity]:   fitSides=} by setLayoutParams
07-29 11:04:06.185  2251 32444 I ActivityManager: appDiedLocked: app=ProcessRecord{184cd30 22089:com.google.android.apps.turbo/u0a124} thread=android.os.BinderProxy@f7a93c1 fromBinderDied=true isKilledByAm=true reason=null
07-29 11:04:06.186  2251 32444 D RestartModeController: markWaitRestartAppIsSuicided null processName=com.google.android.apps.turbo
07-29 11:04:06.188  2251 32444 D ActivityTaskManager: handleAppDied: uid=10124,diedCount=1,lastDiedTime=1650273521,forceStopUids=false
07-29 11:04:06.188  2251  2469 D DisplayManagerService: Drop pending events for gone uid 10124
07-29 11:04:06.270  2251 32450 D CoreBackPreview: Window{ff109e8 u0 android/com.android.internal.app.ChooserActivity}: Setting back callback null
07-29 11:04:06.413  2251  2251 D CompatibilityChangeReporter: Compat change id reported: 171306433; UID 1000; state: ENABLED
07-29 11:04:06.414  2251  2251 D CompatibilityChangeReporter: Compat change id reported: 218533173; UID 1000; state: ENABLED
07-29 11:04:06.948  2251  3072 I ActivityTaskManager: START u0 {act=android.intent.action.CHOOSER cmp=android/com.android.internal.app.ChooserActivity (has extras)} from uid 10354
07-29 11:04:06.949  2251  3072 D CompatibilityChangeReporter: Compat change id reported: 194480991; UID 1000; state: ENABLED
07-29 11:04:06.950  2251  3072 D ActivityTaskManager: getPreferredLaunchDisplay userset_displayid false user set display id 0, current focus display 0
07-29 11:04:06.950  2251  3072 D ActivityTaskManager: getPreferredLaunchDisplay userset_displayid false user set display id 0, current focus display 0
07-29 11:04:06.950  2251  3072 D ActivityTaskManager: getPreferredLaunchDisplay userset_displayid false user set display id 0, current focus display 0
07-29 11:04:06.950  2251  3072 D ActivityTaskManager: getPreferredLaunchDisplay userset_displayid false user set display id 0, current focus display 0
07-29 11:04:06.953  2251  3072 D CompatibilityChangeReporter: Compat change id reported: 174042980; UID 1000; state: DISABLED
07-29 11:04:06.969 20885 20885 D VRI[LiffActivity]: update {(0,0)(fillxfill) sim={adjust=resize} layoutInDisplayCutoutMode=shortEdges ty=BASE_APPLICATION fmt=TRANSPARENT wanim=0x1030000
07-29 11:04:06.969 20885 20885 D VRI[LiffActivity]:   fl=LAYOUT_IN_SCREEN LAYOUT_INSET_DECOR SPLIT_TOUCH HARDWARE_ACCELERATED DRAWS_SYSTEM_BAR_BACKGROUNDS
07-29 11:04:06.969 20885 20885 D VRI[LiffActivity]:   pfl=NO_MOVE_ANIMATION FORCE_DRAW_STATUS_BAR_BACKGROUND FIT_INSETS_CONTROLLED
07-29 11:04:06.969 20885 20885 D VRI[LiffActivity]:   bhv=DEFAULT
07-29 11:04:06.969 20885 20885 D VRI[LiffActivity]:   fitSides=} by setLayoutParams
07-29 11:04:06.971  2251  3072 I ActivityTaskManager: The Process android:ui Already Exists in BG. So sending its PID: 22858
07-29 11:04:06.971  2251  3072 W ActivityTaskManager: Tried to set launchTime (0) < mLastActivityLaunchTime (1650352465)
07-29 11:04:06.972  2251  3072 D CompatibilityChangeReporter: Compat change id reported: 168419799; UID 1000; state: DISABLED
07-29 11:04:07.033 22858 22858 D ViewRootImpl: update {(0,0)(fillxfill) sim={forwardNavigation} ty=BASE_APPLICATION fmt=TRANSPARENT wanim=0x10302f2
07-29 11:04:07.033 22858 22858 D ViewRootImpl:   fl=DIM_BEHIND LAYOUT_IN_SCREEN LAYOUT_INSET_DECOR ALT_FOCUSABLE_IM SPLIT_TOUCH HARDWARE_ACCELERATED DRAWS_SYSTEM_BAR_BACKGROUNDS
07-29 11:04:07.033 22858 22858 D ViewRootImpl:   pfl=NO_MOVE_ANIMATION FORCE_DRAW_STATUS_BAR_BACKGROUND HIDE_NON_SYSTEM_OVERLAY_WINDOWS FIT_INSETS_CONTROLLED
07-29 11:04:07.033 22858 22858 D ViewRootImpl:   bhv=DEFAULT
07-29 11:04:07.033 22858 22858 D ViewRootImpl:   fitSides=} by setView
07-29 11:04:07.036  2251  2324 D CoreBackPreview: Window{6535369 u0 android/com.android.internal.app.ChooserActivity}: Setting back callback OnBackInvokedCallbackInfo{mCallback=android.window.IOnBackInvokedCallback$Stub$Proxy@6a8768f, mPriority=0}
07-29 11:04:07.038 22858 22858 D VRI[ChooserActivity]: update {(0,0)(fillxfill) sim={forwardNavigation} ty=BASE_APPLICATION fmt=TRANSPARENT wanim=0x10302f2
07-29 11:04:07.038 22858 22858 D VRI[ChooserActivity]:   fl=DIM_BEHIND LAYOUT_IN_SCREEN LAYOUT_INSET_DECOR ALT_FOCUSABLE_IM SPLIT_TOUCH HARDWARE_ACCELERATED DRAWS_SYSTEM_BAR_BACKGROUNDS
07-29 11:04:07.038 22858 22858 D VRI[ChooserActivity]:   pfl=NO_MOVE_ANIMATION FORCE_DRAW_STATUS_BAR_BACKGROUND HIDE_NON_SYSTEM_OVERLAY_WINDOWS FIT_INSETS_CONTROLLED
07-29 11:04:07.038 22858 22858 D VRI[ChooserActivity]:   bhv=DEFAULT
07-29 11:04:07.038 22858 22858 D VRI[ChooserActivity]:   fitSides=} by setLayoutParams
07-29 11:04:07.071  2251  2472 I LaunchCheckinHandler: MotoDisplayed android/com.android.internal.app.ChooserActivity,wp,ca,100
07-29 11:04:07.687  5290  5304 W Binder  : reply too large data on java level: InterfaceDescriptor = null, code = 1
07-29 11:04:11.830  2251  3101 D CompatibilityChangeReporter: Compat change id reported: 151105954; UID 1000; state: ENABLED
07-29 11:04:11.831  2251  3101 E AppOps  : attributionTag  not declared in manifest of in.sweatco.app
07-29 11:04:11.831  2251  3101 W AppOps  : Noting op not finished: uid 10296 pkg in.sweatco.app code 79 startTime of in progress event=1753708389259
07-29 11:04:11.832  2251  3101 E AppOps  : attributionTag  not declared in manifest of in.sweatco.app
07-29 11:04:11.832  2251  3101 W AppOps  : Noting op not finished: uid 10296 pkg in.sweatco.app code 79 startTime of in progress event=1753708389259
07-29 11:04:12.018  2251 31223 V UserSystemPackageInstaller: dumpPackageWhitelistProblems(): using mode 5
07-29 11:04:12.548   886 23129 I keystore2: keystore2::watchdog: Watchdog thread idle -> terminating. Have a great day.
07-29 11:04:13.786  5290  5304 W Binder  : reply too large data on java level: InterfaceDescriptor = null, code = 1
07-29 11:04:21.222  2251 31391 V UserSystemPackageInstaller: dumpPackageWhitelistProblems(): using mode 5
07-29 11:04:30.400  2251 31223 V UserSystemPackageInstaller: dumpPackageWhitelistProblems(): using mode 5
07-29 11:04:31.964  5290  5304 W Binder  : reply too large data on java level: InterfaceDescriptor = null, code = 1
07-29 11:04:35.029  5290  5596 W Binder  : reply too large data on java level: InterfaceDescriptor = null, code = 1
07-29 11:04:36.318  2251  3101 E AppOps  : attributionTag  not declared in manifest of in.sweatco.app
07-29 11:04:36.318  2251  3101 W AppOps  : Noting op not finished: uid 10296 pkg in.sweatco.app code 79 startTime of in progress event=1753708389259
07-29 11:04:39.618  2251  1197 V UserSystemPackageInstaller: dumpPackageWhitelistProblems(): using mode 5
07-29 11:04:41.111  5290  5596 W Binder  : reply too large data on java level: InterfaceDescriptor = null, code = 1
07-29 11:04:48.753  2251 31223 V UserSystemPackageInstaller: dumpPackageWhitelistProblems(): using mode 5
07-29 11:04:57.367  2251 31223 W AppOps  : Noting op not finished: uid 10295 pkg jp.co.incrementp.milemobile code 1 startTime of in progress event=1753753616983
07-29 11:04:57.557  2251  1197 W AppOps  : Noting op not finished: uid 10182 pkg com.google.android.gms code 79 startTime of in progress event=1753754433500
07-29 11:04:57.557  2251  1197 W AppOps  : Noting op not finished: uid 10295 pkg jp.co.incrementp.milemobile code 79 startTime of in progress event=1753753443715
07-29 11:04:57.561  2251 32450 W AppOps  : Noting op not finished: uid 10182 pkg com.google.android.gms code 79 startTime of in progress event=1753754433500
07-29 11:04:57.561  2251 32450 W AppOps  : Noting op not finished: uid 10295 pkg jp.co.incrementp.milemobile code 79 startTime of in progress event=1753753443715
07-29 11:04:57.565  2251  1197 W AppOps  : Noting op not finished: uid 10182 pkg com.google.android.gms code 79 startTime of in progress event=1753754433500
07-29 11:04:57.565  2251  1197 W AppOps  : Noting op not finished: uid 10295 pkg jp.co.incrementp.milemobile code 79 startTime of in progress event=1753753443715
07-29 11:04:57.628  2251  1197 W AppOps  : Noting op not finished: uid 10182 pkg com.google.android.gms code 79 startTime of in progress event=1753754433500
07-29 11:04:57.629  2251  1197 W AppOps  : Noting op not finished: uid 10295 pkg jp.co.incrementp.milemobile code 79 startTime of in progress event=1753753443715
07-29 11:04:57.916  2251  1197 V UserSystemPackageInstaller: dumpPackageWhitelistProblems(): using mode 5
07-29 11:05:03.102  2251  2251 V UiModeManager: updateLocked: null action, mDockState=0, category=null
07-29 11:05:03.103  2251  2251 D UiModeManager: updateConfigurationLocked: mDockState=0; mCarMode=false; mNightMode=2; mNightModeCustomType=-1; uiMode=97
07-29 11:05:03.114  2251 32444 D RestartModeController: determineRescueAppAfterAppFinishItself@1 null pkgName=android
07-29 11:05:03.114  3844  5691 D PowerUI : can't show warning due to - plugged: true status unknown: false
07-29 11:05:03.187  2251  1197 W PackageConfigPersister: App-specific configuration not found for packageName: jp.naver.line.android and userId: 0
07-29 11:05:03.202 20885 20885 D VRI[LiffActivity]: update {(0,0)(fillxfill) sim={adjust=resize} layoutInDisplayCutoutMode=shortEdges ty=BASE_APPLICATION fmt=TRANSPARENT wanim=0x1030000
07-29 11:05:03.202 20885 20885 D VRI[LiffActivity]:   fl=LAYOUT_IN_SCREEN LAYOUT_INSET_DECOR SPLIT_TOUCH HARDWARE_ACCELERATED DRAWS_SYSTEM_BAR_BACKGROUNDS
07-29 11:05:03.202 20885 20885 D VRI[LiffActivity]:   pfl=NO_MOVE_ANIMATION FORCE_DRAW_STATUS_BAR_BACKGROUND FIT_INSETS_CONTROLLED
07-29 11:05:03.202 20885 20885 D VRI[LiffActivity]:   bhv=DEFAULT
07-29 11:05:03.202 20885 20885 D VRI[LiffActivity]:   fitSides=} by setLayoutParams
07-29 11:05:03.206 20885 20885 D VRI[LiffActivity]: update {(0,0)(fillxfill) sim={adjust=resize forwardNavigation} layoutInDisplayCutoutMode=shortEdges ty=BASE_APPLICATION fmt=TRANSPARENT wanim=0x1030000
07-29 11:05:03.206 20885 20885 D VRI[LiffActivity]:   fl=LAYOUT_IN_SCREEN LAYOUT_INSET_DECOR SPLIT_TOUCH HARDWARE_ACCELERATED DRAWS_SYSTEM_BAR_BACKGROUNDS
07-29 11:05:03.206 20885 20885 D VRI[LiffActivity]:   pfl=NO_MOVE_ANIMATION FORCE_DRAW_STATUS_BAR_BACKGROUND USE_BLAST APPEARANCE_CONTROLLED FIT_INSETS_CONTROLLED
07-29 11:05:03.206 20885 20885 D VRI[LiffActivity]:   vsysui=LAYOUT_STABLE LIGHT_STATUS_BAR LIGHT_NAVIGATION_BAR
07-29 11:05:03.206 20885 20885 D VRI[LiffActivity]:   apr=LIGHT_STATUS_BARS LIGHT_NAVIGATION_BARS
07-29 11:05:03.206 20885 20885 D VRI[LiffActivity]:   bhv=DEFAULT
07-29 11:05:03.206 20885 20885 D VRI[LiffActivity]:   fitSides=} by setLayoutParams
07-29 11:05:03.243 22858 22858 D VRI[ChooserActivity]: update {(0,0)(fillxfill) ty=BASE_APPLICATION fmt=TRANSPARENT wanim=0x10302f2
07-29 11:05:03.243 22858 22858 D VRI[ChooserActivity]:   fl=DIM_BEHIND LAYOUT_IN_SCREEN LAYOUT_INSET_DECOR ALT_FOCUSABLE_IM SPLIT_TOUCH HARDWARE_ACCELERATED DRAWS_SYSTEM_BAR_BACKGROUNDS
07-29 11:05:03.243 22858 22858 D VRI[ChooserActivity]:   pfl=NO_MOVE_ANIMATION FORCE_DRAW_STATUS_BAR_BACKGROUND FIT_INSETS_CONTROLLED
07-29 11:05:03.243 22858 22858 D VRI[ChooserActivity]:   bhv=DEFAULT
07-29 11:05:03.243 22858 22858 D VRI[ChooserActivity]:   fitSides=} by setLayoutParams
07-29 11:05:03.251  2251 32444 D CoreBackPreview: Window{6535369 u0 android/com.android.internal.app.ChooserActivity}: Setting back callback null
07-29 11:05:05.187  2251 32444 I ActivityTaskManager: START u0 {act=android.intent.action.CHOOSER cmp=android/com.android.internal.app.ChooserActivity (has extras)} from uid 10354
07-29 11:05:05.188  2251 32444 D ActivityTaskManager: getPreferredLaunchDisplay userset_displayid false user set display id 0, current focus display 0
07-29 11:05:05.188  2251 32444 D ActivityTaskManager: getPreferredLaunchDisplay userset_displayid false user set display id 0, current focus display 0
07-29 11:05:05.189  2251 32444 D ActivityTaskManager: getPreferredLaunchDisplay userset_displayid false user set display id 0, current focus display 0
07-29 11:05:05.189  2251 32444 D ActivityTaskManager: getPreferredLaunchDisplay userset_displayid false user set display id 0, current focus display 0
07-29 11:05:05.204 20885 20885 D VRI[LiffActivity]: update {(0,0)(fillxfill) sim={adjust=resize} layoutInDisplayCutoutMode=shortEdges ty=BASE_APPLICATION fmt=TRANSPARENT wanim=0x1030000
07-29 11:05:05.204 20885 20885 D VRI[LiffActivity]:   fl=LAYOUT_IN_SCREEN LAYOUT_INSET_DECOR SPLIT_TOUCH HARDWARE_ACCELERATED DRAWS_SYSTEM_BAR_BACKGROUNDS
07-29 11:05:05.204 20885 20885 D VRI[LiffActivity]:   pfl=NO_MOVE_ANIMATION FORCE_DRAW_STATUS_BAR_BACKGROUND FIT_INSETS_CONTROLLED
07-29 11:05:05.204 20885 20885 D VRI[LiffActivity]:   bhv=DEFAULT
07-29 11:05:05.204 20885 20885 D VRI[LiffActivity]:   fitSides=} by setLayoutParams
07-29 11:05:05.208  2251  2324 I ActivityTaskManager: The Process android:ui Already Exists in BG. So sending its PID: 22858
07-29 11:05:05.208  2251  2324 W ActivityTaskManager: Tried to set launchTime (0) < mLastActivityLaunchTime (1650493302)
07-29 11:05:05.215  2251 31391 I ActivityManager: updateOomAdj start time is before than pendingPid added, don't delete it
07-29 11:05:05.255 22858 22858 D ViewRootImpl: update {(0,0)(fillxfill) sim={forwardNavigation} ty=BASE_APPLICATION fmt=TRANSPARENT wanim=0x10302f2
07-29 11:05:05.255 22858 22858 D ViewRootImpl:   fl=DIM_BEHIND LAYOUT_IN_SCREEN LAYOUT_INSET_DECOR ALT_FOCUSABLE_IM SPLIT_TOUCH HARDWARE_ACCELERATED DRAWS_SYSTEM_BAR_BACKGROUNDS
07-29 11:05:05.255 22858 22858 D ViewRootImpl:   pfl=NO_MOVE_ANIMATION FORCE_DRAW_STATUS_BAR_BACKGROUND HIDE_NON_SYSTEM_OVERLAY_WINDOWS FIT_INSETS_CONTROLLED
07-29 11:05:05.255 22858 22858 D ViewRootImpl:   bhv=DEFAULT
07-29 11:05:05.255 22858 22858 D ViewRootImpl:   fitSides=} by setView
07-29 11:05:05.259  2251 31223 D CoreBackPreview: Window{f988631 u0 android/com.android.internal.app.ChooserActivity}: Setting back callback OnBackInvokedCallbackInfo{mCallback=android.window.IOnBackInvokedCallback$Stub$Proxy@7269a97, mPriority=0}
07-29 11:05:05.260 22858 22858 D VRI[ChooserActivity]: update {(0,0)(fillxfill) sim={forwardNavigation} ty=BASE_APPLICATION fmt=TRANSPARENT wanim=0x10302f2
07-29 11:05:05.260 22858 22858 D VRI[ChooserActivity]:   fl=DIM_BEHIND LAYOUT_IN_SCREEN LAYOUT_INSET_DECOR ALT_FOCUSABLE_IM SPLIT_TOUCH HARDWARE_ACCELERATED DRAWS_SYSTEM_BAR_BACKGROUNDS
07-29 11:05:05.260 22858 22858 D VRI[ChooserActivity]:   pfl=NO_MOVE_ANIMATION FORCE_DRAW_STATUS_BAR_BACKGROUND HIDE_NON_SYSTEM_OVERLAY_WINDOWS FIT_INSETS_CONTROLLED
07-29 11:05:05.260 22858 22858 D VRI[ChooserActivity]:   bhv=DEFAULT
07-29 11:05:05.260 22858 22858 D VRI[ChooserActivity]:   fitSides=} by setLayoutParams
07-29 11:05:05.297  2251  2472 I LaunchCheckinHandler: MotoDisplayed android/com.android.internal.app.ChooserActivity,wp,ca,90
07-29 11:05:05.387  5290  6437 W Binder  : reply too large data on java level: InterfaceDescriptor = null, code = 1
07-29 11:05:07.134  2251  2324 V UserSystemPackageInstaller: dumpPackageWhitelistProblems(): using mode 5
07-29 11:05:07.243  2251  2324 I ActivityTaskManager: START u0 {act=android.media.action.IMAGE_CAPTURE flg=0x3000003 cmp=com.motorola.camera3/com.motorola.camera.Camera clip={text/uri-list hasLabel(0) {U(content)}} (has extras)} from uid 10354
07-29 11:05:07.248  2251  2324 D CompatibilityChangeReporter: Compat change id reported: 194480991; UID 10138; state: ENABLED
07-29 11:05:07.249  2251  2324 D ActivityTaskManager: getPreferredLaunchDisplay userset_displayid false user set display id 0, current focus display 0
07-29 11:05:07.249  2251  2324 D ActivityTaskManager: getPreferredLaunchDisplay userset_displayid false user set display id 0, current focus display 0
07-29 11:05:07.250  2251  2324 D ActivityTaskManager: getPreferredLaunchDisplay userset_displayid false user set display id 0, current focus display 0
07-29 11:05:07.250  2251  2324 D ActivityTaskManager: getPreferredLaunchDisplay userset_displayid false user set display id 0, current focus display 0
07-29 11:05:07.253  2251  2324 D CompatibilityChangeReporter: Compat change id reported: 174042980; UID 10138; state: DISABLED
07-29 11:05:07.253  2251  2324 D CompatibilityChangeReporter: Compat change id reported: 184838306; UID 10138; state: DISABLED
07-29 11:05:07.253  2251  2324 D CompatibilityChangeReporter: Compat change id reported: 185004937; UID 10138; state: DISABLED
07-29 11:05:07.253  2251  2324 D CompatibilityChangeReporter: Compat change id reported: 181136395; UID 10138; state: DISABLED
07-29 11:05:07.253  2251  2324 D CompatibilityChangeReporter: Compat change id reported: 174042936; UID 10138; state: DISABLED
07-29 11:05:07.255  2251  2324 D CompatibilityChangeReporter: Compat change id reported: 205907456; UID 10138; state: ENABLED
07-29 11:05:07.265  2251 31223 D RestartModeController: determineRescueAppAfterAppFinishItself@1 null pkgName=android
07-29 11:05:07.273  2251  2471 D CompatibilityChangeReporter: Compat change id reported: 135634846; UID 10138; state: DISABLED
07-29 11:05:07.273  2251  2471 D CompatibilityChangeReporter: Compat change id reported: 177438394; UID 10138; state: DISABLED
07-29 11:05:07.273  2251  2471 D CompatibilityChangeReporter: Compat change id reported: 135772972; UID 10138; state: DISABLED
07-29 11:05:07.273  2251  2471 D CompatibilityChangeReporter: Compat change id reported: 135754954; UID 10138; state: ENABLED
07-29 11:05:07.273  2251  2483 D CompatibilityChangeReporter: Compat change id reported: 143937733; UID 10138; state: ENABLED
07-29 11:05:07.289  2251  2483 I ActivityManager: Start proc 23467:com.motorola.camera3/u0a138 for next-top-activity {com.motorola.camera3/com.motorola.camera.Camera}
07-29 11:05:07.313  3844  3907 D ViewRootImpl: update {(0,0)(fillxfill) ty=APPLICATION_STARTING fmt=TRANSLUCENT wanim=0x10302fd
07-29 11:05:07.313  3844  3907 D ViewRootImpl:   fl=NOT_FOCUSABLE NOT_TOUCHABLE LAYOUT_IN_SCREEN LAYOUT_INSET_DECOR ALT_FOCUSABLE_IM HARDWARE_ACCELERATED DRAWS_SYSTEM_BAR_BACKGROUNDS
07-29 11:05:07.313  3844  3907 D ViewRootImpl:   pfl=SHOW_FOR_ALL_USERS FIT_INSETS_CONTROLLED
07-29 11:05:07.313  3844  3907 D ViewRootImpl:   bhv=DEFAULT
07-29 11:05:07.313  3844  3907 D ViewRootImpl:   fitSides=} by setView
07-29 11:05:07.317  2251 32450 D CompatibilityChangeReporter: Compat change id reported: 168419799; UID 10138; state: DISABLED
07-29 11:05:07.401  3844  3844 D VRI[StatusBar]: update {(0,0)(fillx105) gr=TOP CENTER_VERTICAL layoutInDisplayCutoutMode=always ty=STATUS_BAR fmt=TRANSLUCENT
07-29 11:05:07.401  3844  3844 D VRI[StatusBar]:   fl=NOT_FOCUSABLE SPLIT_TOUCH HARDWARE_ACCELERATED DRAWS_SYSTEM_BAR_BACKGROUNDS
07-29 11:05:07.401  3844  3844 D VRI[StatusBar]:   pfl=FORCE_STATUS_BAR_VISIBLE COLOR_SPACE_AGNOSTIC FIT_INSETS_CONTROLLED
07-29 11:05:07.401  3844  3844 D VRI[StatusBar]:   bhv=DEFAULT
07-29 11:05:07.401  3844  3844 D VRI[StatusBar]:   paramsForRotation={(0,0)(fillx105) gr=TOP CENTER_VERTICAL layoutInDisplayCutoutMode=always ty=STATUS_BAR fmt=TRANSLUCENT
07-29 11:05:07.401  3844  3844 D VRI[StatusBar]:   fl=NOT_FOCUSABLE SPLIT_TOUCH DRAWS_SYSTEM_BAR_BACKGROUNDS
07-29 11:05:07.401  3844  3844 D VRI[StatusBar]:   pfl=COLOR_SPACE_AGNOSTIC FIT_INSETS_CONTROLLED
07-29 11:05:07.401  3844  3844 D VRI[StatusBar]:   bhv=DEFAULT} {(0,0)(fillx60) gr=TOP CENTER_VERTICAL layoutInDisplayCutoutMode=always ty=STATUS_BAR fmt=TRANSLUCENT
07-29 11:05:07.401  3844  3844 D VRI[StatusBar]:   fl=NOT_FOCUSABLE SPLIT_TOUCH DRAWS_SYSTEM_BAR_BACKGROUNDS
07-29 11:05:07.401  3844  3844 D VRI[StatusBar]:   pfl=COLOR_SPACE_AGNOSTIC FIT_INSETS_CONTROLLED
07-29 11:05:07.401  3844  3844 D VRI[StatusBar]:   bhv=DEFAULT} {(0,0)(fillx60) gr=TOP CENTER_VERTICAL layoutInDisplayCutoutMode=always ty=STATUS_BAR fmt=TRANSLUCENT
07-29 11:05:07.401  3844  3844 D VRI[StatusBar]:   fl=NOT_FOCUSABLE SPLIT_TOUCH DRAWS_SYSTEM_BAR_BACKGROUNDS
07-29 11:05:07.401  3844  3844 D VRI[StatusBar]:   pfl=COLOR_SPACE_AGNOSTIC FIT_INSETS_CONTROLLED
07-29 11:05:07.401  3844  3844 D VRI[StatusBar]:   bhv=DEFAULT} {(0,0)(fillx60) gr=TOP CENTER_VERTICAL layoutInDisplayCutoutMode=always ty=STATUS_BAR fmt=TRANSLUCENT
07-29 11:05:07.401  3844  3844 D VRI[StatusBar]:   fl=NOT_FOCUSABLE SPLIT_TOUCH DRAWS_SYSTEM_BAR_BACKGROUNDS
07-29 11:05:07.401  3844  3844 D VRI[StatusBar]:   pfl=COLOR_SPACE_AGNOSTIC FIT_INSETS_CONTROLLED
07-29 11:05:07.401  3844  3844 D VRI[StatusBar]:   bhv=DEFAULT}} by setLayoutParams
07-29 11:05:07.689  2251  2324 I ActivityManager: Killing 22128:android.process.media/u0a88 (adj 955, setSvc 955): kill to reserve free memory
07-29 11:05:07.692  2251  2469 D DisplayManagerService: Drop pending events for gone uid 10088
07-29 11:05:07.694  2251  2324 D ActivityTaskManager: handleAppDied: uid=10088,diedCount=1,lastDiedTime=1627603112,forceStopUids=false
07-29 11:05:07.695  2251  2324 I ActivityManager: Killing 22659:android.process.acore/u0a93 (adj 935, setSvc 935): kill to reserve free memory
07-29 11:05:07.703  2251  2324 D ActivityTaskManager: handleAppDied: uid=10093,diedCount=1,lastDiedTime=1650282463,forceStopUids=false
07-29 11:05:07.703  2251  2469 D DisplayManagerService: Drop pending events for gone uid 10093
07-29 11:05:07.705  2251  2469 D DisplayManagerService: Drop pending events for gone uid 10283
07-29 11:05:07.705  2251  2324 I ActivityManager: Killing 21764:com.google.android.cellbroadcastreceiver/u0a283 (adj 925, setSvc 925): kill to reserve free memory
07-29 11:05:07.709  2251  2324 D ActivityTaskManager: handleAppDied: uid=10283,diedCount=1,lastDiedTime=1649666508,forceStopUids=false
07-29 11:05:07.709  2251  2324 I ActivityManager: Killing 20667:com.google.android.googlequicksearchbox:search/u0a183 (adj 920, setSvc 920): kill to reserve free memory
07-29 11:05:07.710  2251  2324 D ActivityTaskManager: handleAppDied: uid=10183,diedCount=1,lastDiedTime=1650287229,forceStopUids=false
07-29 11:05:07.711  2251  2324 I ActivityManager: Killing 22596:com.google.android.googlequicksearchbox:googleapp/u0a183 (adj 920, setSvc 920): kill to reserve free memory
07-29 11:05:07.712  2251  2324 D ActivityTaskManager: handleAppDied: uid=10183,diedCount=1,lastDiedTime=1650554041,forceStopUids=false
07-29 11:05:07.712  2251  2324 I ActivityManager: Killing 22409:com.google.android.gms.unstable/u0a182 (adj 920, setSvc 920): kill to reserve free memory
07-29 11:05:07.713  2251  2324 D ActivityTaskManager: handleAppDied: uid=10182,diedCount=1,lastDiedTime=1650489735,forceStopUids=false
07-29 11:05:07.713  2251  2324 I ActivityManager: Killing 16867:com.google.process.gservices/u0a182 (adj 920, setSvc 920): kill to reserve free memory
07-29 11:05:07.713 23467 23467 D ViewRootImpl: update {(0,0)(fillxfill) sim={state=always_hidden adjust=resize forwardNavigation} layoutInDisplayCutoutMode=always ty=BASE_APPLICATION wanim=0x10302fd
07-29 11:05:07.713 23467 23467 D ViewRootImpl:   fl=KEEP_SCREEN_ON LAYOUT_IN_SCREEN LAYOUT_NO_LIMITS FULLSCREEN LAYOUT_INSET_DECOR TURN_SCREEN_ON SPLIT_TOUCH HARDWARE_ACCELERATED TRANSLUCENT_STATUS TRANSLUCENT_NAVIGATION DRAWS_SYSTEM_BAR_BACKGROUNDS
07-29 11:05:07.713 23467 23467 D ViewRootImpl:   pfl=NO_MOVE_ANIMATION FORCE_DRAW_STATUS_BAR_BACKGROUND FIT_INSETS_CONTROLLED
07-29 11:05:07.713 23467 23467 D ViewRootImpl:   bhv=DEFAULT
07-29 11:05:07.713 23467 23467 D ViewRootImpl:   fitSides=} by setView
07-29 11:05:07.714  2251  2324 D ActivityTaskManager: handleAppDied: uid=10182,diedCount=1,lastDiedTime=1650554043,forceStopUids=false
07-29 11:05:07.714  2251  2324 I ActivityManager: Killing 21683:com.android.vending:background/u0a137 (adj 920, setSvc 920): kill to reserve free memory
07-29 11:05:07.716  2251  2324 D ActivityTaskManager: handleAppDied: uid=10137,diedCount=1,lastDiedTime=1650277411,forceStopUids=false
07-29 11:05:07.716  2251  2324 I ActivityManager: Killing 23013:com.whatsapp/u0a380 (adj 920, setSvc 920): kill to reserve free memory
07-29 11:05:07.718  2251  2324 D ActivityTaskManager: handleAppDied: uid=10380,diedCount=1,lastDiedTime=1649254385,forceStopUids=false
07-29 11:05:07.718  2251  2324 I ActivityManager: Killing 23012:com.google.android.apps.fitness/u0a294 (adj 920, setSvc 920): kill to reserve free memory
07-29 11:05:07.718  2251  2469 D DisplayManagerService: Drop pending events for gone uid 10380
07-29 11:05:07.721  2251  2469 D DisplayManagerService: Drop pending events for gone uid 10294
07-29 11:05:07.726  2251  2324 D ActivityTaskManager: handleAppDied: uid=10294,diedCount=1,lastDiedTime=1650273531,forceStopUids=false
07-29 11:05:07.726  2251  2324 I ActivityManager: Killing 22175:com.android.settings/1000 (adj 900, setSvc 900): kill to reserve free memory
07-29 11:05:07.728  2251  2324 D ActivityTaskManager: handleAppDied: uid=1000,diedCount=1,lastDiedTime=1650274913,forceStopUids=false
07-29 11:05:07.732  2251  2324 D CoreBackPreview: Window{33c849d u0 com.motorola.camera3/com.motorola.camera.Camera}: Setting back callback OnBackInvokedCallbackInfo{mCallback=android.window.IOnBackInvokedCallback$Stub$Proxy@e1f585e, mPriority=-1}
07-29 11:05:07.732  2251 31391 D CompatibilityChangeReporter: Compat change id reported: 161145287; UID 10138; state: DISABLED
07-29 11:05:07.762  2251  2324 V ActivityManager: Got obituary of 22128:android.process.media
07-29 11:05:07.766  2251  1197 V ActivityManager: Got obituary of 22659:android.process.acore
07-29 11:05:07.783  2251  3073 V ActivityManager: Got obituary of 21764:com.google.android.cellbroadcastreceiver
07-29 11:05:07.791  2251  3073 V ActivityManager: Got obituary of 16867:com.google.process.gservices
07-29 11:05:07.801  2251  2324 D CompatibilityChangeReporter: Compat change id reported: 135634846; UID 10194; state: DISABLED
07-29 11:05:07.802  2251  2324 D CompatibilityChangeReporter: Compat change id reported: 177438394; UID 10194; state: DISABLED
07-29 11:05:07.802  2251  2324 D CompatibilityChangeReporter: Compat change id reported: 135772972; UID 10194; state: DISABLED
07-29 11:05:07.802  2251  2324 D CompatibilityChangeReporter: Compat change id reported: 135754954; UID 10194; state: ENABLED
07-29 11:05:07.802  2251  2483 D CompatibilityChangeReporter: Compat change id reported: 143937733; UID 10194; state: ENABLED
07-29 11:05:07.819  2251  2483 I ActivityManager: Start proc 23557:com.motorola.camera3.content.ai/u0a194 for content provider {com.motorola.camera3.content.ai/com.motorola.camera3.content.ai.ModelContentProvider}
07-29 11:05:07.819  2251  2324 D CameraService_proxy:  rootTaskInfo topActivity: ComponentInfo{com.motorola.camera3/com.motorola.camera.Camera}
07-29 11:05:07.819  2251  2324 D CameraService_proxy: camera useage: com.motorola.camera.Camera
07-29 11:05:07.836  2251  2324 V ActivityManager: Got obituary of 22409:com.google.android.gms.unstable
07-29 11:05:07.867  2251  4018 V ActivityManager: Got obituary of 22175:com.android.settings
07-29 11:05:07.870  2251  2471 W ActivityManager: setHasOverlayUi called on unknown pid: 22175
07-29 11:05:07.876  2251  4019 V ActivityManager: Got obituary of 20667:com.google.android.googlequicksearchbox:search
07-29 11:05:07.896  2251  2329 D CompatibilityChangeReporter: Compat change id reported: 168419799; UID 10194; state: DISABLED
07-29 11:05:07.903  2251  1196 V ActivityManager: Got obituary of 23013:com.whatsapp
07-29 11:05:07.904  2251  3099 V ActivityManager: Got obituary of 23012:com.google.android.apps.fitness
07-29 11:05:07.909  2251 31794 V ActivityManager: Got obituary of 21683:com.android.vending:background
07-29 11:05:07.922  2251 32448 V ActivityManager: Got obituary of 22596:com.google.android.googlequicksearchbox:googleapp
07-29 11:05:07.978  2251  1196 D CoreBackPreview: Window{33c849d u0 com.motorola.camera3/com.motorola.camera.Camera}: Setting back callback OnBackInvokedCallbackInfo{mCallback=android.window.IOnBackInvokedCallback$Stub$Proxy@2820c79, mPriority=0}
07-29 11:05:08.021  2251  4018 D CompatibilityChangeReporter: Compat change id reported: 189229956; UID 10138; state: DISABLED
07-29 11:05:08.021  2251  4018 D CompatibilityChangeReporter: Compat change id reported: 191513214; UID 10138; state: DISABLED
07-29 11:05:08.021  2251  4018 V CameraService_proxy: The activity is N or above and claims to support resizeable-activity. Crop-rotate-scale is disabled.
07-29 11:05:08.035  2251  2472 I LaunchCheckinHandler: MotoDisplayed com.motorola.camera3/com.motorola.camera.Camera,cp,ca,734
07-29 11:05:08.053 22858 22858 D VRI[ChooserActivity]: update {(0,0)(fillxfill) ty=BASE_APPLICATION fmt=TRANSPARENT wanim=0x10302f2
07-29 11:05:08.053 22858 22858 D VRI[ChooserActivity]:   fl=DIM_BEHIND LAYOUT_IN_SCREEN LAYOUT_INSET_DECOR ALT_FOCUSABLE_IM SPLIT_TOUCH HARDWARE_ACCELERATED DRAWS_SYSTEM_BAR_BACKGROUNDS
07-29 11:05:08.053 22858 22858 D VRI[ChooserActivity]:   pfl=NO_MOVE_ANIMATION FORCE_DRAW_STATUS_BAR_BACKGROUND FIT_INSETS_CONTROLLED
07-29 11:05:08.053 22858 22858 D VRI[ChooserActivity]:   bhv=DEFAULT
07-29 11:05:08.053 22858 22858 D VRI[ChooserActivity]:   fitSides=} by setLayoutParams
07-29 11:05:08.058  2251  4018 D CoreBackPreview: Window{f988631 u0 android/com.android.internal.app.ChooserActivity}: Setting back callback null
07-29 11:05:08.089  2251  1196 D CompatibilityChangeReporter: Compat change id reported: 214016041; UID 10138; state: ENABLED
07-29 11:05:08.138  2251  2482 W BroadcastQueue: Exported Denial: sending Intent { act=android.intent.action.BATTERY_CHANGED flg=0x60000010 (has extras) }, action: android.intent.action.BATTERY_CHANGED from null (uid=-1) due to receiver ProcessRecord{571d002 23467:com.motorola.camera3/u0a138} (uid 10138) not specifying RECEIVER_EXPORTED
07-29 11:05:08.144 23467 23467 D VRI[Camera]: update {(0,0)(fillxfill) sim={state=always_hidden adjust=resize} layoutInDisplayCutoutMode=always ty=BASE_APPLICATION wanim=0x10302fd sbrt=0.6228133
07-29 11:05:08.144 23467 23467 D VRI[Camera]:   fl=KEEP_SCREEN_ON LAYOUT_IN_SCREEN LAYOUT_NO_LIMITS FULLSCREEN LAYOUT_INSET_DECOR TURN_SCREEN_ON SPLIT_TOUCH HARDWARE_ACCELERATED TRANSLUCENT_STATUS TRANSLUCENT_NAVIGATION DRAWS_SYSTEM_BAR_BACKGROUNDS
07-29 11:05:08.144 23467 23467 D VRI[Camera]:   pfl=NO_MOVE_ANIMATION FORCE_DRAW_STATUS_BAR_BACKGROUND FIT_INSETS_CONTROLLED
07-29 11:05:08.144 23467 23467 D VRI[Camera]:   bhv=DEFAULT
07-29 11:05:08.144 23467 23467 D VRI[Camera]:   fitSides=} by setLayoutParams
07-29 11:05:08.156  2251  2577 V DisplayPowerController[0]: Brightness [0.6228133] reason changing to: 'override', previous reason: 'automatic'.
07-29 11:05:08.159  2251  2577 I DisplayPowerController[0]: 2025-07-29 02:05:08 - BrightnessEvent: disp=0, physDisp=local:4630946747577212033, brt=0.6228133, initBrt=0.4228133, brtNits=281.6939, preNits=NaN, rcmdNits=NaN, brt(%)=62%, preBrt(%)=0%, brtInt=159, rcmdBrt=NaN, preBrt=NaN, lux=0.0, fastAmbientLux=268.98752, slowAmbientLux=249.90486, preLux=0.0, hbmMax=0.9999, hbmMode=off, rbcStrength=50, powerFactor=1.0, thrmMax=1.0, flags=, reason=override, autoBrightness=false
07-29 11:05:08.165  2251  2251 I BrightnessSynchronizer: New Update: {[30663] 0.4228133(f), mUpdatedTypes=0, mConfirmedTypes=0, mTimeUpdated=0, mState=2}
07-29 11:05:08.226  1772  1772 I wificond: Regulatory domain changed to country: JP on wiphy_index: 0
07-29 11:05:08.226  1772  1772 I wificond: UpdateBandInfo
07-29 11:05:08.232  1772  1772 I wificond: 2.4Ghz frequencies: 2412 2417 2422 2427 2432 2437 2442 2447 2452 2457 2462 2467 2472
07-29 11:05:08.232  1772  1772 I wificond: 5Ghz non-DFS frequencies:
07-29 11:05:08.232  1772  1772 I wificond: 5Ghz DFS frequencies: 5180 5200 5220 5240 5260 5280 5300 5320 5500 5520 5540 5560 5580 5600 5620 5640 5660 5680 5700 5720
07-29 11:05:08.232  1772  1772 I wificond: 6Ghz frequencies:
07-29 11:05:08.232  1772  1772 I wificond: 60Ghz frequencies:
07-29 11:05:08.414  2251  1193 W PresentationStatsEventLogger: Shouldn't be logging AutofillPresentationEventReported again for same event
07-29 11:05:08.425  5290 17158 W Binder  : reply too large data on java level: InterfaceDescriptor = null, code = 1
07-29 11:05:08.444  2251  2577 I DisplayPowerController[0]: 2025-07-29 02:05:08 - BrightnessEvent: disp=0, physDisp=local:4630946747577212033, brt=0.6228133, initBrt=0.6228133, brtNits=281.6939, preNits=NaN, rcmdNits=NaN, brt(%)=62%, preBrt(%)=0%, brtInt=159, rcmdBrt=NaN, preBrt=NaN, lux=0.0, fastAmbientLux=268.98752, slowAmbientLux=249.90486, preLux=0.0, hbmMax=0.9999, hbmMode=off, rbcStrength=50, powerFactor=1.0, thrmMax=1.0, flags=, reason=override, autoBrightness=false
07-29 11:05:08.448  2251  2471 D DisplayManagerService: Ignore redundant display event 0/4 to 10354/20885
07-29 11:05:08.448  2251  2471 D DisplayManagerService: Ignore redundant display event 0/4 to 10137/21427
07-29 11:05:08.450  2251  2251 I BrightnessSynchronizer: New Update: {[30664] 0.4228133(f), mUpdatedTypes=0, mConfirmedTypes=0, mTimeUpdated=0, mState=2}
07-29 11:05:08.674  2251  3905 W PackageConfigPersister: App-specific configuration not found for packageName: jp.naver.line.android and userId: 0
07-29 11:05:08.872  2251  2471 I DisplayDeviceRepository: Display device changed: DisplayDeviceInfo{"": uniqueId="local:4630946747577212033", 1080 x 2400, modeId 2, defaultModeId 1, supportedModes [{id=1, width=1080, height=2400, fps=90.0, alternativeRefreshRates=[60.000004]}, {id=2, width=1080, height=2400, fps=60.000004, alternativeRefreshRates=[90.0]}], supportedReadyForModes [], colorMode 0, supportedColorModes [0, 7], hdrCapabilities HdrCapabilities{mSupportedHdrTypes=[], mMaxLuminance=500.0, mMaxAverageLuminance=500.0, mMinLuminance=0.0}, allmSupported false, gameContentTypeSupported false, density 400, 409.432 x 406.4 dpi, appVsyncOff 1000000, presDeadline 16666666, cutout DisplayCutout{insets=Rect(0, 105 - 0, 0) waterfall=Insets{left=0, top=0, right=0, bottom=0} boundingRect={Bounds=[Rect(0, 0 - 0, 0), Rect(505, 0 - 575, 105), Rect(0, 0 - 0, 0), Rect(0, 0 - 0, 0)]} cutoutPathParserInfo={CutoutPathParserInfo{displayWidth=1080 displayHeight=2400 physicalDisplayWidth=1080 physicalDisplayHeight=2400 density={2.5} cutoutSpec={M -35,0 L -35,105 L 35,105 L 35,0 Z} rotation={0} scale={1.0} physicalPixelDisplaySizeRatio={1.0}}}}, touch INTERNAL, rotation 0, type INTERNAL, address {port=129, model=0x40446d87f7171c}, deviceProductInfo DeviceProductInfo{name=, manufacturerPnpId=QCM, productId=1, modelYear=null, manufactureDate=ManufactureDate{week=27, year=2006}, connectionToSinkType=0}, state ON, frameRateOverride , brightnessMinimum 0.0, brightnessMaximum 1.0, brightnessDefault 0.39763778, roundedCorners RoundedCorners{[RoundedCorner{position=TopLeft, radius=95, center=Point(95, 95)}, RoundedCorner{position=TopRight, radius=95, center=Point(985, 95)}, RoundedCorner{position=BottomRight, radius=95, center=Point(985, 2305)}, RoundedCorner{position=BottomLeft, radius=95, center=Point(95, 2305)}]}, FLAG_ALLOWED_TO_BE_DEFAULT_DISPLAY, FLAG_ROTATES_WITH_CONTENT, FLAG_SECURE, FLAG_SUPPORTS_PROTECTED_BUFFERS, installOrientation 0}
07-29 11:05:08.876  2251  2251 I WallpaperManagerService: onDisplayChanged displayId = 0
07-29 11:05:08.953  3844  3844 D VRI[StatusBar]: update {(0,0)(fillx105) gr=TOP CENTER_VERTICAL layoutInDisplayCutoutMode=always ty=STATUS_BAR fmt=TRANSLUCENT
07-29 11:05:08.953  3844  3844 D VRI[StatusBar]:   fl=NOT_FOCUSABLE SPLIT_TOUCH HARDWARE_ACCELERATED DRAWS_SYSTEM_BAR_BACKGROUNDS
07-29 11:05:08.953  3844  3844 D VRI[StatusBar]:   pfl=COLOR_SPACE_AGNOSTIC FIT_INSETS_CONTROLLED
07-29 11:05:08.953  3844  3844 D VRI[StatusBar]:   bhv=DEFAULT
07-29 11:05:08.953  3844  3844 D VRI[StatusBar]:   paramsForRotation={(0,0)(fillx105) gr=TOP CENTER_VERTICAL layoutInDisplayCutoutMode=always ty=STATUS_BAR fmt=TRANSLUCENT
07-29 11:05:08.953  3844  3844 D VRI[StatusBar]:   fl=NOT_FOCUSABLE SPLIT_TOUCH DRAWS_SYSTEM_BAR_BACKGROUNDS
07-29 11:05:08.953  3844  3844 D VRI[StatusBar]:   pfl=COLOR_SPACE_AGNOSTIC FIT_INSETS_CONTROLLED
07-29 11:05:08.953  3844  3844 D VRI[StatusBar]:   bhv=DEFAULT} {(0,0)(fillx60) gr=TOP CENTER_VERTICAL layoutInDisplayCutoutMode=always ty=STATUS_BAR fmt=TRANSLUCENT
07-29 11:05:08.953  3844  3844 D VRI[StatusBar]:   fl=NOT_FOCUSABLE SPLIT_TOUCH DRAWS_SYSTEM_BAR_BACKGROUNDS
07-29 11:05:08.953  3844  3844 D VRI[StatusBar]:   pfl=COLOR_SPACE_AGNOSTIC FIT_INSETS_CONTROLLED
07-29 11:05:08.953  3844  3844 D VRI[StatusBar]:   bhv=DEFAULT} {(0,0)(fillx60) gr=TOP CENTER_VERTICAL layoutInDisplayCutoutMode=always ty=STATUS_BAR fmt=TRANSLUCENT
07-29 11:05:08.953  3844  3844 D VRI[StatusBar]:   fl=NOT_FOCUSABLE SPLIT_TOUCH DRAWS_SYSTEM_BAR_BACKGROUNDS
07-29 11:05:08.953  3844  3844 D VRI[StatusBar]:   pfl=COLOR_SPACE_AGNOSTIC FIT_INSETS_CONTROLLED
07-29 11:05:08.953  3844  3844 D VRI[StatusBar]:   bhv=DEFAULT} {(0,0)(fillx60) gr=TOP CENTER_VERTICAL layoutInDisplayCutoutMode=always ty=STATUS_BAR fmt=TRANSLUCENT
07-29 11:05:08.953  3844  3844 D VRI[StatusBar]:   fl=NOT_FOCUSABLE SPLIT_TOUCH DRAWS_SYSTEM_BAR_BACKGROUNDS
07-29 11:05:08.953  3844  3844 D VRI[StatusBar]:   pfl=COLOR_SPACE_AGNOSTIC FIT_INSETS_CONTROLLED
07-29 11:05:08.953  3844  3844 D VRI[StatusBar]:   bhv=DEFAULT}} by setLayoutParams
07-29 11:05:09.095  2251 32627 I ActivityManager: appDiedLocked: app=ProcessRecord{776015 22858:android:ui/1000} thread=android.os.BinderProxy@c450c93 fromBinderDied=true isKilledByAm=false reason=null
07-29 11:05:09.095  2251 32627 I ActivityManager: Process android:ui (pid 22858) has died: cch+20 CEM 
07-29 11:05:09.096  2251 32627 D RestartModeController: markWaitRestartAppIsSuicided null processName=android:ui
07-29 11:05:09.096  2251 32627 D ActivityTaskManager: handleAppDied: uid=1000,diedCount=1,lastDiedTime=1650554058,forceStopUids=false
07-29 11:05:09.135  2251  2471 W ActivityManager: setHasOverlayUi called on unknown pid: 22858
07-29 11:05:09.200  2251  1157 I ActivityManager: appDiedLocked: app=ProcessRecord{53896bc 21789:com.facebook.services/u0a149} thread=android.os.BinderProxy@fed54d0 fromBinderDied=true isKilledByAm=false reason=null
07-29 11:05:09.200  2251  1157 I ActivityManager: Process com.facebook.services (pid 21789) has died: svcb SVC 
07-29 11:05:09.201  2251  1157 W ActivityManager: Scheduling restart of crashed service com.facebook.services/com.facebook.oxygen.services.fbns.PreloadedFbnsService in 10000ms for start-requested
07-29 11:05:09.201  2251  1157 D RestartModeController: markWaitRestartAppIsSuicided null processName=com.facebook.services
07-29 11:05:09.201  2251  1157 D ActivityTaskManager: handleAppDied: uid=10149,diedCount=1,lastDiedTime=1650285164,forceStopUids=false
07-29 11:05:09.203  2251  2469 D DisplayManagerService: Drop pending events for gone uid 10149
07-29 11:05:09.398  2251  1157 D CompatibilityChangeReporter: Compat change id reported: 135634846; UID 10138; state: DISABLED
07-29 11:05:09.398  2251  1157 D CompatibilityChangeReporter: Compat change id reported: 177438394; UID 10138; state: DISABLED
07-29 11:05:09.398  2251  1157 D CompatibilityChangeReporter: Compat change id reported: 135772972; UID 10138; state: DISABLED
07-29 11:05:09.398  2251  1157 D CompatibilityChangeReporter: Compat change id reported: 135754954; UID 10138; state: ENABLED
07-29 11:05:09.406  2251  2483 D CompatibilityChangeReporter: Compat change id reported: 143937733; UID 10138; state: ENABLED
07-29 11:05:09.434  2251  2483 I ActivityManager: Start proc 23730:com.motorola.camera3:JobMgrService/u0a138 for service {com.motorola.camera3/com.motorola.camera.background.service.jms.JobMgrService}
07-29 11:05:09.480  2251  1157 I ActivityManager: appDiedLocked: app=ProcessRecord{bd9ea89 21779:com.motorola.ccc.ota/u0a228} thread=android.os.BinderProxy@fdf7b0b fromBinderDied=true isKilledByAm=false reason=null
07-29 11:05:09.480  2251  1157 I ActivityManager: Process com.motorola.ccc.ota (pid 21779) has died: svcb SVC 
07-29 11:05:09.481  2251  1157 W ActivityManager: Scheduling restart of crashed service com.motorola.ccc.ota/.env.OtaService in 29719ms for start-requested
07-29 11:05:09.481  2251  1157 D RestartModeController: markWaitRestartAppIsSuicided null processName=com.motorola.ccc.ota
07-29 11:05:09.485  2251  1157 D ActivityTaskManager: handleAppDied: uid=10228,diedCount=2,lastDiedTime=1650282570,forceStopUids=false
07-29 11:05:09.496  2251  3073 D CompatibilityChangeReporter: Compat change id reported: 135634846; UID 10183; state: DISABLED
07-29 11:05:09.497  2251  3073 D CompatibilityChangeReporter: Compat change id reported: 177438394; UID 10183; state: DISABLED
07-29 11:05:09.497  2251  3073 D CompatibilityChangeReporter: Compat change id reported: 135772972; UID 10183; state: DISABLED
07-29 11:05:09.497  2251  3073 D CompatibilityChangeReporter: Compat change id reported: 135754954; UID 10183; state: ENABLED
07-29 11:05:09.503  2251  2483 D CompatibilityChangeReporter: Compat change id reported: 143937733; UID 10183; state: ENABLED
07-29 11:05:09.519  2251  2483 I ActivityManager: Start proc 23743:com.google.android.googlequicksearchbox:search/u0a183 for content provider {com.google.android.googlequicksearchbox/com.google.android.apps.gsa.staticplugins.publiccontent.GsaPublicContentProvider}
07-29 11:05:09.556  2251  2324 I ActivityManager: appDiedLocked: app=ProcessRecord{34ca8e 21786:com.motorola.carriersettingsext/u0a173} thread=android.os.BinderProxy@e88bce7 fromBinderDied=true isKilledByAm=false reason=null
07-29 11:05:09.556  2251  2324 I ActivityManager: Process com.motorola.carriersettingsext (pid 21786) has died: svcb SVC 
07-29 11:05:09.557  2251  2324 W ActivityManager: Scheduling restart of crashed service com.motorola.carriersettingsext/.dataroaming.DataRoamingPhoneStateService in 49644ms for start-requested
07-29 11:05:09.557  2251  2324 D RestartModeController: markWaitRestartAppIsSuicided null processName=com.motorola.carriersettingsext
07-29 11:05:09.574  2251  2324 D ActivityTaskManager: handleAppDied: uid=10173,diedCount=1,lastDiedTime=1650282833,forceStopUids=false
07-29 11:05:09.584  2251  2469 D DisplayManagerService: Drop pending events for gone uid 10173
07-29 11:05:09.621  2251  2324 D CompatibilityChangeReporter: Compat change id reported: 168419799; UID 10183; state: DISABLED
07-29 11:05:09.636  2251  3073 I ActivityManager: appDiedLocked: app=ProcessRecord{ebdf190 21775:com.motorola.android.fota/u0a228} thread=android.os.BinderProxy@3c2873d fromBinderDied=true isKilledByAm=false reason=null
07-29 11:05:09.636  2251  3073 I ActivityManager: Process com.motorola.android.fota (pid 21775) has died: svcb SVC 
07-29 11:05:09.637  2251  3073 W ActivityManager: Scheduling restart of crashed service com.motorola.android.fota/.FotaController in 69563ms for start-requested
07-29 11:05:09.638  2251  3073 D RestartModeController: markWaitRestartAppIsSuicided null processName=com.motorola.android.fota
07-29 11:05:09.639  2251  3073 D ActivityTaskManager: handleAppDied: uid=10228,diedCount=1,lastDiedTime=1650555815,forceStopUids=false
07-29 11:05:09.695  2251  3072 I ActivityManager: appDiedLocked: app=ProcessRecord{901680d 21608:com.android.systemui:screenshot/u0a266} thread=android.os.BinderProxy@5365b32 fromBinderDied=true isKilledByAm=false reason=null
07-29 11:05:09.696  2251  3072 I ActivityManager: Process com.android.systemui:screenshot (pid 21608) has died: svcb SVC 
07-29 11:05:09.696  2251  3072 W ActivityManager: Scheduling restart of crashed service com.android.systemui/com.motorola.systemui.screenshot.MotoTakeScreenshotService in 0ms for persistent
07-29 11:05:09.696  2251  3072 D RestartModeController: markWaitRestartAppIsSuicided null processName=com.android.systemui:screenshot
07-29 11:05:09.696  2251  3072 D ActivityTaskManager: handleAppDied: uid=10266,diedCoun