07-29 11:00:34.519  2251  2482 W BroadcastQueue: Exported Denial: sending Intent { act=android.intent.action.BATTERY_CHANGED flg=0x60000010 (has extras) }, action: android.intent.action.BATTERY_CHANGED from null (uid=-1) due to receiver ProcessRecord{60557e 20885:jp.naver.line.android/u0a354} (uid 10354) not specifying RECEIVER_EXPORTED
07-29 11:00:34.522  2251  4018 I ActivityManager: com.facebook.system is exempt from freezer
07-29 11:00:34.522  2251  4018 D CompatibilityChangeReporter: Compat change id reported: 135634846; UID 10150; state: DISABLED
07-29 11:00:34.522  2251  4018 D CompatibilityChangeReporter: Compat change id reported: 177438394; UID 10150; state: DISABLED
07-29 11:00:34.522  2251  4018 D CompatibilityChangeReporter: Compat change id reported: 135772972; UID 10150; state: DISABLED
07-29 11:00:34.522  2251  4018 D CompatibilityChangeReporter: Compat change id reported: 135754954; UID 10150; state: ENABLED
07-29 11:00:34.523  2251  2483 D CompatibilityChangeReporter: Compat change id reported: 143937733; UID 10150; state: ENABLED
07-29 11:00:34.546  2251  2483 I ActivityManager: Start proc 21200:com.facebook.system/u0a150 for content provider {com.facebook.system/com.facebook.oxygen.installer.api.AppManagerApiProvider}
07-29 11:00:34.628  2251  5621 D CompatibilityChangeReporter: Compat change id reported: 168419799; UID 10150; state: DISABLED
07-29 11:00:34.843 21045 21190 E ActivityThread: Failed to find provider info for com.facebook.appmanager.nekodirect
07-29 11:00:34.878  2251  3073 D JobScheduler: Enqueueing job: (job:5500/com.facebook.appmanager/com.facebook.oxygen.appmanager.update.core.UpdateService) work: JobWorkItem{id=0 intent=Intent { act=check_consistency cmp=com.facebook.appmanager/com.facebook.oxygen.appmanager.update.core.UpdateService (has extras) }}
07-29 11:00:35.154  2251  2329 D JobScheduler: Enqueueing job: (job:5500/com.facebook.appmanager/com.facebook.oxygen.appmanager.update.core.UpdateService) work: JobWorkItem{id=0 intent=Intent { act=package_event cmp=com.facebook.appmanager/com.facebook.oxygen.appmanager.update.core.UpdateService (has extras) }}
07-29 11:00:35.300  2251  3073 W PackageConfigPersister: App-specific configuration not found for packageName: jp.naver.line.android and userId: 0
07-29 11:00:35.322  2251  2481 W NotificationHistory: Attempted to remove conversation for locked/gone/disabled user 0
07-29 11:00:35.388 20885 20885 D ViewRootImpl: update {(0,0)(fillxfill) sim={state=always_hidden adjust=nothing} layoutInDisplayCutoutMode=shortEdges ty=BASE_APPLICATION fmt=TRANSPARENT wanim=0x10302fd
07-29 11:00:35.388 20885 20885 D ViewRootImpl:   fl=LAYOUT_IN_SCREEN LAYOUT_INSET_DECOR SPLIT_TOUCH HARDWARE_ACCELERATED DRAWS_SYSTEM_BAR_BACKGROUNDS
07-29 11:00:35.388 20885 20885 D ViewRootImpl:   pfl=NO_MOVE_ANIMATION FORCE_DRAW_STATUS_BAR_BACKGROUND FIT_INSETS_CONTROLLED
07-29 11:00:35.388 20885 20885 D ViewRootImpl:   bhv=DEFAULT
07-29 11:00:35.388 20885 20885 D ViewRootImpl:   fitSides=} by setView
07-29 11:00:35.404  2251  2329 D CompatibilityChangeReporter: Compat change id reported: 168419799; UID 10354; state: DISABLED
07-29 11:00:35.428  2251  2471 I DisplayDeviceRepository: Display device changed: DisplayDeviceInfo{"": uniqueId="local:4630946747577212033", 1080 x 2400, modeId 2, defaultModeId 1, supportedModes [{id=1, width=1080, height=2400, fps=90.0, alternativeRefreshRates=[60.000004]}, {id=2, width=1080, height=2400, fps=60.000004, alternativeRefreshRates=[90.0]}], supportedReadyForModes [], colorMode 0, supportedColorModes [0, 7], hdrCapabilities HdrCapabilities{mSupportedHdrTypes=[], mMaxLuminance=500.0, mMaxAverageLuminance=500.0, mMinLuminance=0.0}, allmSupported false, gameContentTypeSupported false, density 400, 409.432 x 406.4 dpi, appVsyncOff 1000000, presDeadline 16666666, cutout DisplayCutout{insets=Rect(0, 105 - 0, 0) waterfall=Insets{left=0, top=0, right=0, bottom=0} boundingRect={Bounds=[Rect(0, 0 - 0, 0), Rect(505, 0 - 575, 105), Rect(0, 0 - 0, 0), Rect(0, 0 - 0, 0)]} cutoutPathParserInfo={CutoutPathParserInfo{displayWidth=1080 displayHeight=2400 physicalDisplayWidth=1080 physicalDisplayHeight=2400 density={2.5} cutoutSpec={M -35,0 L -35,105 L 35,105 L 35,0 Z} rotation={0} scale={1.0} physicalPixelDisplaySizeRatio={1.0}}}}, touch INTERNAL, rotation 0, type INTERNAL, address {port=129, model=0x40446d87f7171c}, deviceProductInfo DeviceProductInfo{name=, manufacturerPnpId=QCM, productId=1, modelYear=null, manufactureDate=ManufactureDate{week=27, year=2006}, connectionToSinkType=0}, state ON, frameRateOverride , brightnessMinimum 0.0, brightnessMaximum 1.0, brightnessDefault 0.39763778, roundedCorners RoundedCorners{[RoundedCorner{position=TopLeft, radius=95, center=Point(95, 95)}, RoundedCorner{position=TopRight, radius=95, center=Point(985, 95)}, RoundedCorner{position=BottomRight, radius=95, center=Point(985, 2305)}, RoundedCorner{position=BottomLeft, radius=95, center=Point(95, 2305)}]}, FLAG_ALLOWED_TO_BE_DEFAULT_DISPLAY, FLAG_ROTATES_WITH_CONTENT, FLAG_SECURE, FLAG_SUPPORTS_PROTECTED_BUFFERS, installOrientation 0}
07-29 11:00:35.430  2251  4018 D CoreBackPreview: Window{99552e3 u0 jp.naver.line.android/jp.naver.line.android.activity.chathistory.ChatHistoryActivity}: Setting back callback OnBackInvokedCallbackInfo{mCallback=android.window.IOnBackInvokedCallback$Stub$Proxy@a053237, mPriority=0}
07-29 11:00:35.433  2251  2251 I WallpaperManagerService: onDisplayChanged displayId = 0
07-29 11:00:35.465  2251  3073 W PackageConfigPersister: App-specific configuration not found for packageName: jp.naver.line.android and userId: 0
07-29 11:00:35.791  2251  2483 D CompatibilityChangeReporter: Compat change id reported: 143937733; UID 10354; state: ENABLED
07-29 11:00:35.813  2251  2483 I ActivityManager: Start proc 21332:com.google.android.webview:sandboxed_process0:org.chromium.content.app.SandboxedProcessService0:0/u0i995 for  {jp.naver.line.android/org.chromium.content.app.SandboxedProcessService0:0}
07-29 11:00:35.957  2251  3099 D JobScheduler: Enqueueing job: (job:5100/com.facebook.appmanager/com.facebook.oxygen.common.jobqueue.JobQueueService) work: JobWorkItem{id=0 intent=Intent { act=preloads.common.packages.source.common.RegisteredPackageEventWorker (has extras) }}
07-29 11:00:35.967  2251  2251 I Telecom : DefaultDialerCache: Refreshing default dialer for user 0: now com.google.android.dialer: DDC.oR@eHY
07-29 11:00:36.115  2251  4018 I ActivityManager: appDiedLocked: app=ProcessRecord{c169caf 20594:android.process.acore/u0a93} thread=android.os.BinderProxy@67c6d06 fromBinderDied=true isKilledByAm=false reason=null
07-29 11:00:36.115  2251  4018 I ActivityManager: Process android.process.acore (pid 20594) has died: cch+20 CEM 
07-29 11:00:36.129  2251  4018 D RestartModeController: markWaitRestartAppIsSuicided null processName=android.process.acore
07-29 11:00:36.132  2251  4018 D ActivityTaskManager: handleAppDied: uid=10093,diedCount=1,lastDiedTime=1650155507,forceStopUids=false
07-29 11:00:36.133  2251  2469 D DisplayManagerService: Drop pending events for gone uid 10093
07-29 11:00:36.237  2251  3811 I ActivityManager: appDiedLocked: app=ProcessRecord{94d2626 17336:com.motorola.android.fota/u0a228} thread=android.os.BinderProxy@bb6813b fromBinderDied=true isKilledByAm=false reason=null
07-29 11:00:36.237  2251  3811 I ActivityManager: Process com.motorola.android.fota (pid 17336) has died: svcb SVC 
07-29 11:00:36.239  2251  3811 W ActivityManager: Scheduling restart of crashed service com.motorola.android.fota/.FotaController in 10000ms for start-requested
07-29 11:00:36.239  2251  3811 D RestartModeController: markWaitRestartAppIsSuicided null processName=com.motorola.android.fota
07-29 11:00:36.239  2251  3811 D ActivityTaskManager: handleAppDied: uid=10228,diedCount=1,lastDiedTime=1650276731,forceStopUids=false
07-29 11:00:36.257  2251  2468 W Looper  : Slow delivery took 245ms android.fg h=android.os.Handler c=<recycled PooledLambda@8ca95b1> m=0
07-29 11:00:36.281  2251  3811 I ActivityManager: appDiedLocked: app=ProcessRecord{96e290b 19635:com.android.systemui:screenshot/u0a266} thread=android.os.BinderProxy@fc3da96 fromBinderDied=true isKilledByAm=false reason=null
07-29 11:00:36.282  2251  3811 I ActivityManager: Process com.android.systemui:screenshot (pid 19635) has died: svcb SVC 
07-29 11:00:36.282  2251  3811 W ActivityManager: Scheduling restart of crashed service com.android.systemui/com.motorola.systemui.screenshot.MotoTakeScreenshotService in 0ms for persistent
07-29 11:00:36.282  2251  3811 D RestartModeController: markWaitRestartAppIsSuicided null processName=com.android.systemui:screenshot
07-29 11:00:36.283  2251  3811 D ActivityTaskManager: handleAppDied: uid=10266,diedCount=1,lastDiedTime=1650252650,forceStopUids=false
07-29 11:00:36.295  2251  2482 D CompatibilityChangeReporter: Compat change id reported: 135634846; UID 10266; state: DISABLED
07-29 11:00:36.295  2251  2482 D CompatibilityChangeReporter: Compat change id reported: 177438394; UID 10266; state: DISABLED
07-29 11:00:36.295  2251  2482 D CompatibilityChangeReporter: Compat change id reported: 135772972; UID 10266; state: DISABLED
07-29 11:00:36.296  2251  2482 D CompatibilityChangeReporter: Compat change id reported: 135754954; UID 10266; state: ENABLED
07-29 11:00:36.297  2251  2483 D CompatibilityChangeReporter: Compat change id reported: 143937733; UID 10266; state: ENABLED
07-29 11:00:36.328  2251  2483 I ActivityManager: Start proc 21358:com.android.systemui:screenshot/u0a266 for service {com.android.systemui/com.motorola.systemui.screenshot.MotoTakeScreenshotService}
07-29 11:00:36.350  2251  3811 I ActivityManager: appDiedLocked: app=ProcessRecord{f281618 20903:com.motorola.ccc.ota/u0a228} thread=android.os.BinderProxy@c41dbed fromBinderDied=true isKilledByAm=false reason=null
07-29 11:00:36.352  2251  3811 I ActivityManager: Process com.motorola.ccc.ota (pid 20903) has died: svcb SVC 
07-29 11:00:36.354  2251  3811 W ActivityManager: Scheduling restart of crashed service com.motorola.ccc.ota/.env.OtaService in 29885ms for start-requested
07-29 11:00:36.354  2251  3811 D RestartModeController: markWaitRestartAppIsSuicided null processName=com.motorola.ccc.ota
07-29 11:00:36.354  2251  3811 D ActivityTaskManager: handleAppDied: uid=10228,diedCount=1,lastDiedTime=1650282570,forceStopUids=false
07-29 11:00:36.367  2251  2468 W Looper  : Drained
07-29 11:00:36.452  2251  3073 I ActivityManager: appDiedLocked: app=ProcessRecord{c284b8a 20901:com.motorola.carriersettingsext/u0a173} thread=android.os.BinderProxy@f5b0a22 fromBinderDied=true isKilledByAm=false reason=null
07-29 11:00:36.453  2251  3073 I ActivityManager: Process com.motorola.carriersettingsext (pid 20901) has died: svcb SVC 
07-29 11:00:36.454  2251  3073 W ActivityManager: Scheduling restart of crashed service com.motorola.carriersettingsext/.dataroaming.DataRoamingPhoneStateService in 49785ms for start-requested
07-29 11:00:36.468  2251  3073 D RestartModeController: markWaitRestartAppIsSuicided null processName=com.motorola.carriersettingsext
07-29 11:00:36.503  2251  3073 D ActivityTaskManager: handleAppDied: uid=10173,diedCount=1,lastDiedTime=1650275071,forceStopUids=false
07-29 11:00:36.521  2251  2469 D DisplayManagerService: Drop pending events for gone uid 10173
07-29 11:00:36.522  2251  4021 D CompatibilityChangeReporter: Compat change id reported: 168419799; UID 10266; state: DISABLED
07-29 11:00:36.529  2251  4018 I ActivityManager: appDiedLocked: app=ProcessRecord{1c3e0f4 21159:com.motorola.enterprise.adapter.service/u0a330} thread=android.os.BinderProxy@e43a66e fromBinderDied=true isKilledByAm=false reason=null
07-29 11:00:36.529  2251  4018 I ActivityManager: Process com.motorola.enterprise.adapter.service (pid 21159) has died: cch+20 CEM 
07-29 11:00:36.530  2251  4018 D RestartModeController: markWaitRestartAppIsSuicided null processName=com.motorola.enterprise.adapter.service
07-29 11:00:36.532  2251  2469 D DisplayManagerService: Drop pending events for gone uid 10330
07-29 11:00:36.535  2251  4018 D ActivityTaskManager: handleAppDied: uid=10330,diedCount=1,lastDiedTime=1649463080,forceStopUids=false
07-29 11:00:36.576  2251  4018 D CompatibilityChangeReporter: Compat change id reported: 135634846; UID 10203; state: DISABLED
07-29 11:00:36.576  2251  4018 D CompatibilityChangeReporter: Compat change id reported: 177438394; UID 10203; state: DISABLED
07-29 11:00:36.576  2251  4018 D CompatibilityChangeReporter: Compat change id reported: 135772972; UID 10203; state: DISABLED
07-29 11:00:36.576  2251  4018 D CompatibilityChangeReporter: Compat change id reported: 135754954; UID 10203; state: ENABLED
07-29 11:00:36.576  2251  2483 D CompatibilityChangeReporter: Compat change id reported: 143937733; UID 10203; state: ENABLED
07-29 11:00:36.601  2251  2483 I ActivityManager: Start proc 21381:com.google.android.webview:webview_service/u0a203 for service {com.google.android.webview/org.chromium.android_webview.services.ComponentsProviderService}
07-29 11:00:36.624  2251  4018 D CompatibilityChangeReporter: Compat change id reported: 161252188; UID 10336; state: DISABLED
07-29 11:00:36.626  2251  4018 D CompatibilityChangeReporter: Compat change id reported: 135634846; UID 10336; state: DISABLED
07-29 11:00:36.626  2251  4018 D CompatibilityChangeReporter: Compat change id reported: 177438394; UID 10336; state: DISABLED
07-29 11:00:36.626  2251  4018 D CompatibilityChangeReporter: Compat change id reported: 135772972; UID 10336; state: DISABLED
07-29 11:00:36.627  2251  4018 D CompatibilityChangeReporter: Compat change id reported: 135754954; UID 10336; state: ENABLED
07-29 11:00:36.631  2251  2483 D CompatibilityChangeReporter: Compat change id reported: 143937733; UID 10336; state: ENABLED
07-29 11:00:36.644  2251  2483 I ActivityManager: Start proc 21382:com.google.android.adservices.api/u0a336 for service {com.google.android.adservices.api/com.android.adservices.measurement.MeasurementService}
07-29 11:00:36.720  2251  4018 D CompatibilityChangeReporter: Compat change id reported: 319212206; UID 10354; state: ENABLED
07-29 11:00:36.771  2251  3811 D CompatibilityChangeReporter: Compat change id reported: 168419799; UID 10203; state: DISABLED
07-29 11:00:36.793  2251  3811 D CompatibilityChangeReporter: Compat change id reported: 168419799; UID 10336; state: DISABLED
07-29 11:00:36.952  2251  4018 W PackageConfigPersister: App-specific configuration not found for packageName: jp.naver.line.android and userId: 0
07-29 11:00:36.969 20885 20885 D ViewRootImpl: update {(0,0)(fillxfill) sim={adjust=resize} layoutInDisplayCutoutMode=shortEdges ty=BASE_APPLICATION fmt=TRANSPARENT wanim=0x1030000
07-29 11:00:36.969 20885 20885 D ViewRootImpl:   fl=LAYOUT_IN_SCREEN LAYOUT_INSET_DECOR SPLIT_TOUCH HARDWARE_ACCELERATED DRAWS_SYSTEM_BAR_BACKGROUNDS
07-29 11:00:36.969 20885 20885 D ViewRootImpl:   pfl=NO_MOVE_ANIMATION FORCE_DRAW_STATUS_BAR_BACKGROUND FIT_INSETS_CONTROLLED
07-29 11:00:36.969 20885 20885 D ViewRootImpl:   bhv=DEFAULT
07-29 11:00:36.969 20885 20885 D ViewRootImpl:   fitSides=} by setView
07-29 11:00:36.977  2251  3811 D CoreBackPreview: Window{4547eeb u0 jp.naver.line.android/com.linecorp.liff.impl.LiffActivity}: Setting back callback OnBackInvokedCallbackInfo{mCallback=android.window.IOnBackInvokedCallback$Stub$Proxy@59382e1, mPriority=0}
07-29 11:00:37.269  2251  4018 D CompatibilityChangeReporter: Compat change id reported: 194532703; UID 10354; state: ENABLED
07-29 11:00:37.293  2251 31391 I ActivityManager: com.android.vending is exempt from freezer
07-29 11:00:37.294  2251 31391 D CompatibilityChangeReporter: Compat change id reported: 135634846; UID 10137; state: DISABLED
07-29 11:00:37.294  2251 31391 D CompatibilityChangeReporter: Compat change id reported: 177438394; UID 10137; state: DISABLED
07-29 11:00:37.294  2251 31391 D CompatibilityChangeReporter: Compat change id reported: 135772972; UID 10137; state: DISABLED
07-29 11:00:37.294  2251 31391 D CompatibilityChangeReporter: Compat change id reported: 135754954; UID 10137; state: ENABLED
07-29 11:00:37.295  2251  2483 D CompatibilityChangeReporter: Compat change id reported: 143937733; UID 10137; state: ENABLED
07-29 11:00:37.312  2251  2483 I ActivityManager: Start proc 21427:com.android.vending/u0a137 for service {com.android.vending/com.google.android.finsky.billing.iab.InAppBillingService}
07-29 11:00:37.553  2251  1157 D CompatibilityChangeReporter: Compat change id reported: 161145287; UID 10183; state: DISABLED
07-29 11:00:38.028  2251  1157 D CompatibilityChangeReporter: Compat change id reported: 161145287; UID 10266; state: DISABLED
07-29 11:00:38.189  2251 31391 D CompatibilityChangeReporter: Compat change id reported: 161145287; UID 10137; state: DISABLED
07-29 11:00:38.368  2251  2471 W WindowManager: *** APP TRANSITION TIMEOUT. displayId=0 mNextAppTransitionRequests=[TRANSIT_CLOSE, TRANSIT_CLOSE], mNextAppTransitionFlags=
07-29 11:00:38.413  2251 31391 I ActivityManager: appDiedLocked: app=ProcessRecord{4a03e41 21045:com.facebook.appmanager/u0a218} thread=android.os.BinderProxy@318031a fromBinderDied=true isKilledByAm=false reason=null
07-29 11:00:38.413  2251 31391 I ActivityManager: Process com.facebook.appmanager (pid 21045) has died: svcb SVC 
07-29 11:00:38.419  2251 31391 D RestartModeController: markWaitRestartAppIsSuicided null processName=com.facebook.appmanager
07-29 11:00:38.423  2251 31391 D ActivityTaskManager: handleAppDied: uid=10218,diedCount=1,lastDiedTime=1650273236,forceStopUids=false
07-29 11:00:38.426  2251  2471 I DisplayDeviceRepository: Display device changed: DisplayDeviceInfo{"": uniqueId="local:4630946747577212033", 1080 x 2400, modeId 1, defaultModeId 1, supportedModes [{id=1, width=1080, height=2400, fps=90.0, alternativeRefreshRates=[60.000004]}, {id=2, width=1080, height=2400, fps=60.000004, alternativeRefreshRates=[90.0]}], supportedReadyForModes [], colorMode 0, supportedColorModes [0, 7], hdrCapabilities HdrCapabilities{mSupportedHdrTypes=[], mMaxLuminance=500.0, mMaxAverageLuminance=500.0, mMinLuminance=0.0}, allmSupported false, gameContentTypeSupported false, density 400, 409.432 x 406.4 dpi, appVsyncOff 1000000, presDeadline 17111110, cutout DisplayCutout{insets=Rect(0, 105 - 0, 0) waterfall=Insets{left=0, top=0, right=0, bottom=0} boundingRect={Bounds=[Rect(0, 0 - 0, 0), Rect(505, 0 - 575, 105), Rect(0, 0 - 0, 0), Rect(0, 0 - 0, 0)]} cutoutPathParserInfo={CutoutPathParserInfo{displayWidth=1080 displayHeight=2400 physicalDisplayWidth=1080 physicalDisplayHeight=2400 density={2.5} cutoutSpec={M -35,0 L -35,105 L 35,105 L 35,0 Z} rotation={0} scale={1.0} physicalPixelDisplaySizeRatio={1.0}}}}, touch INTERNAL, rotation 0, type INTERNAL, address {port=129, model=0x40446d87f7171c}, deviceProductInfo DeviceProductInfo{name=, manufacturerPnpId=QCM, productId=1, modelYear=null, manufactureDate=ManufactureDate{week=27, year=2006}, connectionToSinkType=0}, state ON, frameRateOverride , brightnessMinimum 0.0, brightnessMaximum 1.0, brightnessDefault 0.39763778, roundedCorners RoundedCorners{[RoundedCorner{position=TopLeft, radius=95, center=Point(95, 95)}, RoundedCorner{position=TopRight, radius=95, center=Point(985, 95)}, RoundedCorner{position=BottomRight, radius=95, center=Point(985, 2305)}, RoundedCorner{position=BottomLeft, radius=95, center=Point(95, 2305)}]}, FLAG_ALLOWED_TO_BE_DEFAULT_DISPLAY, FLAG_ROTATES_WITH_CONTENT, FLAG_SECURE, FLAG_SUPPORTS_PROTECTED_BUFFERS, installOrientation 0}
07-29 11:00:38.430  2251  2469 D DisplayManagerService: Drop pending events for gone uid 10218
07-29 11:00:38.465  2251  2251 I WallpaperManagerService: onDisplayChanged displayId = 0
07-29 11:00:38.698  2251 31794 I ActivityManager: appDiedLocked: app=ProcessRecord{9b25990 21200:com.facebook.system/u0a150} thread=android.os.BinderProxy@584bbb3 fromBinderDied=true isKilledByAm=false reason=null
07-29 11:00:38.698  2251 31794 I ActivityManager: Process com.facebook.system (pid 21200) has died: cch+20 CEM 
07-29 11:00:38.700  2251 31794 D RestartModeController: markWaitRestartAppIsSuicided null processName=com.facebook.system
07-29 11:00:38.701  2251 31794 D ActivityTaskManager: handleAppDied: uid=10150,diedCount=1,lastDiedTime=1650273483,forceStopUids=false
07-29 11:00:38.713  2251  2469 D DisplayManagerService: Drop pending events for gone uid 10150
07-29 11:00:38.832  2251 31794 I ActivityManager: appDiedLocked: app=ProcessRecord{ae865fb 20902:com.facebook.services/u0a149} thread=android.os.BinderProxy@924615d fromBinderDied=true isKilledByAm=false reason=null
07-29 11:00:38.832  2251 31794 I ActivityManager: Process com.facebook.services (pid 20902) has died: svcb SVC 
07-29 11:00:38.833  2251  2577 V DisplayPowerController[0]: Brightness [0.4376768] reason changing to: 'manual', previous reason: 'override'.
07-29 11:00:38.833  2251 31794 W ActivityManager: Scheduling restart of crashed service com.facebook.services/com.facebook.oxygen.services.fbns.PreloadedFbnsService in 67405ms for start-requested
07-29 11:00:38.833  2251 31794 D RestartModeController: markWaitRestartAppIsSuicided null processName=com.facebook.services
07-29 11:00:38.834  2251 31794 D ActivityTaskManager: handleAppDied: uid=10149,diedCount=1,lastDiedTime=1650275165,forceStopUids=false
07-29 11:00:38.834  2251  2469 D DisplayManagerService: Drop pending events for gone uid 10149
07-29 11:00:38.834  2251  2577 I DisplayPowerController[0]: 2025-07-29 02:00:38 - BrightnessEvent: disp=0, physDisp=local:4630946747577212033, brt=0.4376768, initBrt=0.6376768, brtNits=198.51414, preNits=NaN, rcmdNits=NaN, brt(%)=44%, preBrt(%)=0%, brtInt=112, rcmdBrt=NaN, preBrt=NaN, lux=NaN, fastAmbientLux=272.02502, slowAmbientLux=252.48038, preLux=NaN, hbmMax=0.9999, hbmMode=off, rbcStrength=50, powerFactor=1.0, thrmMax=1.0, flags=invalid_lux , reason=manual, autoBrightness=true
07-29 11:00:38.836  2251  2577 V DisplayPowerController[0]: Brightness [0.45382547] reason changing to: 'automatic', previous reason: 'manual'.
07-29 11:00:38.837  2251  2577 I DisplayPowerController[0]: 2025-07-29 02:00:38 - BrightnessEvent: disp=0, physDisp=local:4630946747577212033, brt=0.45382547, initBrt=0.4376768, brtNits=205.53436, preNits=NaN, rcmdNits=205.53436, brt(%)=45%, preBrt(%)=0%, brtInt=116, rcmdBrt=0.45382547, preBrt=NaN, lux=338.98502, fastAmbientLux=338.98502, slowAmbientLux=338.98502, preLux=NaN, hbmMax=0.9999, hbmMode=off, rbcStrength=50, powerFactor=1.0, thrmMax=1.0, flags=, reason=automatic, autoBrightness=true
07-29 11:00:38.837  2251  2577 I DisplayPowerController[0]: 2025-07-29 02:00:38 - BrightnessEvent: disp=0, physDisp=local:4630946747577212033, brt=0.45382547, initBrt=0.45382547, brtNits=205.53436, preNits=NaN, rcmdNits=205.53436, brt(%)=45%, preBrt(%)=0%, brtInt=116, rcmdBrt=0.45382547, preBrt=NaN, lux=338.98502, fastAmbientLux=338.98502, slowAmbientLux=338.98502, preLux=NaN, hbmMax=0.9999, hbmMode=off, rbcStrength=50, powerFactor=1.0, thrmMax=1.0, flags=, reason=automatic, autoBrightness=true
07-29 11:00:38.846  2251  2251 I BrightnessSynchronizer: New Update: {[30652] 0.45382547(f), mUpdatedTypes=1, mConfirmedTypes=0, mTimeUpdated=0, mState=2}
07-29 11:00:38.846  2251  2251 I BrightnessSynchronizer: [30652] New Update 0.45382547(f) set brightness values:  116(i)
07-29 11:00:38.847  2251  2251 I BrightnessSynchronizer: New PendingUpdate: {[30653] 0.45382547(f), mUpdatedTypes=0, mConfirmedTypes=0, mTimeUpdated=0, mState=1}, prev=null
07-29 11:00:38.847  2251  2251 I BrightnessSynchronizer: New PendingUpdate: {[30654] 0.45382547(f), mUpdatedTypes=0, mConfirmedTypes=0, mTimeUpdated=0, mState=1}, prev={[30653] 0.45382547(f), mUpdatedTypes=0, mConfirmedTypes=0, mTimeUpdated=0, mState=1}
07-29 11:00:38.869  2251  2251 I BrightnessSynchronizer: Swallowing update of 116(i) by update: {[30652] 0.45382547(f), mUpdatedTypes=1, mConfirmedTypes=1, mTimeUpdated=1650285177, mState=2}
07-29 11:00:38.869  2251  2251 I BrightnessSynchronizer: Completed Update: {[30652] 0.45382547(f), mUpdatedTypes=1, mConfirmedTypes=1, mTimeUpdated=1650285177, mState=3}
07-29 11:00:38.869  2251  2251 I BrightnessSynchronizer: New Update: {[30654] 0.45382547(f), mUpdatedTypes=0, mConfirmedTypes=0, mTimeUpdated=0, mState=2}
07-29 11:00:38.891  2251  5620 D CompatibilityChangeReporter: Compat change id reported: 319212206; UID 10137; state: ENABLED
07-29 11:00:38.912  2251  2329 I ActivityManager: appDiedLocked: app=ProcessRecord{86f21f5 20900:com.motorola.motocare/u0a222} thread=android.os.BinderProxy@a3eb81b fromBinderDied=true isKilledByAm=false reason=null
07-29 11:00:38.912  2251  2329 I ActivityManager: Process com.motorola.motocare (pid 20900) has died: svcb SVC 
07-29 11:00:38.913  2251  2329 W ActivityManager: Scheduling restart of crashed service com.motorola.motocare/.MotoCareService in 87326ms for start-requested
07-29 11:00:38.913  2251  2329 D RestartModeController: markWaitRestartAppIsSuicided null processName=com.motorola.motocare
07-29 11:00:38.913  2251  2329 D ActivityTaskManager: handleAppDied: uid=10222,diedCount=1,lastDiedTime=1650275002,forceStopUids=false
07-29 11:00:38.916  2251  2469 D DisplayManagerService: Drop pending events for gone uid 10222
07-29 11:00:39.045  2251  2324 D CompatibilityChangeReporter: Compat change id reported: 161145287; UID 10284; state: DISABLED
07-29 11:00:39.056  2251  1188 I ActivityManager: appDiedLocked: app=ProcessRecord{426bdca 19598:com.google.android.apps.messaging/u0a135} thread=android.os.BinderProxy@30f6623 fromBinderDied=true isKilledByAm=false reason=null
07-29 11:00:39.057  2251  1188 I ActivityManager: Process com.google.android.apps.messaging (pid 19598) has died: prev LAST
07-29 11:00:39.059  2251  1188 D RestartModeController: markWaitRestartAppIsSuicided null processName=com.google.android.apps.messaging
07-29 11:00:39.061  2251  1188 D ActivityTaskManager: handleAppDied: uid=10135,diedCount=1,lastDiedTime=1650157137,forceStopUids=false
07-29 11:00:39.181  2251  3905 I ActivityManager: appDiedLocked: app=ProcessRecord{901f617 21358:com.android.systemui:screenshot/u0a266} thread=android.os.BinderProxy@beea2a4 fromBinderDied=true isKilledByAm=false reason=null
07-29 11:00:39.181  2251  3905 I ActivityManager: Process com.android.systemui:screenshot (pid 21358) has died: svcb SVC 
07-29 11:00:39.182  2251  3905 W ActivityManager: Scheduling restart of crashed service com.android.systemui/com.motorola.systemui.screenshot.MotoTakeScreenshotService in 0ms for persistent
07-29 11:00:39.182  2251  3905 D RestartModeController: markWaitRestartAppIsSuicided null processName=com.android.systemui:screenshot
07-29 11:00:39.183  2251  3905 D ActivityTaskManager: handleAppDied: uid=10266,diedCount=1,lastDiedTime=1650282613,forceStopUids=false
07-29 11:00:39.198  2251  2482 D CompatibilityChangeReporter: Compat change id reported: 135634846; UID 10266; state: DISABLED
07-29 11:00:39.198  2251  2482 D CompatibilityChangeReporter: Compat change id reported: 177438394; UID 10266; state: DISABLED
07-29 11:00:39.198  2251  2482 D CompatibilityChangeReporter: Compat change id reported: 135772972; UID 10266; state: DISABLED
07-29 11:00:39.198  2251  2482 D CompatibilityChangeReporter: Compat change id reported: 135754954; UID 10266; state: ENABLED
07-29 11:00:39.199  2251  2483 D CompatibilityChangeReporter: Compat change id reported: 143937733; UID 10266; state: ENABLED
07-29 11:00:39.200  2251  5618 D CompatibilityChangeReporter: Compat change id reported: 135634846; UID 10182; state: DISABLED
07-29 11:00:39.200  2251  5618 D CompatibilityChangeReporter: Compat change id reported: 177438394; UID 10182; state: DISABLED
07-29 11:00:39.200  2251  5618 D CompatibilityChangeReporter: Compat change id reported: 135772972; UID 10182; state: DISABLED
07-29 11:00:39.200  2251  5618 D CompatibilityChangeReporter: Compat change id reported: 135754954; UID 10182; state: ENABLED
07-29 11:00:39.210  2251  2483 I ActivityManager: Start proc 21608:com.android.systemui:screenshot/u0a266 for service {com.android.systemui/com.motorola.systemui.screenshot.MotoTakeScreenshotService}
07-29 11:00:39.210  2251  2483 D CompatibilityChangeReporter: Compat change id reported: 143937733; UID 10182; state: ENABLED
07-29 11:00:39.221  2251  3905 D CompatibilityChangeReporter: Compat change id reported: 161252188; UID 10203; state: DISABLED
07-29 11:00:39.227  2251  2483 I ActivityManager: Start proc 21613:com.google.process.gapps/u0a182 for content provider {com.google.android.gsf/com.google.android.gsf.settings.GoogleSettingsProvider}
07-29 11:00:39.637  1772  1772 I wificond: Regulatory domain changed to country: JP on wiphy_index: 0
07-29 11:00:39.637  1772  1772 I wificond: UpdateBandInfo
07-29 11:00:39.646  1772  1772 I wificond: 2.4Ghz frequencies: 2412 2417 2422 2427 2432 2437 2442 2447 2452 2457 2462 2467 2472
07-29 11:00:39.646  1772  1772 I wificond: 5Ghz non-DFS frequencies:
07-29 11:00:39.646  1772  1772 I wificond: 5Ghz DFS frequencies: 5180 5200 5220 5240 5260 5280 5300 5320 5500 5520 5540 5560 5580 5600 5620 5640 5660 5680 5700 5720
07-29 11:00:39.646  1772  1772 I wificond: 6Ghz frequencies:
07-29 11:00:39.646  1772  1772 I wificond: 60Ghz frequencies:
07-29 11:00:39.682  2251  3072 D CompatibilityChangeReporter: Compat change id reported: 161145287; UID 10182; state: DISABLED
07-29 11:00:39.810  2251  1188 D CompatibilityChangeReporter: Compat change id reported: 161252188; UID 10354; state: DISABLED
07-29 11:00:39.835 20885 20885 D VRI[LiffActivity]: update {(0,0)(fillxfill) sim={adjust=resize} layoutInDisplayCutoutMode=shortEdges ty=BASE_APPLICATION fmt=TRANSPARENT wanim=0x1030000
07-29 11:00:39.835 20885 20885 D VRI[LiffActivity]:   fl=LAYOUT_IN_SCREEN LAYOUT_INSET_DECOR SPLIT_TOUCH HARDWARE_ACCELERATED DRAWS_SYSTEM_BAR_BACKGROUNDS
07-29 11:00:39.835 20885 20885 D VRI[LiffActivity]:   pfl=NO_MOVE_ANIMATION FORCE_DRAW_STATUS_BAR_BACKGROUND FIT_INSETS_CONTROLLED
07-29 11:00:39.835 20885 20885 D VRI[LiffActivity]:   bhv=DEFAULT
07-29 11:00:39.835 20885 20885 D VRI[LiffActivity]:   fitSides=} by setLayoutParams
07-29 11:00:39.861  2251  5622 I ActivityManager: appDiedLocked: app=ProcessRecord{3c529f3 20728:com.motorola.camera3:postProcService/u0a138} thread=android.os.BinderProxy@aedce52 fromBinderDied=true isKilledByAm=false reason=null
07-29 11:00:39.862  2251  5622 I ActivityManager: Process com.motorola.camera3:postProcService (pid 20728) has died: svcb SVC 
07-29 11:00:39.864  2251  5622 W ActivityManager: Scheduling restart of crashed service com.motorola.camera3/com.motorola.camera.background.coprocessor.postproc.PostProcService in 96375ms for connection
07-29 11:00:39.864  2251  5622 D RestartModeController: markWaitRestartAppIsSuicided null processName=com.motorola.camera3:postProcService
07-29 11:00:39.865  2251  5622 D ActivityTaskManager: handleAppDied: uid=10138,diedCount=1,lastDiedTime=1649299797,forceStopUids=false
07-29 11:00:39.869  2251  3905 D CompatibilityChangeReporter: Compat change id reported: 201794303; UID 10182; state: ENABLED
07-29 11:00:40.124  2251  4019 D CoreBackPreview: Window{53da34 u0 com.motorola.camera3/com.motorola.camera.Camera}: Setting back callback OnBackInvokedCallbackInfo{mCallback=android.window.IOnBackInvokedCallback$Stub$Proxy@4075077, mPriority=-1}
07-29 11:00:40.197  2251  4019 D CompatibilityChangeReporter: Compat change id reported: 214016041; UID 10354; state: ENABLED
07-29 11:00:40.263  2251  4019 D CoreBackPreview: Window{53da34 u0 com.motorola.camera3/com.motorola.camera.Camera}: Setting back callback null
07-29 11:00:40.491  2251  4019 D CompatibilityChangeReporter: Compat change id reported: 161252188; UID 10138; state: DISABLED
07-29 11:00:40.541 20654 20654 E ActivityThread: Service com.motorola.camera.background.service.jms.JobMgrService has leaked ServiceConnection com.motorola.camera.background.service.jms.coprocessor.saveimageService.BgServiceConnection$serviceConnection$1@3d7061e that was originally bound here
07-29 11:00:40.541 20654 20654 E ActivityThread: android.app.ServiceConnectionLeaked: Service com.motorola.camera.background.service.jms.JobMgrService has leaked ServiceConnection com.motorola.camera.background.service.jms.coprocessor.saveimageService.BgServiceConnection$serviceConnection$1@3d7061e that was originally bound here
07-29 11:00:40.541 20654 20654 E ActivityThread: 	at android.app.LoadedApk$ServiceDispatcher.<init>(LoadedApk.java:2064)
07-29 11:00:40.541 20654 20654 E ActivityThread: 	at android.app.LoadedApk.getServiceDispatcherCommon(LoadedApk.java:1936)
07-29 11:00:40.541 20654 20654 E ActivityThread: 	at android.app.LoadedApk.getServiceDispatcher(LoadedApk.java:1915)
07-29 11:00:40.541 20654 20654 E ActivityThread: 	at android.app.ContextImpl.bindServiceCommon(ContextImpl.java:2041)
07-29 11:00:40.541 20654 20654 E ActivityThread: 	at android.app.ContextImpl.bindService(ContextImpl.java:1971)
07-29 11:00:40.541 20654 20654 E ActivityThread: 	at com.motorola.camera.background.service.jms.coprocessor.saveimageService.BgServiceConnection.<init>(BgServiceConnection.kt:9)
07-29 11:00:40.541 20654 20654 E ActivityThread: 	at com.motorola.camera.background.service.jms.coprocessor.saveimageService.SaveImageServiceHandler.<init>(SaveImageServiceHandler.java:14)
07-29 11:00:40.541 20654 20654 E ActivityThread: 	at com.motorola.camera.background.service.jms.coprocessor.saveimageService.SaveImageServiceConnection.start(SaveImageServiceConnection.kt:2)
07-29 11:00:40.541 20654 20654 E ActivityThread: 	at com.motorola.camera.background.service.jms.JobMgrServiceImpl.registerCoProc(JobMgrServiceImpl.kt:9)
07-29 11:00:40.541 20654 20654 E ActivityThread: 	at com.motorola.camera.background.service.jms.JobMgrServiceImpl.initialize(JobMgrServiceImpl.kt:14)
07-29 11:00:40.541 20654 20654 E ActivityThread: 	at jms.IJobMgrService$Stub.onTransact(IJobMgrService.java:51)
07-29 11:00:40.541 20654 20654 E ActivityThread: 	at android.os.Binder.execTransactInternal(Binder.java:1294)
07-29 11:00:40.541 20654 20654 E ActivityThread: 	at android.os.Binder.execTransact(Binder.java:1253)
07-29 11:00:40.577  2251  3072 I ActivityManager: com.android.vending is exempt from freezer
07-29 11:00:40.578  2251  3072 D CompatibilityChangeReporter: Compat change id reported: 135634846; UID 10137; state: DISABLED
07-29 11:00:40.578  2251  3072 D CompatibilityChangeReporter: Compat change id reported: 177438394; UID 10137; state: DISABLED
07-29 11:00:40.578  2251  3072 D CompatibilityChangeReporter: Compat change id reported: 135772972; UID 10137; state: DISABLED
07-29 11:00:40.578  2251  3072 D CompatibilityChangeReporter: Compat change id reported: 135754954; UID 10137; state: ENABLED
07-29 11:00:40.579  2251  2483 D CompatibilityChangeReporter: Compat change id reported: 143937733; UID 10137; state: ENABLED
07-29 11:00:40.590  2251  2483 I ActivityManager: Start proc 21683:com.android.vending:background/u0a137 for service {com.android.vending/com.google.frameworks.client.data.android.server.play.BackgroundProcessEndpointService}
07-29 11:00:40.664 20885 20885 D VRI[ChatHistoryActivity]: update {(0,0)(fillxfill) sim={state=always_hidden adjust=nothing} layoutInDisplayCutoutMode=shortEdges ty=BASE_APPLICATION fmt=TRANSPARENT wanim=0x10302fd
07-29 11:00:40.664 20885 20885 D VRI[ChatHistoryActivity]:   fl=LAYOUT_IN_SCREEN LAYOUT_INSET_DECOR SPLIT_TOUCH HARDWARE_ACCELERATED DRAWS_SYSTEM_BAR_BACKGROUNDS
07-29 11:00:40.664 20885 20885 D VRI[ChatHistoryActivity]:   pfl=NO_MOVE_ANIMATION FORCE_DRAW_STATUS_BAR_BACKGROUND FIT_INSETS_CONTROLLED
07-29 11:00:40.664 20885 20885 D VRI[ChatHistoryActivity]:   bhv=DEFAULT
07-29 11:00:40.664 20885 20885 D VRI[ChatHistoryActivity]:   fitSides=} by setLayoutParams
07-29 11:00:40.766  2251  2577 I DisplayPowerController[0]: 2025-07-29 02:00:40 - BrightnessEvent: disp=0, physDisp=local:4630946747577212033, brt=0.45382547, initBrt=0.45382547, brtNits=205.53436, preNits=NaN, rcmdNits=205.53436, brt(%)=45%, preBrt(%)=0%, brtInt=116, rcmdBrt=0.45382547, preBrt=NaN, lux=338.98502, fastAmbientLux=338.98502, slowAmbientLux=338.98502, preLux=NaN, hbmMax=0.9999, hbmMode=off, rbcStrength=50, powerFactor=1.0, thrmMax=1.0, flags=, reason=automatic, autoBrightness=true
07-29 11:00:40.770  2251  2251 I BrightnessSynchronizer: New Update: {[30655] 0.45382547(f), mUpdatedTypes=0, mConfirmedTypes=0, mTimeUpdated=0, mState=2}
07-29 11:00:40.872  2251  2471 I DisplayDeviceRepository: Display device changed: DisplayDeviceInfo{"": uniqueId="local:4630946747577212033", 1080 x 2400, modeId 2, defaultModeId 1, supportedModes [{id=1, width=1080, height=2400, fps=90.0, alternativeRefreshRates=[60.000004]}, {id=2, width=1080, height=2400, fps=60.000004, alternativeRefreshRates=[90.0]}], supportedReadyForModes [], colorMode 0, supportedColorModes [0, 7], hdrCapabilities HdrCapabilities{mSupportedHdrTypes=[], mMaxLuminance=500.0, mMaxAverageLuminance=500.0, mMinLuminance=0.0}, allmSupported false, gameContentTypeSupported false, density 400, 409.432 x 406.4 dpi, appVsyncOff 1000000, presDeadline 16666666, cutout DisplayCutout{insets=Rect(0, 105 - 0, 0) waterfall=Insets{left=0, top=0, right=0, bottom=0} boundingRect={Bounds=[Rect(0, 0 - 0, 0), Rect(505, 0 - 575, 105), Rect(0, 0 - 0, 0), Rect(0, 0 - 0, 0)]} cutoutPathParserInfo={CutoutPathParserInfo{displayWidth=1080 displayHeight=2400 physicalDisplayWidth=1080 physicalDisplayHeight=2400 density={2.5} cutoutSpec={M -35,0 L -35,105 L 35,105 L 35,0 Z} rotation={0} scale={1.0} physicalPixelDisplaySizeRatio={1.0}}}}, touch INTERNAL, rotation 0, type INTERNAL, address {port=129, model=0x40446d87f7171c}, deviceProductInfo DeviceProductInfo{name=, manufacturerPnpId=QCM, productId=1, modelYear=null, manufactureDate=ManufactureDate{week=27, year=2006}, connectionToSinkType=0}, state ON, frameRateOverride , brightnessMinimum 0.0, brightnessMaximum 1.0, brightnessDefault 0.39763778, roundedCorners RoundedCorners{[RoundedCorner{position=TopLeft, radius=95, center=Point(95, 95)}, RoundedCorner{position=TopRight, radius=95, center=Point(985, 95)}, RoundedCorner{position=BottomRight, radius=95, center=Point(985, 2305)}, RoundedCorner{position=BottomLeft, radius=95, center=Point(95, 2305)}]}, FLAG_ALLOWED_TO_BE_DEFAULT_DISPLAY, FLAG_ROTATES_WITH_CONTENT, FLAG_SECURE, FLAG_SUPPORTS_PROTECTED_BUFFERS, installOrientation 0}
07-29 11:00:40.876  2251  2251 I WallpaperManagerService: onDisplayChanged displayId = 0
07-29 11:00:40.898  2251 32450 I ActivityManager: appDiedLocked: app=ProcessRecord{b6ca2b1 20780:com.google.android.googlequicksearchbox:googleapp/u0a183} thread=android.os.BinderProxy@f643127 fromBinderDied=true isKilledByAm=false reason=null
07-29 11:00:40.898  2251 32450 I ActivityManager: Process com.google.android.googlequicksearchbox:googleapp (pid 20780) has died: cch+45 CEM 
07-29 11:00:40.898  2251 32450 W ActivityManager: Scheduling restart of crashed service com.google.android.googlequicksearchbox/com.google.frameworks.client.data.android.server.tiktok.GoogleappProcessEndpointService in 105340ms for connection
07-29 11:00:40.898  2251 32450 D RestartModeController: markWaitRestartAppIsSuicided null processName=com.google.android.googlequicksearchbox:googleapp
07-29 11:00:40.899  2251 32450 D ActivityTaskManager: handleAppDied: uid=10183,diedCount=2,lastDiedTime=1650273523,forceStopUids=false
07-29 11:00:41.092  2251  3905 W PackageConfigPersister: App-specific configuration not found for packageName: jp.naver.line.android and userId: 0
07-29 11:00:41.125  1772  1772 I wificond: Regulatory domain changed to country: JP on wiphy_index: 0
07-29 11:00:41.125  1772  1772 I wificond: UpdateBandInfo
07-29 11:00:41.127  1772  1772 I wificond: 2.4Ghz frequencies: 2412 2417 2422 2427 2432 2437 2442 2447 2452 2457 2462 2467 2472
07-29 11:00:41.127  1772  1772 I wificond: 5Ghz non-DFS frequencies:
07-29 11:00:41.127  1772  1772 I wificond: 5Ghz DFS frequencies: 5180 5200 5220 5240 5260 5280 5300 5320 5500 5520 5540 5560 5580 5600 5620 5640 5660 5680 5700 5720
07-29 11:00:41.127  1772  1772 I wificond: 6Ghz frequencies:
07-29 11:00:41.127  1772  1772 I wificond: 60Ghz frequencies:
07-29 11:00:41.149  2251  3905 W ContextImpl: Calling a method in the system process without a qualified user: android.app.ContextImpl.sendBroadcastMultiplePermissions:1233 com.android.server.TelephonyRegistry.broadcastServiceStateChanged:3085 com.android.server.TelephonyRegistry.notifyServiceStateForPhoneId:1616 com.android.internal.telephony.ITelephonyRegistry$Stub.onTransact:492 android.os.Binder.execTransactInternal:1294 
07-29 11:00:41.150  2251  3905 W ContextImpl: Calling a method in the system process without a qualified user: android.app.ContextImpl.sendBroadcastMultiplePermissions:1283 android.content.Context.sendBroadcastMultiplePermissions:2282 com.android.server.TelephonyRegistry.broadcastServiceStateChanged:3089 com.android.server.TelephonyRegistry.notifyServiceStateForPhoneId:1616 com.android.internal.telephony.ITelephonyRegistry$Stub.onTransact:492 
07-29 11:00:41.150  2251  2482 W BroadcastQueue: Permission Denial: receiving Intent { act=android.intent.action.SERVICE_STATE flg=0x1000010 (has extras) } to ProcessRecord{f93dee0 3844:com.android.systemui/u0a266} (pid=3844, uid=10266) requires android.permission.READ_PHONE_STATE due to sender android (uid 1001)
07-29 11:00:41.150  2251  2482 W BroadcastQueue: Permission Denial: receiving Intent { act=android.intent.action.SERVICE_STATE flg=0x1000010 (has extras) } to com.google.android.cellbroadcastreceiver/com.android.cellbroadcastreceiver.CellBroadcastReceiver requires android.permission.READ_PHONE_STATE due to sender android (uid 1001)
07-29 11:00:41.151  2251  3905 W ContextImpl: Calling a method in the system process without a qualified user: android.app.ContextImpl.sendBroadcastMultiplePermissions:1283 android.content.Context.sendBroadcastMultiplePermissions:2282 com.android.server.TelephonyRegistry.broadcastServiceStateChanged:3096 com.android.server.TelephonyRegistry.notifyServiceStateForPhoneId:1616 com.android.internal.telephony.ITelephonyRegistry$Stub.onTransact:492 
07-29 11:00:41.152  2251  2482 W BroadcastQueue: Permission Denial: receiving Intent { act=android.intent.action.SERVICE_STATE flg=0x1000010 (has extras) } to com.google.android.cellbroadcastreceiver/com.android.cellbroadcastreceiver.CellBroadcastReceiver requires android.permission.ACCESS_FINE_LOCATION due to sender android (uid 1001)
07-29 11:00:41.153  2251  3905 W ContextImpl: Calling a method in the system process without a qualified user: android.app.ContextImpl.sendBroadcastMultiplePermissions:1283 android.content.Context.sendBroadcastMultiplePermissions:2282 com.android.server.TelephonyRegistry.broadcastServiceStateChanged:3100 com.android.server.TelephonyRegistry.notifyServiceStateForPhoneId:1616 com.android.internal.telephony.ITelephonyRegistry$Stub.onTransact:492 
07-29 11:00:41.153  2251  2482 W BroadcastQueue: Permission Denial: receiving Intent { act=android.intent.action.SERVICE_STATE flg=0x1000010 (has extras) } to ProcessRecord{f93dee0 3844:com.android.systemui/u0a266} (pid=3844, uid=10266) requires android.permission.READ_PHONE_STATE due to sender android (uid 1001)
07-29 11:00:41.154  2251  2482 W BroadcastQueue: Permission Denial: receiving Intent { act=android.intent.action.SERVICE_STATE flg=0x1000010 (has extras) } to com.google.android.cellbroadcastreceiver/com.android.cellbroadcastreceiver.CellBroadcastReceiver requires android.permission.READ_PHONE_STATE due to sender android (uid 1001)
07-29 11:00:41.155  2251  2482 W BroadcastQueue: Appop Denial: receiving Intent { act=android.intent.action.SERVICE_STATE flg=0x1000010 (has extras) } to ProcessRecord{f93dee0 3844:com.android.systemui/u0a266} (pid=3844, uid=10266) excludes appop android:fine_location due to sender android (uid 1001)
07-29 11:00:41.158  2251  2482 D CompatibilityChangeReporter: Compat change id reported: 135634846; UID 10283; state: DISABLED
07-29 11:00:41.158  2251  2482 D CompatibilityChangeReporter: Compat change id reported: 177438394; UID 10283; state: DISABLED
07-29 11:00:41.158  2251  2482 D CompatibilityChangeReporter: Compat change id reported: 135772972; UID 10283; state: DISABLED
07-29 11:00:41.158  2251  2482 D CompatibilityChangeReporter: Compat change id reported: 135754954; UID 10283; state: ENABLED
07-29 11:00:41.159  2251  2483 D CompatibilityChangeReporter: Compat change id reported: 143937733; UID 10283; state: ENABLED
07-29 11:00:41.169  2251  2483 I ActivityManager: Start proc 21764:com.google.android.cellbroadcastreceiver/u0a283 for broadcast {com.google.android.cellbroadcastreceiver/com.android.cellbroadcastreceiver.CellBroadcastReceiver}
07-29 11:00:41.217  2251  2481 W ActivityManager: Rescheduling restart of crashed service com.motorola.android.fota/.FotaController in 0ms for mem-pressure-event
07-29 11:00:41.217  2251  2481 W ActivityManager: Rescheduling restart of crashed service com.motorola.ccc.ota/.env.OtaService in 0ms for mem-pressure-event
07-29 11:00:41.217  2251  2481 W ActivityManager: Rescheduling restart of crashed service com.motorola.carriersettingsext/.dataroaming.DataRoamingPhoneStateService in 0ms for mem-pressure-event
07-29 11:00:41.218  2251  2481 W ActivityManager: Rescheduling restart of crashed service com.facebook.services/com.facebook.oxygen.services.fbns.PreloadedFbnsService in 0ms for mem-pressure-event
07-29 11:00:41.218  2251  2481 W ActivityManager: Rescheduling restart of crashed service com.motorola.motocare/.MotoCareService in 0ms for mem-pressure-event
07-29 11:00:41.219  2251  2482 D CompatibilityChangeReporter: Compat change id reported: 135634846; UID 10228; state: DISABLED
07-29 11:00:41.219  2251  2482 D CompatibilityChangeReporter: Compat change id reported: 177438394; UID 10228; state: DISABLED
07-29 11:00:41.220  2251  2482 D CompatibilityChangeReporter: Compat change id reported: 135772972; UID 10228; state: DISABLED
07-29 11:00:41.220  2251  2482 D CompatibilityChangeReporter: Compat change id reported: 135754954; UID 10228; state: ENABLED
07-29 11:00:41.220  2251  2483 D CompatibilityChangeReporter: Compat change id reported: 143937733; UID 10228; state: ENABLED
07-29 11:00:41.222  2251  2481 W ActivityManager: Rescheduling restart of crashed service com.motorola.carriersettingsext/.dataroaming.DataRoamingPhoneStateService in 5232ms for mem-pressure-event
07-29 11:00:41.222  2251  2481 W ActivityManager: Rescheduling restart of crashed service com.facebook.services/com.facebook.oxygen.services.fbns.PreloadedFbnsService in 25232ms for mem-pressure-event
07-29 11:00:41.223  2251  2481 W ActivityManager: Rescheduling restart of crashed service com.motorola.motocare/.MotoCareService in 45232ms for mem-pressure-event
07-29 11:00:41.226  2251  2482 D CompatibilityChangeReporter: Compat change id reported: 135634846; UID 10173; state: DISABLED
07-29 11:00:41.226  2251  2482 D CompatibilityChangeReporter: Compat change id reported: 177438394; UID 10173; state: DISABLED
07-29 11:00:41.226  2251  2482 D CompatibilityChangeReporter: Compat change id reported: 135772972; UID 10173; state: DISABLED
07-29 11:00:41.226  2251  2482 D CompatibilityChangeReporter: Compat change id reported: 135754954; UID 10173; state: ENABLED
07-29 11:00:41.226  2251  2481 W ActivityManager: Rescheduling restart of crashed service com.facebook.services/com.facebook.oxygen.services.fbns.PreloadedFbnsService in 0ms for mem-pressure-event
07-29 11:00:41.227  2251  2481 W ActivityManager: Rescheduling restart of crashed service com.motorola.motocare/.MotoCareService in 0ms for mem-pressure-event
07-29 11:00:41.228  2251  2482 D CompatibilityChangeReporter: Compat change id reported: 135634846; UID 10149; state: DISABLED
07-29 11:00:41.229  2251  2482 D CompatibilityChangeReporter: Compat change id reported: 177438394; UID 10149; state: DISABLED
07-29 11:00:41.229  2251  2482 D CompatibilityChangeReporter: Compat change id reported: 135772972; UID 10149; state: DISABLED
07-29 11:00:41.229  2251  2482 D CompatibilityChangeReporter: Compat change id reported: 135754954; UID 10149; state: ENABLED
07-29 11:00:41.229  2251  2482 D CompatibilityChangeReporter: Compat change id reported: 135634846; UID 10222; state: DISABLED
07-29 11:00:41.230  2251  2482 D CompatibilityChangeReporter: Compat change id reported: 177438394; UID 10222; state: DISABLED
07-29 11:00:41.230  2251  2482 D CompatibilityChangeReporter: Compat change id reported: 135772972; UID 10222; state: DISABLED
07-29 11:00:41.230  2251  2482 D CompatibilityChangeReporter: Compat change id reported: 135754954; UID 10222; state: ENABLED
07-29 11:00:41.232  2251  4021 D CompatibilityChangeReporter: Compat change id reported: 168419799; UID 10283; state: DISABLED
07-29 11:00:41.249  2251  2483 I ActivityManager: Start proc 21775:com.motorola.android.fota/u0a228 for service {com.motorola.android.fota/com.motorola.android.fota.FotaController}
07-29 11:00:41.262  2251  2483 I ActivityManager: Start proc 21779:com.motorola.ccc.ota/u0a228 for service {com.motorola.ccc.ota/com.motorola.ccc.ota.env.OtaService}
07-29 11:00:41.263  2251  2483 D CompatibilityChangeReporter: Compat change id reported: 143937733; UID 10173; state: ENABLED
07-29 11:00:41.272  2251  2483 I ActivityManager: Start proc 21786:com.motorola.carriersettingsext/u0a173 for service {com.motorola.carriersettingsext/com.motorola.carriersettingsext.dataroaming.DataRoamingPhoneStateService}
07-29 11:00:41.272  2251  2483 D CompatibilityChangeReporter: Compat change id reported: 143937733; UID 10149; state: ENABLED
07-29 11:00:41.283  2251  2483 W ActivityManager: Slow operation: 55ms so far, now at startProcess: returned from zygote!
07-29 11:00:41.283  2251  2483 W ActivityManager: Slow operation: 55ms so far, now at startProcess: done updating battery stats
07-29 11:00:41.283  2251  2483 W ActivityManager: Slow operation: 55ms so far, now at startProcess: building log message
